../project/at_commands_ST87M01.c:9:6:at_set_baudrate	16	static
../project/at_commands_ST87M01.c:14:6:at_echo_on	16	static
../project/at_commands_ST87M01.c:19:6:at_echo_off	16	static
../project/at_commands_ST87M01.c:25:6:at_set_at_gpio	32	static
../project/at_commands_ST87M01.c:33:6:at_get_at_gpio	32	static
../project/at_commands_ST87M01.c:40:6:at_power_on	16	static
../project/at_commands_ST87M01.c:44:6:at_power_state	16	static
../project/at_commands_ST87M01.c:49:6:at_power_off	16	static
../project/at_commands_ST87M01.c:56:6:at_check	16	static
../project/at_commands_ST87M01.c:63:6:at_gnss_signal	16	static
../project/at_commands_ST87M01.c:76:6:at_sim_status	16	static
../project/at_commands_ST87M01.c:81:6:at_network_mode	16	static
../project/at_commands_ST87M01.c:86:6:at_set_band	16	static
../project/at_commands_ST87M01.c:91:6:at_network_reg_status	16	static
../project/at_commands_ST87M01.c:97:6:at_setup_lte	16	static
../project/at_commands_ST87M01.c:102:6:at_gprs_init	16	static
../project/at_commands_ST87M01.c:107:6:at_gprs_attatch	16	static
../project/at_commands_ST87M01.c:113:6:at_ping	80	static
../project/at_commands_ST87M01.c:120:6:at_network_attach_request	16	static
../project/at_commands_ST87M01.c:125:6:at_set_apn	80	static
../project/at_commands_ST87M01.c:133:6:at_set_ip_config	16	static
../project/at_commands_ST87M01.c:138:6:at_init_http_connection	16	static
../project/at_commands_ST87M01.c:162:6:at_set_ip_headers	16	static
../project/at_commands_ST87M01.c:167:6:at_lte_send	152	static
../project/at_commands_ST87M01.c:176:6:at_network_pdp_activate	80	static
../project/at_commands_ST87M01.c:184:6:at_nb_iot_send	48	static
../project/at_commands_ST87M01.c:193:6:mobile_sendCommand	24	static
../project/at_commands_ST87M01.c:200:6:gnss_sendCommand	24	static
