Archive member included to satisfy reference by file (symbol)

/opt/st/stm32cubeide_1.18.0/plugins/com.st.stm32cube.ide.mcu.externaltools.gnu-tools-for-stm32.13.3.rel1.linux64_1.0.0.202410170706/tools/bin/../lib/gcc/arm-none-eabi/13.3.1/../../../../arm-none-eabi/lib/thumb/v7e-m+dp/hard/libc_nano.a(libc_a-exit.o)
                              /opt/st/stm32cubeide_1.18.0/plugins/com.st.stm32cube.ide.mcu.externaltools.gnu-tools-for-stm32.13.3.rel1.linux64_1.0.0.202410170706/tools/bin/../lib/gcc/arm-none-eabi/13.3.1/../../../../arm-none-eabi/lib/thumb/v7e-m+dp/hard/crt0.o (exit)
/opt/st/stm32cubeide_1.18.0/plugins/com.st.stm32cube.ide.mcu.externaltools.gnu-tools-for-stm32.13.3.rel1.linux64_1.0.0.202410170706/tools/bin/../lib/gcc/arm-none-eabi/13.3.1/../../../../arm-none-eabi/lib/thumb/v7e-m+dp/hard/libc_nano.a(libc_a-findfp.o)
                              /opt/st/stm32cubeide_1.18.0/plugins/com.st.stm32cube.ide.mcu.externaltools.gnu-tools-for-stm32.13.3.rel1.linux64_1.0.0.202410170706/tools/bin/../lib/gcc/arm-none-eabi/13.3.1/../../../../arm-none-eabi/lib/thumb/v7e-m+dp/hard/libc_nano.a(libc_a-exit.o) (__stdio_exit_handler)
/opt/st/stm32cubeide_1.18.0/plugins/com.st.stm32cube.ide.mcu.externaltools.gnu-tools-for-stm32.13.3.rel1.linux64_1.0.0.202410170706/tools/bin/../lib/gcc/arm-none-eabi/13.3.1/../../../../arm-none-eabi/lib/thumb/v7e-m+dp/hard/libc_nano.a(libc_a-fscanf.o)
                              ./project/at_commands_ST87M01.o (fscanf)
/opt/st/stm32cubeide_1.18.0/plugins/com.st.stm32cube.ide.mcu.externaltools.gnu-tools-for-stm32.13.3.rel1.linux64_1.0.0.202410170706/tools/bin/../lib/gcc/arm-none-eabi/13.3.1/../../../../arm-none-eabi/lib/thumb/v7e-m+dp/hard/libc_nano.a(libc_a-fwalk.o)
                              /opt/st/stm32cubeide_1.18.0/plugins/com.st.stm32cube.ide.mcu.externaltools.gnu-tools-for-stm32.13.3.rel1.linux64_1.0.0.202410170706/tools/bin/../lib/gcc/arm-none-eabi/13.3.1/../../../../arm-none-eabi/lib/thumb/v7e-m+dp/hard/libc_nano.a(libc_a-findfp.o) (_fwalk_sglue)
/opt/st/stm32cubeide_1.18.0/plugins/com.st.stm32cube.ide.mcu.externaltools.gnu-tools-for-stm32.13.3.rel1.linux64_1.0.0.202410170706/tools/bin/../lib/gcc/arm-none-eabi/13.3.1/../../../../arm-none-eabi/lib/thumb/v7e-m+dp/hard/libc_nano.a(libc_a-stdio.o)
                              /opt/st/stm32cubeide_1.18.0/plugins/com.st.stm32cube.ide.mcu.externaltools.gnu-tools-for-stm32.13.3.rel1.linux64_1.0.0.202410170706/tools/bin/../lib/gcc/arm-none-eabi/13.3.1/../../../../arm-none-eabi/lib/thumb/v7e-m+dp/hard/libc_nano.a(libc_a-findfp.o) (__sread)
/opt/st/stm32cubeide_1.18.0/plugins/com.st.stm32cube.ide.mcu.externaltools.gnu-tools-for-stm32.13.3.rel1.linux64_1.0.0.202410170706/tools/bin/../lib/gcc/arm-none-eabi/13.3.1/../../../../arm-none-eabi/lib/thumb/v7e-m+dp/hard/libc_nano.a(libc_a-memset.o)
                              /opt/st/stm32cubeide_1.18.0/plugins/com.st.stm32cube.ide.mcu.externaltools.gnu-tools-for-stm32.13.3.rel1.linux64_1.0.0.202410170706/tools/bin/../lib/gcc/arm-none-eabi/13.3.1/../../../../arm-none-eabi/lib/thumb/v7e-m+dp/hard/crt0.o (memset)
/opt/st/stm32cubeide_1.18.0/plugins/com.st.stm32cube.ide.mcu.externaltools.gnu-tools-for-stm32.13.3.rel1.linux64_1.0.0.202410170706/tools/bin/../lib/gcc/arm-none-eabi/13.3.1/../../../../arm-none-eabi/lib/thumb/v7e-m+dp/hard/libc_nano.a(libc_a-closer.o)
                              /opt/st/stm32cubeide_1.18.0/plugins/com.st.stm32cube.ide.mcu.externaltools.gnu-tools-for-stm32.13.3.rel1.linux64_1.0.0.202410170706/tools/bin/../lib/gcc/arm-none-eabi/13.3.1/../../../../arm-none-eabi/lib/thumb/v7e-m+dp/hard/libc_nano.a(libc_a-stdio.o) (_close_r)
/opt/st/stm32cubeide_1.18.0/plugins/com.st.stm32cube.ide.mcu.externaltools.gnu-tools-for-stm32.13.3.rel1.linux64_1.0.0.202410170706/tools/bin/../lib/gcc/arm-none-eabi/13.3.1/../../../../arm-none-eabi/lib/thumb/v7e-m+dp/hard/libc_nano.a(libc_a-reent.o)
                              /opt/st/stm32cubeide_1.18.0/plugins/com.st.stm32cube.ide.mcu.externaltools.gnu-tools-for-stm32.13.3.rel1.linux64_1.0.0.202410170706/tools/bin/../lib/gcc/arm-none-eabi/13.3.1/../../../../arm-none-eabi/lib/thumb/v7e-m+dp/hard/libc_nano.a(libc_a-closer.o) (errno)
/opt/st/stm32cubeide_1.18.0/plugins/com.st.stm32cube.ide.mcu.externaltools.gnu-tools-for-stm32.13.3.rel1.linux64_1.0.0.202410170706/tools/bin/../lib/gcc/arm-none-eabi/13.3.1/../../../../arm-none-eabi/lib/thumb/v7e-m+dp/hard/libc_nano.a(libc_a-impure.o)
                              /opt/st/stm32cubeide_1.18.0/plugins/com.st.stm32cube.ide.mcu.externaltools.gnu-tools-for-stm32.13.3.rel1.linux64_1.0.0.202410170706/tools/bin/../lib/gcc/arm-none-eabi/13.3.1/../../../../arm-none-eabi/lib/thumb/v7e-m+dp/hard/libc_nano.a(libc_a-fscanf.o) (_impure_ptr)
/opt/st/stm32cubeide_1.18.0/plugins/com.st.stm32cube.ide.mcu.externaltools.gnu-tools-for-stm32.13.3.rel1.linux64_1.0.0.202410170706/tools/bin/../lib/gcc/arm-none-eabi/13.3.1/../../../../arm-none-eabi/lib/thumb/v7e-m+dp/hard/libc_nano.a(libc_a-lseekr.o)
[...]
Memory Configuration

Name             Origin             Length             Attributes
RAM_D1           0x24000000         0x00080000         xrw
FLASH            0x08000000         0x00100000         xr
DTCMRAM          0x20000000         0x00020000         xrw
RAM_D2           0x30000000         0x00048000         xrw
RAM_D3           0x38000000         0x00010000         xrw
ITCMRAM          0x00000000         0x00010000         xrw
*default*        0x00000000         0xffffffff

Linker script and memory map

LOAD /opt/st/stm32cubeide_1.18.0/plugins/com.st.stm32cube.ide.mcu.externaltools.gnu-tools-for-stm32.13.3.rel1.linux64_1.0.0.202410170706/tools/bin/../lib/gcc/arm-none-eabi/13.3.1/thumb/v7e-m+dp/hard/crti.o
LOAD /opt/st/stm32cubeide_1.18.0/plugins/com.st.stm32cube.ide.mcu.externaltools.gnu-tools-for-stm32.13.3.rel1.linux64_1.0.0.202410170706/tools/bin/../lib/gcc/arm-none-eabi/13.3.1/thumb/v7e-m+dp/hard/crtbegin.o
LOAD /opt/st/stm32cubeide_1.18.0/plugins/com.st.stm32cube.ide.mcu.externaltools.gnu-tools-for-stm32.13.3.rel1.linux64_1.0.0.202410170706/tools/bin/../lib/gcc/arm-none-eabi/13.3.1/../../../../arm-none-eabi/lib/thumb/v7e-m+dp/hard/crt0.o
LOAD ./Common/Src/system_stm32h7xx_dualcore_boot_cm4_cm7.o
LOAD ./Core/Src/adc.o
LOAD ./Core/Src/freertos.o
LOAD ./Core/Src/gpio.o
LOAD ./Core/Src/main.o
LOAD ./Core/Src/memorymap.o
LOAD ./Core/Src/spi.o
LOAD ./Core/Src/stm32h7xx_hal_msp.o
LOAD ./Core/Src/stm32h7xx_hal_timebase_tim.o
LOAD ./Core/Src/stm32h7xx_it.o
LOAD ./Core/Src/syscalls.o
LOAD ./Core/Src/sysmem.o
LOAD ./Core/Src/tim.o
LOAD ./Core/Src/usart.o
LOAD ./Core/Startup/startup_stm32h755zitx.o
LOAD ./Drivers/STM32H7xx_HAL_Driver/stm32h7xx_hal.o
LOAD ./Drivers/STM32H7xx_HAL_Driver/stm32h7xx_hal_adc.o
LOAD ./Drivers/STM32H7xx_HAL_Driver/stm32h7xx_hal_adc_ex.o
LOAD ./Drivers/STM32H7xx_HAL_Driver/stm32h7xx_hal_cortex.o
LOAD ./Drivers/STM32H7xx_HAL_Driver/stm32h7xx_hal_dma.o
LOAD ./Drivers/STM32H7xx_HAL_Driver/stm32h7xx_hal_dma_ex.o
LOAD ./Drivers/STM32H7xx_HAL_Driver/stm32h7xx_hal_exti.o
LOAD ./Drivers/STM32H7xx_HAL_Driver/stm32h7xx_hal_flash.o
LOAD ./Drivers/STM32H7xx_HAL_Driver/stm32h7xx_hal_flash_ex.o
LOAD ./Drivers/STM32H7xx_HAL_Driver/stm32h7xx_hal_gpio.o
LOAD ./Drivers/STM32H7xx_HAL_Driver/stm32h7xx_hal_hsem.o
LOAD ./Drivers/STM32H7xx_HAL_Driver/stm32h7xx_hal_i2c.o
LOAD ./Drivers/STM32H7xx_HAL_Driver/stm32h7xx_hal_i2c_ex.o
LOAD ./Drivers/STM32H7xx_HAL_Driver/stm32h7xx_hal_mdma.o
LOAD ./Drivers/STM32H7xx_HAL_Driver/stm32h7xx_hal_pwr.o
LOAD ./Drivers/STM32H7xx_HAL_Driver/stm32h7xx_hal_pwr_ex.o
LOAD ./Drivers/STM32H7xx_HAL_Driver/stm32h7xx_hal_rcc.o
LOAD ./Drivers/STM32H7xx_HAL_Driver/stm32h7xx_hal_rcc_ex.o
LOAD ./Drivers/STM32H7xx_HAL_Driver/stm32h7xx_hal_spi.o
LOAD ./Drivers/STM32H7xx_HAL_Driver/stm32h7xx_hal_spi_ex.o
LOAD ./Drivers/STM32H7xx_HAL_Driver/stm32h7xx_hal_tim.o
LOAD ./Drivers/STM32H7xx_HAL_Driver/stm32h7xx_hal_tim_ex.o
LOAD ./Drivers/STM32H7xx_HAL_Driver/stm32h7xx_hal_uart.o
LOAD ./Drivers/STM32H7xx_HAL_Driver/stm32h7xx_hal_uart_ex.o
LOAD ./Middlewares/Third_Party/FreeRTOS/cmsis_os2.o
LOAD ./Middlewares/Third_Party/FreeRTOS/croutine.o
LOAD ./Middlewares/Third_Party/FreeRTOS/event_groups.o
LOAD ./Middlewares/Third_Party/FreeRTOS/heap_4.o
LOAD ./Middlewares/Third_Party/FreeRTOS/list.o
LOAD ./Middlewares/Third_Party/FreeRTOS/port.o
LOAD ./Middlewares/Third_Party/FreeRTOS/queue.o
LOAD ./Middlewares/Third_Party/FreeRTOS/stream_buffer.o
LOAD ./Middlewares/Third_Party/FreeRTOS/tasks.o
LOAD ./Middlewares/Third_Party/FreeRTOS/timers.o
LOAD ./project/at_commands_ST87M01.o
LOAD ./project/idle_task.o
LOAD ./project/package.o
LOAD ./project/one_wire/ds18b20.o
LOAD ./project/one_wire/onewire.o
LOAD ./project/task_behavior/batteries_task.o
LOAD ./project/task_behavior/cnss_task.o
LOAD ./project/task_behavior/imu_task.o
LOAD ./project/task_behavior/nb_iot_task.o
LOAD ./project/task_behavior/sd_card_task.o
LOAD ./project/task_behavior/temp_task.o
START GROUP
LOAD /opt/st/stm32cubeide_1.18.0/plugins/com.st.stm32cube.ide.mcu.externaltools.gnu-tools-for-stm32.13.3.rel1.linux64_1.0.0.202410170706/tools/bin/../lib/gcc/arm-none-eabi/13.3.1/../../../../arm-none-eabi/lib/thumb/v7e-m+dp/hard/libc_nano.a
LOAD /opt/st/stm32cubeide_1.18.0/plugins/com.st.stm32cube.ide.mcu.externaltools.gnu-tools-for-stm32.13.3.rel1.linux64_1.0.0.202410170706/tools/bin/../lib/gcc/arm-none-eabi/13.3.1/../../../../arm-none-eabi/lib/thumb/v7e-m+dp/hard/libm.a
END GROUP
START GROUP
LOAD /opt/st/stm32cubeide_1.18.0/plugins/com.st.stm32cube.ide.mcu.externaltools.gnu-tools-for-stm32.13.3.rel1.linux64_1.0.0.202410170706/tools/bin/../lib/gcc/arm-none-eabi/13.3.1/thumb/v7e-m+dp/hard/libgcc.a
LOAD /opt/st/stm32cubeide_1.18.0/plugins/com.st.stm32cube.ide.mcu.externaltools.gnu-tools-for-stm32.13.3.rel1.linux64_1.0.0.202410170706/tools/bin/../lib/gcc/arm-none-eabi/13.3.1/../../../../arm-none-eabi/lib/thumb/v7e-m+dp/hard/libc_nano.a
END GROUP
START GROUP
LOAD /opt/st/stm32cubeide_1.18.0/plugins/com.st.stm32cube.ide.mcu.externaltools.gnu-tools-for-stm32.13.3.rel1.linux64_1.0.0.202410170706/tools/bin/../lib/gcc/arm-none-eabi/13.3.1/thumb/v7e-m+dp/hard/libgcc.a
LOAD /opt/st/stm32cubeide_1.18.0/plugins/com.st.stm32cube.ide.mcu.externaltools.gnu-tools-for-stm32.13.3.rel1.linux64_1.0.0.202410170706/tools/bin/../lib/gcc/arm-none-eabi/13.3.1/../../../../arm-none-eabi/lib/thumb/v7e-m+dp/hard/libc_nano.a
LOAD /opt/st/stm32cubeide_1.18.0/plugins/com.st.stm32cube.ide.mcu.externaltools.gnu-tools-for-stm32.13.3.rel1.linux64_1.0.0.202410170706/tools/bin/../lib/gcc/arm-none-eabi/13.3.1/../../../../arm-none-eabi/lib/thumb/v7e-m+dp/hard/libnosys.a
END GROUP
START GROUP
LOAD /opt/st/stm32cubeide_1.18.0/plugins/com.st.stm32cube.ide.mcu.externaltools.gnu-tools-for-stm32.13.3.rel1.linux64_1.0.0.202410170706/tools/bin/../lib/gcc/arm-none-eabi/13.3.1/thumb/v7e-m+dp/hard/libgcc.a
LOAD /opt/st/stm32cubeide_1.18.0/plugins/com.st.stm32cube.ide.mcu.externaltools.gnu-tools-for-stm32.13.3.rel1.linux64_1.0.0.202410170706/tools/bin/../lib/gcc/arm-none-eabi/13.3.1/../../../../arm-none-eabi/lib/thumb/v7e-m+dp/hard/libc_nano.a
LOAD /opt/st/stm32cubeide_1.18.0/plugins/com.st.stm32cube.ide.mcu.externaltools.gnu-tools-for-stm32.13.3.rel1.linux64_1.0.0.202410170706/tools/bin/../lib/gcc/arm-none-eabi/13.3.1/../../../../arm-none-eabi/lib/thumb/v7e-m+dp/hard/libnosys.a
END GROUP
LOAD /opt/st/stm32cubeide_1.18.0/plugins/com.st.stm32cube.ide.mcu.externaltools.gnu-tools-for-stm32.13.3.rel1.linux64_1.0.0.202410170706/tools/bin/../lib/gcc/arm-none-eabi/13.3.1/thumb/v7e-m+dp/hard/crtend.o
LOAD /opt/st/stm32cubeide_1.18.0/plugins/com.st.stm32cube.ide.mcu.externaltools.gnu-tools-for-stm32.13.3.rel1.linux64_1.0.0.202410170706/tools/bin/../lib/gcc/arm-none-eabi/13.3.1/thumb/v7e-m+dp/hard/crtn.o
                0x24080000                        _estack = (ORIGIN (RAM_D1) + LENGTH (RAM_D1))
                0x00000200                        _Min_Heap_Size = 0x200
                0x00000400                        _Min_Stack_Size = 0x400

.isr_vector     0x08000000      0x298
                0x08000000                        . = ALIGN (0x4)
 *(.isr_vector)
 .isr_vector    0x08000000      0x298 ./Core/Startup/startup_stm32h755zitx.o
                0x08000000                g_pfnVectors
                0x08000298                        . = ALIGN (0x4)

.text           0x080002a0     0xd810
                0x080002a0                        . = ALIGN (0x4)
 *(.text)
 .text          0x080002a0       0x40 /opt/st/stm32cubeide_1.18.0/plugins/com.st.stm32cube.ide.mcu.externaltools.gnu-tools-for-stm32.13.3.rel1.linux64_1.0.0.202410170706/tools/bin/../lib/gcc/arm-none-eabi/13.3.1/thumb/v7e-m+dp/hard/crtbegin.o
 .text          0x080002e0       0x30 /opt/st/stm32cubeide_1.18.0/plugins/com.st.stm32cube.ide.mcu.externaltools.gnu-tools-for-stm32.13.3.rel1.linux64_1.0.0.202410170706/tools/bin/../lib/gcc/arm-none-eabi/13.3.1/thumb/v7e-m+dp/hard/libgcc.a(_aeabi_uldivmod.o)
                0x080002e0                __aeabi_uldivmod
 .text          0x08000310      0x2f8 /opt/st/stm32cubeide_1.18.0/plugins/com.st.stm32cube.ide.mcu.externaltools.gnu-tools-for-stm32.13.3.rel1.linux64_1.0.0.202410170706/tools/bin/../lib/gcc/arm-none-eabi/13.3.1/thumb/v7e-m+dp/hard/libgcc.a(_udivmoddi4.o)
                0x08000310                __udivmoddi4
 .text          0x08000608        0x4 /opt/st/stm32cubeide_1.18.0/plugins/com.st.stm32cube.ide.mcu.externaltools.gnu-tools-for-stm32.13.3.rel1.linux64_1.0.0.202410170706/tools/bin/../lib/gcc/arm-none-eabi/13.3.1/thumb/v7e-m+dp/hard/libgcc.a(_dvmd_tls.o)
                0x08000608                __aeabi_ldiv0
                0x08000608                __aeabi_idiv0
 *(.text*)
 .text.SystemInit
                0x0800060c      0x15c ./Common/Src/system_stm32h7xx_dualcore_boot_cm4_cm7.o
                0x0800060c                SystemInit
 .text.ExitRun0Mode
                0x08000768       0x30 ./Common/Src/system_stm32h7xx_dualcore_boot_cm4_cm7.o
                0x08000768                ExitRun0Mode
 .text.MX_ADC1_Init
                0x08000798       0xf8 ./Core/Src/adc.o
                0x08000798                MX_ADC1_Init
 .text.HAL_ADC_MspInit
                0x08000890       0xe4 ./Core/Src/adc.o
                0x08000890                HAL_ADC_MspInit
 .text.MX_FREERTOS_Init
                0x08000974       0xcc ./Core/Src/freertos.o
                0x08000974                MX_FREERTOS_Init
 .text.MX_GPIO_Init
                0x08000a40      0x170 ./Core/Src/gpio.o
                0x08000a40                MX_GPIO_Init
 .text.main     0x08000bb0       0xb4 ./Core/Src/main.o
                0x08000bb0                main
 .text.SystemClock_Config
                0x08000c64       0xf8 ./Core/Src/main.o
                0x08000c64                SystemClock_Config
 .text.HAL_TIM_PeriodElapsedCallback
                0x08000d5c       0x24 ./Core/Src/main.o
                0x08000d5c                HAL_TIM_PeriodElapsedCallback
 .text.Error_Handler
                0x08000d80        0xc ./Core/Src/main.o
                0x08000d80                Error_Handler
 .text.MX_SPI1_Init
                0x08000d8c       0xac ./Core/Src/spi.o
                0x08000d8c                MX_SPI1_Init
 .text.HAL_SPI_MspInit
                0x08000e38      0x11c ./Core/Src/spi.o
                0x08000e38                HAL_SPI_MspInit
 .text.HAL_MspInit
                0x08000f54       0x3c ./Core/Src/stm32h7xx_hal_msp.o
                0x08000f54                HAL_MspInit
 .text.HAL_InitTick
                0x08000f90       0xc0 ./Core/Src/stm32h7xx_hal_timebase_tim.o
                0x08000f90                HAL_InitTick
 .text.NMI_Handler
                0x08001050        0x8 ./Core/Src/stm32h7xx_it.o
                0x08001050                NMI_Handler
 .text.HardFault_Handler
                0x08001058        0x8 ./Core/Src/stm32h7xx_it.o
                0x08001058                HardFault_Handler
 .text.MemManage_Handler
                0x08001060        0x8 ./Core/Src/stm32h7xx_it.o
                0x08001060                MemManage_Handler
 .text.BusFault_Handler
                0x08001068        0x8 ./Core/Src/stm32h7xx_it.o
                0x08001068                BusFault_Handler
 .text.UsageFault_Handler
                0x08001070        0x8 ./Core/Src/stm32h7xx_it.o
                0x08001070                UsageFault_Handler
 .text.DebugMon_Handler
                0x08001078        0xe ./Core/Src/stm32h7xx_it.o
                0x08001078                DebugMon_Handler
 *fill*         0x08001086        0x2 
 .text.TIM1_UP_IRQHandler
                0x08001088       0x14 ./Core/Src/stm32h7xx_it.o
                0x08001088                TIM1_UP_IRQHandler
 .text.USART3_IRQHandler
                0x0800109c       0x14 ./Core/Src/stm32h7xx_it.o
                0x0800109c                USART3_IRQHandler
 .text.MX_TIM3_Init
                0x080010b0       0x9c ./Core/Src/tim.o
                0x080010b0                MX_TIM3_Init
 .text.HAL_TIM_Base_MspInit
                0x0800114c       0x44 ./Core/Src/tim.o
                0x0800114c                HAL_TIM_Base_MspInit
 .text.MX_USART3_UART_Init
                0x08001190       0x98 ./Core/Src/usart.o
                0x08001190                MX_USART3_UART_Init
 .text.HAL_UART_MspInit
                0x08001228       0xe4 ./Core/Src/usart.o
                0x08001228                HAL_UART_MspInit
 .text.Reset_Handler
                0x0800130c       0x54 ./Core/Startup/startup_stm32h755zitx.o
                0x0800130c                Reset_Handler
 .text.Default_Handler
                0x08001360        0x2 ./Core/Startup/startup_stm32h755zitx.o
                0x08001360                RTC_Alarm_IRQHandler
                0x08001360                HASH_RNG_IRQHandler
                0x08001360                EXTI2_IRQHandler
                0x08001360                TIM8_CC_IRQHandler
                0x08001360                HRTIM1_Master_IRQHandler
                0x08001360                UART8_IRQHandler
                0x08001360                SPI4_IRQHandler
                0x08001360                TIM1_CC_IRQHandler
                0x08001360                BDMA_Channel6_IRQHandler
                0x08001360                DMA2_Stream5_IRQHandler
                0x08001360                HRTIM1_FLT_IRQHandler
                0x08001360                JPEG_IRQHandler
                0x08001360                DMA1_Stream5_IRQHandler
                0x08001360                BDMA_Channel1_IRQHandler
                0x08001360                HRTIM1_TIMD_IRQHandler
                0x08001360                TAMP_STAMP_IRQHandler
                0x08001360                EXTI3_IRQHandler
                0x08001360                LPTIM4_IRQHandler
                0x08001360                TIM8_TRG_COM_TIM14_IRQHandler
                0x08001360                LPTIM2_IRQHandler
                0x08001360                DFSDM1_FLT1_IRQHandler
                0x08001360                DMAMUX2_OVR_IRQHandler
                0x08001360                TIM8_UP_TIM13_IRQHandler
                0x08001360                I2C3_ER_IRQHandler
                0x08001360                DFSDM1_FLT2_IRQHandler
                0x08001360                MDMA_IRQHandler
                0x08001360                LPTIM3_IRQHandler
                0x08001360                HSEM1_IRQHandler
                0x08001360                EXTI0_IRQHandler
                0x08001360                I2C2_EV_IRQHandler
                0x08001360                DMA1_Stream2_IRQHandler
                0x08001360                FPU_IRQHandler
                0x08001360                OTG_HS_WKUP_IRQHandler
                0x08001360                FDCAN1_IT1_IRQHandler
                0x08001360                LTDC_ER_IRQHandler
                0x08001360                DMA2_Stream2_IRQHandler
                0x08001360                HRTIM1_TIME_IRQHandler
                0x08001360                SPI1_IRQHandler
                0x08001360                TIM6_DAC_IRQHandler
                0x08001360                DCMI_IRQHandler
                0x08001360                HRTIM1_TIMC_IRQHandler
                0x08001360                DMA2_Stream3_IRQHandler
                0x08001360                SAI2_IRQHandler
                0x08001360                DFSDM1_FLT3_IRQHandler
                0x08001360                USART6_IRQHandler
                0x08001360                TIM17_IRQHandler
                0x08001360                BDMA_Channel7_IRQHandler
                0x08001360                CRYP_IRQHandler
                0x08001360                LPTIM5_IRQHandler
                0x08001360                UART5_IRQHandler
                0x08001360                ADC3_IRQHandler
                0x08001360                DMA2_Stream0_IRQHandler
                0x08001360                TIM4_IRQHandler
                0x08001360                BDMA_Channel2_IRQHandler
                0x08001360                QUADSPI_IRQHandler
                0x08001360                I2C1_EV_IRQHandler
                0x08001360                DMA1_Stream6_IRQHandler
                0x08001360                DMAMUX1_OVR_IRQHandler
                0x08001360                DMA1_Stream1_IRQHandler
                0x08001360                TIM16_IRQHandler
                0x08001360                UART4_IRQHandler
                0x08001360                BDMA_Channel5_IRQHandler
                0x08001360                TIM3_IRQHandler
                0x08001360                RCC_IRQHandler
                0x08001360                TIM8_BRK_TIM12_IRQHandler
                0x08001360                TIM1_TRG_COM_IRQHandler
                0x08001360                Default_Handler
                0x08001360                ECC_IRQHandler
                0x08001360                CEC_IRQHandler
                0x08001360                EXTI15_10_IRQHandler
                0x08001360                BDMA_Channel0_IRQHandler
                0x08001360                ADC_IRQHandler
                0x08001360                DMA1_Stream7_IRQHandler
                0x08001360                HRTIM1_TIMA_IRQHandler
                0x08001360                SPI5_IRQHandler
                0x08001360                TIM7_IRQHandler
                0x08001360                SDMMC1_IRQHandler
                0x08001360                TIM5_IRQHandler
                0x08001360                DMA2_Stream7_IRQHandler
                0x08001360                TIM15_IRQHandler
                0x08001360                PVD_AVD_IRQHandler
                0x08001360                I2C3_EV_IRQHandler
                0x08001360                EXTI9_5_IRQHandler
                0x08001360                RTC_WKUP_IRQHandler
                0x08001360                LTDC_IRQHandler
                0x08001360                SAI3_IRQHandler
                0x08001360                ETH_WKUP_IRQHandler
                0x08001360                SPDIF_RX_IRQHandler
                0x08001360                SPI2_IRQHandler
                0x08001360                OTG_HS_EP1_IN_IRQHandler
                0x08001360                DMA1_Stream0_IRQHandler
                0x08001360                CRS_IRQHandler
                0x08001360                CM7_SEV_IRQHandler
                0x08001360                EXTI4_IRQHandler
                0x08001360                CM4_SEV_IRQHandler
                0x08001360                HRTIM1_TIMB_IRQHandler
                0x08001360                FDCAN2_IT1_IRQHandler
                0x08001360                ETH_IRQHandler
                0x08001360                WWDG_RST_IRQHandler
                0x08001360                BDMA_Channel4_IRQHandler
                0x08001360                OTG_HS_EP1_OUT_IRQHandler
                0x08001360                WWDG_IRQHandler
                0x08001360                SPI6_IRQHandler
                0x08001360                MDIOS_IRQHandler
                0x08001360                I2C4_EV_IRQHandler
                0x08001360                FDCAN2_IT0_IRQHandler
                0x08001360                LPUART1_IRQHandler
                0x08001360                FDCAN1_IT0_IRQHandler
                0x08001360                TIM2_IRQHandler
                0x08001360                OTG_FS_WKUP_IRQHandler
                0x08001360                OTG_HS_IRQHandler
                0x08001360                HSEM2_IRQHandler
                0x08001360                DMA2D_IRQHandler
                0x08001360                TIM1_BRK_IRQHandler
                0x08001360                EXTI1_IRQHandler
                0x08001360                SDMMC2_IRQHandler
                0x08001360                OTG_FS_EP1_OUT_IRQHandler
                0x08001360                BDMA_Channel3_IRQHandler
                0x08001360                HOLD_CORE_IRQHandler
                0x08001360                UART7_IRQHandler
                0x08001360                MDIOS_WKUP_IRQHandler
                0x08001360                USART2_IRQHandler
                0x08001360                DFSDM1_FLT0_IRQHandler
                0x08001360                SAI4_IRQHandler
                0x08001360                I2C2_ER_IRQHandler
                0x08001360                DMA2_Stream1_IRQHandler
                0x08001360                FLASH_IRQHandler
                0x08001360                DMA2_Stream4_IRQHandler
                0x08001360                USART1_IRQHandler
                0x08001360                OTG_FS_IRQHandler
                0x08001360                SPI3_IRQHandler
                0x08001360                WAKEUP_PIN_IRQHandler
                0x08001360                DMA1_Stream4_IRQHandler
                0x08001360                OTG_FS_EP1_IN_IRQHandler
                0x08001360                I2C1_ER_IRQHandler
                0x08001360                FMC_IRQHandler
                0x08001360                FDCAN_CAL_IRQHandler
                0x08001360                SWPMI1_IRQHandler
                0x08001360                COMP1_IRQHandler
                0x08001360                LPTIM1_IRQHandler
                0x08001360                I2C4_ER_IRQHandler
                0x08001360                DMA2_Stream6_IRQHandler
                0x08001360                SAI1_IRQHandler
                0x08001360                DMA1_Stream3_IRQHandler
 *fill*         0x08001362        0x2 
 .text.HAL_Init
                0x08001364       0x78 ./Drivers/STM32H7xx_HAL_Driver/stm32h7xx_hal.o
                0x08001364                HAL_Init
 .text.HAL_IncTick
                0x080013dc       0x28 ./Drivers/STM32H7xx_HAL_Driver/stm32h7xx_hal.o
                0x080013dc                HAL_IncTick
 .text.HAL_GetTick
                0x08001404       0x18 ./Drivers/STM32H7xx_HAL_Driver/stm32h7xx_hal.o
                0x08001404                HAL_GetTick
 .text.HAL_Delay
                0x0800141c       0x48 ./Drivers/STM32H7xx_HAL_Driver/stm32h7xx_hal.o
                0x0800141c                HAL_Delay
 .text.HAL_GetREVID
                0x08001464       0x18 ./Drivers/STM32H7xx_HAL_Driver/stm32h7xx_hal.o
                0x08001464                HAL_GetREVID
 .text.LL_ADC_SetCommonClock
                0x0800147c       0x26 ./Drivers/STM32H7xx_HAL_Driver/stm32h7xx_hal_adc.o
 .text.LL_ADC_SetCommonPathInternalCh
                0x080014a2       0x26 ./Drivers/STM32H7xx_HAL_Driver/stm32h7xx_hal_adc.o
 .text.LL_ADC_GetCommonPathInternalCh
                0x080014c8       0x1c ./Drivers/STM32H7xx_HAL_Driver/stm32h7xx_hal_adc.o
 .text.LL_ADC_SetChannelPreselection
                0x080014e4       0x66 ./Drivers/STM32H7xx_HAL_Driver/stm32h7xx_hal_adc.o
 .text.LL_ADC_SetOffset
                0x0800154a       0x40 ./Drivers/STM32H7xx_HAL_Driver/stm32h7xx_hal_adc.o
 .text.LL_ADC_SetDataRightShift
                0x0800158a       0x32 ./Drivers/STM32H7xx_HAL_Driver/stm32h7xx_hal_adc.o
 .text.LL_ADC_SetOffsetSignedSaturation
                0x080015bc       0x36 ./Drivers/STM32H7xx_HAL_Driver/stm32h7xx_hal_adc.o
 .text.LL_ADC_REG_SetSequencerRanks
                0x080015f2       0x58 ./Drivers/STM32H7xx_HAL_Driver/stm32h7xx_hal_adc.o
 .text.LL_ADC_SetChannelSamplingTime
                0x0800164a       0x56 ./Drivers/STM32H7xx_HAL_Driver/stm32h7xx_hal_adc.o
 .text.LL_ADC_SetChannelSingleDiff
                0x080016a0       0x48 ./Drivers/STM32H7xx_HAL_Driver/stm32h7xx_hal_adc.o
 .text.LL_ADC_GetMultimode
                0x080016e8       0x1c ./Drivers/STM32H7xx_HAL_Driver/stm32h7xx_hal_adc.o
 .text.LL_ADC_DisableDeepPowerDown
                0x08001704       0x24 ./Drivers/STM32H7xx_HAL_Driver/stm32h7xx_hal_adc.o
 .text.LL_ADC_IsDeepPowerDownEnabled
                0x08001728       0x28 ./Drivers/STM32H7xx_HAL_Driver/stm32h7xx_hal_adc.o
 .text.LL_ADC_EnableInternalRegulator
                0x08001750       0x28 ./Drivers/STM32H7xx_HAL_Driver/stm32h7xx_hal_adc.o
 .text.LL_ADC_IsInternalRegulatorEnabled
                0x08001778       0x28 ./Drivers/STM32H7xx_HAL_Driver/stm32h7xx_hal_adc.o
 .text.LL_ADC_Enable
                0x080017a0       0x28 ./Drivers/STM32H7xx_HAL_Driver/stm32h7xx_hal_adc.o
 .text.LL_ADC_IsEnabled
                0x080017c8       0x26 ./Drivers/STM32H7xx_HAL_Driver/stm32h7xx_hal_adc.o
 *fill*         0x080017ee        0x2 
 .text.LL_ADC_REG_StartConversion
                0x080017f0       0x28 ./Drivers/STM32H7xx_HAL_Driver/stm32h7xx_hal_adc.o
 .text.LL_ADC_REG_IsConversionOngoing
                0x08001818       0x26 ./Drivers/STM32H7xx_HAL_Driver/stm32h7xx_hal_adc.o
 .text.LL_ADC_INJ_IsConversionOngoing
                0x0800183e       0x26 ./Drivers/STM32H7xx_HAL_Driver/stm32h7xx_hal_adc.o
 .text.HAL_ADC_Init
                0x08001864      0x344 ./Drivers/STM32H7xx_HAL_Driver/stm32h7xx_hal_adc.o
                0x08001864                HAL_ADC_Init
 .text.HAL_ADC_Start_IT
                0x08001ba8      0x27c ./Drivers/STM32H7xx_HAL_Driver/stm32h7xx_hal_adc.o
                0x08001ba8                HAL_ADC_Start_IT
 .text.HAL_ADC_GetValue
                0x08001e24       0x1a ./Drivers/STM32H7xx_HAL_Driver/stm32h7xx_hal_adc.o
                0x08001e24                HAL_ADC_GetValue
 *fill*         0x08001e3e        0x2 
 .text.HAL_ADC_ConfigChannel
                0x08001e40      0x5e0 ./Drivers/STM32H7xx_HAL_Driver/stm32h7xx_hal_adc.o
                0x08001e40                HAL_ADC_ConfigChannel
 .text.ADC_Enable
                0x08002420      0x114 ./Drivers/STM32H7xx_HAL_Driver/stm32h7xx_hal_adc.o
                0x08002420                ADC_Enable
 .text.ADC_ConfigureBoostMode
                0x08002534      0x218 ./Drivers/STM32H7xx_HAL_Driver/stm32h7xx_hal_adc.o
                0x08002534                ADC_ConfigureBoostMode
 .text.LL_ADC_IsEnabled
                0x0800274c       0x26 ./Drivers/STM32H7xx_HAL_Driver/stm32h7xx_hal_adc_ex.o
 .text.LL_ADC_REG_IsConversionOngoing
                0x08002772       0x26 ./Drivers/STM32H7xx_HAL_Driver/stm32h7xx_hal_adc_ex.o
 .text.HAL_ADCEx_MultiModeConfigChannel
                0x08002798      0x1bc ./Drivers/STM32H7xx_HAL_Driver/stm32h7xx_hal_adc_ex.o
                0x08002798                HAL_ADCEx_MultiModeConfigChannel
 .text.__NVIC_SetPriorityGrouping
                0x08002954       0x48 ./Drivers/STM32H7xx_HAL_Driver/stm32h7xx_hal_cortex.o
 .text.__NVIC_GetPriorityGrouping
                0x0800299c       0x1c ./Drivers/STM32H7xx_HAL_Driver/stm32h7xx_hal_cortex.o
 .text.__NVIC_EnableIRQ
                0x080029b8       0x3c ./Drivers/STM32H7xx_HAL_Driver/stm32h7xx_hal_cortex.o
 .text.__NVIC_SetPriority
                0x080029f4       0x54 ./Drivers/STM32H7xx_HAL_Driver/stm32h7xx_hal_cortex.o
 .text.NVIC_EncodePriority
                0x08002a48       0x66 ./Drivers/STM32H7xx_HAL_Driver/stm32h7xx_hal_cortex.o
 .text.HAL_NVIC_SetPriorityGrouping
                0x08002aae       0x16 ./Drivers/STM32H7xx_HAL_Driver/stm32h7xx_hal_cortex.o
                0x08002aae                HAL_NVIC_SetPriorityGrouping
 .text.HAL_NVIC_SetPriority
                0x08002ac4       0x34 ./Drivers/STM32H7xx_HAL_Driver/stm32h7xx_hal_cortex.o
                0x08002ac4                HAL_NVIC_SetPriority
 .text.HAL_NVIC_EnableIRQ
                0x08002af8       0x1c ./Drivers/STM32H7xx_HAL_Driver/stm32h7xx_hal_cortex.o
                0x08002af8                HAL_NVIC_EnableIRQ
 .text.HAL_DMA_Abort
                0x08002b14      0x63c ./Drivers/STM32H7xx_HAL_Driver/stm32h7xx_hal_dma.o
                0x08002b14                HAL_DMA_Abort
 .text.HAL_DMA_Abort_IT
                0x08003150      0x48c ./Drivers/STM32H7xx_HAL_Driver/stm32h7xx_hal_dma.o
                0x08003150                HAL_DMA_Abort_IT
 .text.HAL_GPIO_Init
                0x080035dc      0x360 ./Drivers/STM32H7xx_HAL_Driver/stm32h7xx_hal_gpio.o
                0x080035dc                HAL_GPIO_Init
 .text.HAL_GPIO_ReadPin
                0x0800393c       0x30 ./Drivers/STM32H7xx_HAL_Driver/stm32h7xx_hal_gpio.o
                0x0800393c                HAL_GPIO_ReadPin
 .text.HAL_HSEM_FastTake
                0x0800396c       0x34 ./Drivers/STM32H7xx_HAL_Driver/stm32h7xx_hal_hsem.o
                0x0800396c                HAL_HSEM_FastTake
 .text.HAL_HSEM_Release
                0x080039a0       0x28 ./Drivers/STM32H7xx_HAL_Driver/stm32h7xx_hal_hsem.o
                0x080039a0                HAL_HSEM_Release
 .text.HAL_PWREx_ConfigSupply
                0x080039c8       0xb4 ./Drivers/STM32H7xx_HAL_Driver/stm32h7xx_hal_pwr_ex.o
                0x080039c8                HAL_PWREx_ConfigSupply
 .text.HAL_RCC_OscConfig
                0x08003a7c      0x8b4 ./Drivers/STM32H7xx_HAL_Driver/stm32h7xx_hal_rcc.o
                0x08003a7c                HAL_RCC_OscConfig
 .text.HAL_RCC_ClockConfig
                0x08004330      0x36c ./Drivers/STM32H7xx_HAL_Driver/stm32h7xx_hal_rcc.o
                0x08004330                HAL_RCC_ClockConfig
 .text.HAL_RCC_GetSysClockFreq
                0x0800469c      0x2f4 ./Drivers/STM32H7xx_HAL_Driver/stm32h7xx_hal_rcc.o
                0x0800469c                HAL_RCC_GetSysClockFreq
 .text.HAL_RCC_GetHCLKFreq
                0x08004990       0x60 ./Drivers/STM32H7xx_HAL_Driver/stm32h7xx_hal_rcc.o
                0x08004990                HAL_RCC_GetHCLKFreq
 .text.HAL_RCC_GetPCLK1Freq
                0x080049f0       0x2c ./Drivers/STM32H7xx_HAL_Driver/stm32h7xx_hal_rcc.o
                0x080049f0                HAL_RCC_GetPCLK1Freq
 .text.HAL_RCC_GetPCLK2Freq
                0x08004a1c       0x2c ./Drivers/STM32H7xx_HAL_Driver/stm32h7xx_hal_rcc.o
                0x08004a1c                HAL_RCC_GetPCLK2Freq
 .text.HAL_RCC_GetClockConfig
                0x08004a48       0x84 ./Drivers/STM32H7xx_HAL_Driver/stm32h7xx_hal_rcc.o
                0x08004a48                HAL_RCC_GetClockConfig
 .text.HAL_RCCEx_PeriphCLKConfig
                0x08004acc     0x1414 ./Drivers/STM32H7xx_HAL_Driver/stm32h7xx_hal_rcc_ex.o
                0x08004acc                HAL_RCCEx_PeriphCLKConfig
 .text.HAL_RCCEx_GetPeriphCLKFreq
                0x08005ee0      0xb00 ./Drivers/STM32H7xx_HAL_Driver/stm32h7xx_hal_rcc_ex.o
                0x08005ee0                HAL_RCCEx_GetPeriphCLKFreq
 .text.HAL_RCCEx_GetD3PCLK1Freq
                0x080069e0       0x2c ./Drivers/STM32H7xx_HAL_Driver/stm32h7xx_hal_rcc_ex.o
                0x080069e0                HAL_RCCEx_GetD3PCLK1Freq
 .text.HAL_RCCEx_GetPLL2ClockFreq
                0x08006a0c      0x2a8 ./Drivers/STM32H7xx_HAL_Driver/stm32h7xx_hal_rcc_ex.o
                0x08006a0c                HAL_RCCEx_GetPLL2ClockFreq
 .text.HAL_RCCEx_GetPLL3ClockFreq
                0x08006cb4      0x2a8 ./Drivers/STM32H7xx_HAL_Driver/stm32h7xx_hal_rcc_ex.o
                0x08006cb4                HAL_RCCEx_GetPLL3ClockFreq
 .text.HAL_RCCEx_GetPLL1ClockFreq
                0x08006f5c      0x2a4 ./Drivers/STM32H7xx_HAL_Driver/stm32h7xx_hal_rcc_ex.o
                0x08006f5c                HAL_RCCEx_GetPLL1ClockFreq
 .text.RCCEx_PLL2_Config
                0x08007200      0x164 ./Drivers/STM32H7xx_HAL_Driver/stm32h7xx_hal_rcc_ex.o
 .text.RCCEx_PLL3_Config
                0x08007364      0x164 ./Drivers/STM32H7xx_HAL_Driver/stm32h7xx_hal_rcc_ex.o
 .text.HAL_SPI_Init
                0x080074c8      0x248 ./Drivers/STM32H7xx_HAL_Driver/stm32h7xx_hal_spi.o
                0x080074c8                HAL_SPI_Init
 .text.SPI_GetPacketSize
                0x08007710       0x36 ./Drivers/STM32H7xx_HAL_Driver/stm32h7xx_hal_spi.o
 .text.HAL_TIM_Base_Init
                0x08007746       0xae ./Drivers/STM32H7xx_HAL_Driver/stm32h7xx_hal_tim.o
                0x08007746                HAL_TIM_Base_Init
 .text.HAL_TIM_Base_Start
                0x080077f4       0xe0 ./Drivers/STM32H7xx_HAL_Driver/stm32h7xx_hal_tim.o
                0x080077f4                HAL_TIM_Base_Start
 .text.HAL_TIM_Base_Start_IT
                0x080078d4       0xf0 ./Drivers/STM32H7xx_HAL_Driver/stm32h7xx_hal_tim.o
                0x080078d4                HAL_TIM_Base_Start_IT
 .text.HAL_TIM_IRQHandler
                0x080079c4      0x20e ./Drivers/STM32H7xx_HAL_Driver/stm32h7xx_hal_tim.o
                0x080079c4                HAL_TIM_IRQHandler
 *fill*         0x08007bd2        0x2 
 .text.HAL_TIM_ConfigClockSource
                0x08007bd4      0x1f0 ./Drivers/STM32H7xx_HAL_Driver/stm32h7xx_hal_tim.o
                0x08007bd4                HAL_TIM_ConfigClockSource
 .text.HAL_TIM_OC_DelayElapsedCallback
                0x08007dc4       0x14 ./Drivers/STM32H7xx_HAL_Driver/stm32h7xx_hal_tim.o
                0x08007dc4                HAL_TIM_OC_DelayElapsedCallback
 .text.HAL_TIM_IC_CaptureCallback
                0x08007dd8       0x14 ./Drivers/STM32H7xx_HAL_Driver/stm32h7xx_hal_tim.o
                0x08007dd8                HAL_TIM_IC_CaptureCallback
 .text.HAL_TIM_PWM_PulseFinishedCallback
                0x08007dec       0x14 ./Drivers/STM32H7xx_HAL_Driver/stm32h7xx_hal_tim.o
                0x08007dec                HAL_TIM_PWM_PulseFinishedCallback
 .text.HAL_TIM_TriggerCallback
                0x08007e00       0x14 ./Drivers/STM32H7xx_HAL_Driver/stm32h7xx_hal_tim.o
                0x08007e00                HAL_TIM_TriggerCallback
 .text.TIM_Base_SetConfig
                0x08007e14      0x140 ./Drivers/STM32H7xx_HAL_Driver/stm32h7xx_hal_tim.o
                0x08007e14                TIM_Base_SetConfig
 .text.TIM_TI1_ConfigInputStage
                0x08007f54       0x5e ./Drivers/STM32H7xx_HAL_Driver/stm32h7xx_hal_tim.o
 .text.TIM_TI2_ConfigInputStage
                0x08007fb2       0x60 ./Drivers/STM32H7xx_HAL_Driver/stm32h7xx_hal_tim.o
 *fill*         0x08008012        0x2 
 .text.TIM_ITRx_SetConfig
                0x08008014       0x3c ./Drivers/STM32H7xx_HAL_Driver/stm32h7xx_hal_tim.o
 .text.TIM_ETR_SetConfig
                0x08008050       0x40 ./Drivers/STM32H7xx_HAL_Driver/stm32h7xx_hal_tim.o
                0x08008050                TIM_ETR_SetConfig
 .text.HAL_TIMEx_MasterConfigSynchronization
                0x08008090      0x11c ./Drivers/STM32H7xx_HAL_Driver/stm32h7xx_hal_tim_ex.o
                0x08008090                HAL_TIMEx_MasterConfigSynchronization
 .text.HAL_TIMEx_CommutCallback
                0x080081ac       0x14 ./Drivers/STM32H7xx_HAL_Driver/stm32h7xx_hal_tim_ex.o
                0x080081ac                HAL_TIMEx_CommutCallback
 .text.HAL_TIMEx_BreakCallback
                0x080081c0       0x14 ./Drivers/STM32H7xx_HAL_Driver/stm32h7xx_hal_tim_ex.o
                0x080081c0                HAL_TIMEx_BreakCallback
 .text.HAL_TIMEx_Break2Callback
                0x080081d4       0x14 ./Drivers/STM32H7xx_HAL_Driver/stm32h7xx_hal_tim_ex.o
                0x080081d4                HAL_TIMEx_Break2Callback
 .text.HAL_UART_Init
                0x080081e8       0xa0 ./Drivers/STM32H7xx_HAL_Driver/stm32h7xx_hal_uart.o
                0x080081e8                HAL_UART_Init
 .text.HAL_UART_Transmit_IT
                0x08008288      0x128 ./Drivers/STM32H7xx_HAL_Driver/stm32h7xx_hal_uart.o
                0x08008288                HAL_UART_Transmit_IT
 .text.HAL_UART_IRQHandler
                0x080083b0      0x7ac ./Drivers/STM32H7xx_HAL_Driver/stm32h7xx_hal_uart.o
                0x080083b0                HAL_UART_IRQHandler
 .text.HAL_UART_TxCpltCallback
                0x08008b5c       0x14 ./Drivers/STM32H7xx_HAL_Driver/stm32h7xx_hal_uart.o
                0x08008b5c                HAL_UART_TxCpltCallback
 .text.HAL_UART_ErrorCallback
                0x08008b70       0x14 ./Drivers/STM32H7xx_HAL_Driver/stm32h7xx_hal_uart.o
                0x08008b70                HAL_UART_ErrorCallback
 .text.HAL_UARTEx_RxEventCallback
                0x08008b84       0x18 ./Drivers/STM32H7xx_HAL_Driver/stm32h7xx_hal_uart.o
                0x08008b84                HAL_UARTEx_RxEventCallback
 .text.UART_SetConfig
                0x08008b9c      0xad0 ./Drivers/STM32H7xx_HAL_Driver/stm32h7xx_hal_uart.o
                0x08008b9c                UART_SetConfig
 .text.UART_AdvFeatureConfig
                0x0800966c      0x144 ./Drivers/STM32H7xx_HAL_Driver/stm32h7xx_hal_uart.o
                0x0800966c                UART_AdvFeatureConfig
 .text.UART_CheckIdleState
                0x080097b0      0x154 ./Drivers/STM32H7xx_HAL_Driver/stm32h7xx_hal_uart.o
                0x080097b0                UART_CheckIdleState
 .text.UART_WaitOnFlagUntilTimeout
                0x08009904       0xda ./Drivers/STM32H7xx_HAL_Driver/stm32h7xx_hal_uart.o
                0x08009904                UART_WaitOnFlagUntilTimeout
 *fill*         0x080099de        0x2 
 .text.UART_EndRxTransfer
                0x080099e0       0xcc ./Drivers/STM32H7xx_HAL_Driver/stm32h7xx_hal_uart.o
 .text.UART_DMAAbortOnError
                0x08009aac       0x24 ./Drivers/STM32H7xx_HAL_Driver/stm32h7xx_hal_uart.o
 .text.UART_TxISR_8BIT
                0x08009ad0       0xb8 ./Drivers/STM32H7xx_HAL_Driver/stm32h7xx_hal_uart.o
 .text.UART_TxISR_16BIT
                0x08009b88       0xc2 ./Drivers/STM32H7xx_HAL_Driver/stm32h7xx_hal_uart.o
 .text.UART_TxISR_8BIT_FIFOEN
                0x08009c4a       0xe0 ./Drivers/STM32H7xx_HAL_Driver/stm32h7xx_hal_uart.o
 .text.UART_TxISR_16BIT_FIFOEN
                0x08009d2a       0xea ./Drivers/STM32H7xx_HAL_Driver/stm32h7xx_hal_uart.o
 .text.UART_EndTransmit_IT
                0x08009e14       0x56 ./Drivers/STM32H7xx_HAL_Driver/stm32h7xx_hal_uart.o
 .text.HAL_UARTEx_WakeupCallback
                0x08009e6a       0x14 ./Drivers/STM32H7xx_HAL_Driver/stm32h7xx_hal_uart_ex.o
                0x08009e6a                HAL_UARTEx_WakeupCallback
 .text.HAL_UARTEx_RxFifoFullCallback
                0x08009e7e       0x14 ./Drivers/STM32H7xx_HAL_Driver/stm32h7xx_hal_uart_ex.o
                0x08009e7e                HAL_UARTEx_RxFifoFullCallback
 .text.HAL_UARTEx_TxFifoEmptyCallback
                0x08009e92       0x14 ./Drivers/STM32H7xx_HAL_Driver/stm32h7xx_hal_uart_ex.o
                0x08009e92                HAL_UARTEx_TxFifoEmptyCallback
 .text.HAL_UARTEx_DisableFifoMode
                0x08009ea6       0x72 ./Drivers/STM32H7xx_HAL_Driver/stm32h7xx_hal_uart_ex.o
                0x08009ea6                HAL_UARTEx_DisableFifoMode
 .text.HAL_UARTEx_SetTxFifoThreshold
                0x08009f18       0x7c ./Drivers/STM32H7xx_HAL_Driver/stm32h7xx_hal_uart_ex.o
                0x08009f18                HAL_UARTEx_SetTxFifoThreshold
 .text.HAL_UARTEx_SetRxFifoThreshold
                0x08009f94       0x7c ./Drivers/STM32H7xx_HAL_Driver/stm32h7xx_hal_uart_ex.o
                0x08009f94                HAL_UARTEx_SetRxFifoThreshold
 .text.UARTEx_SetNbDataToProcess
                0x0800a010       0x9c ./Drivers/STM32H7xx_HAL_Driver/stm32h7xx_hal_uart_ex.o
 .text.__NVIC_SetPriority
                0x0800a0ac       0x54 ./Middlewares/Third_Party/FreeRTOS/cmsis_os2.o
 .text.SysTick_Handler
                0x0800a100       0x20 ./Middlewares/Third_Party/FreeRTOS/cmsis_os2.o
                0x0800a100                SysTick_Handler
 .text.SVC_Setup
                0x0800a120       0x12 ./Middlewares/Third_Party/FreeRTOS/cmsis_os2.o
 *fill*         0x0800a132        0x2 
 .text.osKernelInitialize
                0x0800a134       0x48 ./Middlewares/Third_Party/FreeRTOS/cmsis_os2.o
                0x0800a134                osKernelInitialize
 .text.osKernelStart
                0x0800a17c       0x4c ./Middlewares/Third_Party/FreeRTOS/cmsis_os2.o
                0x0800a17c                osKernelStart
 .text.osThreadNew
                0x0800a1c8      0x124 ./Middlewares/Third_Party/FreeRTOS/cmsis_os2.o
                0x0800a1c8                osThreadNew
 .text.osThreadYield
                0x0800a2ec       0x40 ./Middlewares/Third_Party/FreeRTOS/cmsis_os2.o
                0x0800a2ec                osThreadYield
 .text.osDelay  0x0800a32c       0x36 ./Middlewares/Third_Party/FreeRTOS/cmsis_os2.o
                0x0800a32c                osDelay
 *fill*         0x0800a362        0x2 
 .text.vApplicationGetIdleTaskMemory
                0x0800a364       0x34 ./Middlewares/Third_Party/FreeRTOS/cmsis_os2.o
                0x0800a364                vApplicationGetIdleTaskMemory
 .text.vApplicationGetTimerTaskMemory
                0x0800a398       0x34 ./Middlewares/Third_Party/FreeRTOS/cmsis_os2.o
                0x0800a398                vApplicationGetTimerTaskMemory
 .text.pvPortMalloc
                0x0800a3cc      0x19c ./Middlewares/Third_Party/FreeRTOS/heap_4.o
                0x0800a3cc                pvPortMalloc
 .text.vPortFree
                0x0800a568       0xc8 ./Middlewares/Third_Party/FreeRTOS/heap_4.o
                0x0800a568                vPortFree
 .text.prvHeapInit
                0x0800a630       0xc4 ./Middlewares/Third_Party/FreeRTOS/heap_4.o
 .text.prvInsertBlockIntoFreeList
                0x0800a6f4       0xb4 ./Middlewares/Third_Party/FreeRTOS/heap_4.o
 .text.vListInitialise
                0x0800a7a8       0x40 ./Middlewares/Third_Party/FreeRTOS/list.o
                0x0800a7a8                vListInitialise
 .text.vListInitialiseItem
                0x0800a7e8       0x1a ./Middlewares/Third_Party/FreeRTOS/list.o
                0x0800a7e8                vListInitialiseItem
 .text.vListInsertEnd
                0x0800a802       0x48 ./Middlewares/Third_Party/FreeRTOS/list.o
                0x0800a802                vListInsertEnd
 .text.vListInsert
                0x0800a84a       0x72 ./Middlewares/Third_Party/FreeRTOS/list.o
                0x0800a84a                vListInsert
 .text.uxListRemove
                0x0800a8bc       0x54 ./Middlewares/Third_Party/FreeRTOS/list.o
                0x0800a8bc                uxListRemove
 .text.pxPortInitialiseStack
                0x0800a910       0x68 ./Middlewares/Third_Party/FreeRTOS/port.o
                0x0800a910                pxPortInitialiseStack
 .text.prvTaskExitError
                0x0800a978       0x5c ./Middlewares/Third_Party/FreeRTOS/port.o
 *fill*         0x0800a9d4        0xc 
 .text.SVC_Handler
                0x0800a9e0       0x28 ./Middlewares/Third_Party/FreeRTOS/port.o
                0x0800a9e0                SVC_Handler
 .text.prvPortStartFirstTask
                0x0800aa08       0x28 ./Middlewares/Third_Party/FreeRTOS/port.o
 .text.xPortStartScheduler
                0x0800aa30      0x148 ./Middlewares/Third_Party/FreeRTOS/port.o
                0x0800aa30                xPortStartScheduler
 .text.vPortEnterCritical
                0x0800ab78       0x64 ./Middlewares/Third_Party/FreeRTOS/port.o
                0x0800ab78                vPortEnterCritical
 .text.vPortExitCritical
                0x0800abdc       0x54 ./Middlewares/Third_Party/FreeRTOS/port.o
                0x0800abdc                vPortExitCritical
 .text.PendSV_Handler
                0x0800ac30       0x68 ./Middlewares/Third_Party/FreeRTOS/port.o
                0x0800ac30                PendSV_Handler
 .text.xPortSysTickHandler
                0x0800ac98       0x44 ./Middlewares/Third_Party/FreeRTOS/port.o
                0x0800ac98                xPortSysTickHandler
 .text.vPortSetupTimerInterrupt
                0x0800acdc       0x48 ./Middlewares/Third_Party/FreeRTOS/port.o
                0x0800acdc                vPortSetupTimerInterrupt
 .text.vPortEnableVFP
                0x0800ad24       0x14 ./Middlewares/Third_Party/FreeRTOS/port.o
 .text.vPortValidateInterruptPriority
                0x0800ad38       0x84 ./Middlewares/Third_Party/FreeRTOS/port.o
                0x0800ad38                vPortValidateInterruptPriority
 .text.xQueueGenericReset
                0x0800adbc       0xd4 ./Middlewares/Third_Party/FreeRTOS/queue.o
                0x0800adbc                xQueueGenericReset
 .text.xQueueGenericCreateStatic
                0x0800ae90       0xfa ./Middlewares/Third_Party/FreeRTOS/queue.o
                0x0800ae90                xQueueGenericCreateStatic
 .text.prvInitialiseNewQueue
                0x0800af8a       0x46 ./Middlewares/Third_Party/FreeRTOS/queue.o
 .text.xQueueGenericSend
                0x0800afd0      0x204 ./Middlewares/Third_Party/FreeRTOS/queue.o
                0x0800afd0                xQueueGenericSend
 .text.xQueueGenericSendFromISR
                0x0800b1d4      0x13c ./Middlewares/Third_Party/FreeRTOS/queue.o
                0x0800b1d4                xQueueGenericSendFromISR
 .text.xQueueReceive
                0x0800b310      0x1c4 ./Middlewares/Third_Party/FreeRTOS/queue.o
                0x0800b310                xQueueReceive
 .text.prvCopyDataToQueue
                0x0800b4d4       0xd4 ./Middlewares/Third_Party/FreeRTOS/queue.o
 .text.prvCopyDataFromQueue
                0x0800b5a8       0x4c ./Middlewares/Third_Party/FreeRTOS/queue.o
 .text.prvUnlockQueue
                0x0800b5f4       0xa4 ./Middlewares/Third_Party/FreeRTOS/queue.o
 .text.prvIsQueueEmpty
                0x0800b698       0x2c ./Middlewares/Third_Party/FreeRTOS/queue.o
 .text.prvIsQueueFull
                0x0800b6c4       0x30 ./Middlewares/Third_Party/FreeRTOS/queue.o
 .text.vQueueAddToRegistry
                0x0800b6f4       0x54 ./Middlewares/Third_Party/FreeRTOS/queue.o
                0x0800b6f4                vQueueAddToRegistry
 .text.vQueueWaitForMessageRestricted
                0x0800b748       0x68 ./Middlewares/Third_Party/FreeRTOS/queue.o
                0x0800b748                vQueueWaitForMessageRestricted
 .text.xTaskCreateStatic
                0x0800b7b0       0xc0 ./Middlewares/Third_Party/FreeRTOS/tasks.o
                0x0800b7b0                xTaskCreateStatic
 .text.xTaskCreate
                0x0800b870       0x8a ./Middlewares/Third_Party/FreeRTOS/tasks.o
                0x0800b870                xTaskCreate
 .text.prvInitialiseNewTask
                0x0800b8fa      0x120 ./Middlewares/Third_Party/FreeRTOS/tasks.o
 *fill*         0x0800ba1a        0x2 
 .text.prvAddNewTaskToReadyList
                0x0800ba1c       0xe0 ./Middlewares/Third_Party/FreeRTOS/tasks.o
 .text.vTaskDelete
                0x0800bafc       0xe8 ./Middlewares/Third_Party/FreeRTOS/tasks.o
                0x0800bafc                vTaskDelete
 .text.vTaskDelay
                0x0800bbe4       0x6c ./Middlewares/Third_Party/FreeRTOS/tasks.o
                0x0800bbe4                vTaskDelay
 .text.vTaskStartScheduler
                0x0800bc50       0xd0 ./Middlewares/Third_Party/FreeRTOS/tasks.o
                0x0800bc50                vTaskStartScheduler
 .text.vTaskSuspendAll
                0x0800bd20       0x1c ./Middlewares/Third_Party/FreeRTOS/tasks.o
                0x0800bd20                vTaskSuspendAll
 .text.xTaskResumeAll
                0x0800bd3c      0x13c ./Middlewares/Third_Party/FreeRTOS/tasks.o
                0x0800bd3c                xTaskResumeAll
 .text.xTaskGetTickCount
                0x0800be78       0x20 ./Middlewares/Third_Party/FreeRTOS/tasks.o
                0x0800be78                xTaskGetTickCount
 .text.xTaskIncrementTick
                0x0800be98      0x174 ./Middlewares/Third_Party/FreeRTOS/tasks.o
                0x0800be98                xTaskIncrementTick
 .text.vTaskSwitchContext
                0x0800c00c       0xbc ./Middlewares/Third_Party/FreeRTOS/tasks.o
                0x0800c00c                vTaskSwitchContext
 .text.vTaskPlaceOnEventList
                0x0800c0c8       0x4c ./Middlewares/Third_Party/FreeRTOS/tasks.o
                0x0800c0c8                vTaskPlaceOnEventList
 .text.vTaskPlaceOnEventListRestricted
                0x0800c114       0x58 ./Middlewares/Third_Party/FreeRTOS/tasks.o
                0x0800c114                vTaskPlaceOnEventListRestricted
 .text.xTaskRemoveFromEventList
                0x0800c16c       0xc8 ./Middlewares/Third_Party/FreeRTOS/tasks.o
                0x0800c16c                xTaskRemoveFromEventList
 .text.vTaskInternalSetTimeOutState
                0x0800c234       0x2c ./Middlewares/Third_Party/FreeRTOS/tasks.o
                0x0800c234                vTaskInternalSetTimeOutState
 .text.xTaskCheckForTimeOut
                0x0800c260       0xc8 ./Middlewares/Third_Party/FreeRTOS/tasks.o
                0x0800c260                xTaskCheckForTimeOut
 .text.vTaskMissedYield
                0x0800c328       0x18 ./Middlewares/Third_Party/FreeRTOS/tasks.o
                0x0800c328                vTaskMissedYield
 .text.prvIdleTask
                0x0800c340       0x30 ./Middlewares/Third_Party/FreeRTOS/tasks.o
 .text.prvInitialiseTaskLists
                0x0800c370       0x80 ./Middlewares/Third_Party/FreeRTOS/tasks.o
 .text.prvCheckTasksWaitingTermination
                0x0800c3f0       0x5c ./Middlewares/Third_Party/FreeRTOS/tasks.o
 .text.prvDeleteTCB
                0x0800c44c       0x60 ./Middlewares/Third_Party/FreeRTOS/tasks.o
 .text.prvResetNextTaskUnblockTime
                0x0800c4ac       0x40 ./Middlewares/Third_Party/FreeRTOS/tasks.o
 .text.xTaskGetSchedulerState
                0x0800c4ec       0x3c ./Middlewares/Third_Party/FreeRTOS/tasks.o
                0x0800c4ec                xTaskGetSchedulerState
 .text.xTaskPriorityDisinherit
                0x0800c528       0xe0 ./Middlewares/Third_Party/FreeRTOS/tasks.o
                0x0800c528                xTaskPriorityDisinherit
 .text.prvAddCurrentTaskToDelayedList
                0x0800c608       0xa8 ./Middlewares/Third_Party/FreeRTOS/tasks.o
 .text.xTimerCreateTimerTask
                0x0800c6b0       0x94 ./Middlewares/Third_Party/FreeRTOS/timers.o
                0x0800c6b0                xTimerCreateTimerTask
 .text.xTimerGenericCommand
                0x0800c744       0x9c ./Middlewares/Third_Party/FreeRTOS/timers.o
                0x0800c744                xTimerGenericCommand
 .text.prvProcessExpiredTimer
                0x0800c7e0       0x9c ./Middlewares/Third_Party/FreeRTOS/timers.o
 .text.prvTimerTask
                0x0800c87c       0x26 ./Middlewares/Third_Party/FreeRTOS/timers.o
 *fill*         0x0800c8a2        0x2 
 .text.prvProcessTimerOrBlockTask
                0x0800c8a4       0x9c ./Middlewares/Third_Party/FreeRTOS/timers.o
 .text.prvGetNextExpireTime
                0x0800c940       0x48 ./Middlewares/Third_Party/FreeRTOS/timers.o
 .text.prvSampleTimeNow
                0x0800c988       0x40 ./Middlewares/Third_Party/FreeRTOS/timers.o
 .text.prvInsertTimerInActiveList
                0x0800c9c8       0x84 ./Middlewares/Third_Party/FreeRTOS/timers.o
 .text.prvProcessReceivedCommands
                0x0800ca4c      0x1cc ./Middlewares/Third_Party/FreeRTOS/timers.o
 .text.prvSwitchTimerLists
                0x0800cc18       0xcc ./Middlewares/Third_Party/FreeRTOS/timers.o
 .text.prvCheckForValidListAndQueue
                0x0800cce4       0x80 ./Middlewares/Third_Party/FreeRTOS/timers.o
 .text.idle_task
                0x0800cd64        0xc ./project/idle_task.o
                0x0800cd64                idle_task
 .text.Ds18b20_Init
                0x0800cd70       0x2c ./project/one_wire/ds18b20.o
                0x0800cd70                Ds18b20_Init
 .text.Task_Ds18b20
                0x0800cd9c      0x1d4 ./project/one_wire/ds18b20.o
                0x0800cd9c                Task_Ds18b20
 .text.DS18B20_StartAll
                0x0800cf70       0x26 ./project/one_wire/ds18b20.o
                0x0800cf70                DS18B20_StartAll
 *fill*         0x0800cf96        0x2 
 .text.DS18B20_Read
                0x0800cf98      0x204 ./project/one_wire/ds18b20.o
                0x0800cf98                DS18B20_Read
 .text.DS18B20_SetResolution
                0x0800d19c      0x110 ./project/one_wire/ds18b20.o
                0x0800d19c                DS18B20_SetResolution
 .text.DS18B20_Is
                0x0800d2ac       0x22 ./project/one_wire/ds18b20.o
                0x0800d2ac                DS18B20_Is
 .text.DS18B20_DisableAlarmTemperature
                0x0800d2ce       0xb6 ./project/one_wire/ds18b20.o
                0x0800d2ce                DS18B20_DisableAlarmTemperature
 .text.DS18B20_AllDone
                0x0800d384       0x18 ./project/one_wire/ds18b20.o
                0x0800d384                DS18B20_AllDone
 .text.ONEWIRE_DELAY
                0x0800d39c       0x34 ./project/one_wire/onewire.o
                0x0800d39c                ONEWIRE_DELAY
 .text.ONEWIRE_LOW
                0x0800d3d0       0x22 ./project/one_wire/onewire.o
                0x0800d3d0                ONEWIRE_LOW
 .text.ONEWIRE_HIGH
                0x0800d3f2       0x1e ./project/one_wire/onewire.o
                0x0800d3f2                ONEWIRE_HIGH
 .text.ONEWIRE_INPUT
                0x0800d410       0x32 ./project/one_wire/onewire.o
                0x0800d410                ONEWIRE_INPUT
 .text.ONEWIRE_OUTPUT
                0x0800d442       0x32 ./project/one_wire/onewire.o
                0x0800d442                ONEWIRE_OUTPUT
 .text.OneWire_Init
                0x0800d474       0x5c ./project/one_wire/onewire.o
                0x0800d474                OneWire_Init
 .text.OneWire_Reset
                0x0800d4d0       0x54 ./project/one_wire/onewire.o
                0x0800d4d0                OneWire_Reset
 .text.OneWire_WriteBit
                0x0800d524       0x64 ./project/one_wire/onewire.o
                0x0800d524                OneWire_WriteBit
 .text.OneWire_ReadBit
                0x0800d588       0x54 ./project/one_wire/onewire.o
                0x0800d588                OneWire_ReadBit
 .text.OneWire_WriteByte
                0x0800d5dc       0x3c ./project/one_wire/onewire.o
                0x0800d5dc                OneWire_WriteByte
 .text.OneWire_ReadByte
                0x0800d618       0x42 ./project/one_wire/onewire.o
                0x0800d618                OneWire_ReadByte
 .text.OneWire_First
                0x0800d65a       0x20 ./project/one_wire/onewire.o
                0x0800d65a                OneWire_First
 .text.OneWire_Next
                0x0800d67a       0x1a ./project/one_wire/onewire.o
                0x0800d67a                OneWire_Next
 .text.OneWire_ResetSearch
                0x0800d694       0x26 ./project/one_wire/onewire.o
                0x0800d694                OneWire_ResetSearch
 .text.OneWire_Search
                0x0800d6ba      0x18c ./project/one_wire/onewire.o
                0x0800d6ba                OneWire_Search
 .text.OneWire_SelectWithPointer
                0x0800d846       0x3e ./project/one_wire/onewire.o
                0x0800d846                OneWire_SelectWithPointer
 .text.OneWire_GetFullROM
                0x0800d884       0x3a ./project/one_wire/onewire.o
                0x0800d884                OneWire_GetFullROM
 .text.OneWire_CRC8
                0x0800d8be       0x70 ./project/one_wire/onewire.o
                0x0800d8be                OneWire_CRC8
 *fill*         0x0800d92e        0x2 
 .text.batterie_task
                0x0800d930       0x44 ./project/task_behavior/batteries_task.o
                0x0800d930                batterie_task
 .text.cnss_task
                0x0800d974       0x12 ./project/task_behavior/cnss_task.o
                0x0800d974                cnss_task
 *fill*         0x0800d986        0x2 
 .text.imu_task
                0x0800d988       0x28 ./project/task_behavior/imu_task.o
                0x0800d988                imu_task
 .text.nb_iot_task
                0x0800d9b0       0x24 ./project/task_behavior/nb_iot_task.o
                0x0800d9b0                nb_iot_task
 .text.sd_card_task
                0x0800d9d4       0x24 ./project/task_behavior/sd_card_task.o
                0x0800d9d4                sd_card_task
 .text.temp_task
                0x0800d9f8       0x2c ./project/task_behavior/temp_task.o
                0x0800d9f8                temp_task
 .text.memset   0x0800da24       0x10 /opt/st/stm32cubeide_1.18.0/plugins/com.st.stm32cube.ide.mcu.externaltools.gnu-tools-for-stm32.13.3.rel1.linux64_1.0.0.202410170706/tools/bin/../lib/gcc/arm-none-eabi/13.3.1/../../../../arm-none-eabi/lib/thumb/v7e-m+dp/hard/libc_nano.a(libc_a-memset.o)
                0x0800da24                memset
 .text.__libc_init_array
                0x0800da34       0x48 /opt/st/stm32cubeide_1.18.0/plugins/com.st.stm32cube.ide.mcu.externaltools.gnu-tools-for-stm32.13.3.rel1.linux64_1.0.0.202410170706/tools/bin/../lib/gcc/arm-none-eabi/13.3.1/../../../../arm-none-eabi/lib/thumb/v7e-m+dp/hard/libc_nano.a(libc_a-init.o)
                0x0800da34                __libc_init_array
 .text.memcpy   0x0800da7c       0x1c /opt/st/stm32cubeide_1.18.0/plugins/com.st.stm32cube.ide.mcu.externaltools.gnu-tools-for-stm32.13.3.rel1.linux64_1.0.0.202410170706/tools/bin/../lib/gcc/arm-none-eabi/13.3.1/../../../../arm-none-eabi/lib/thumb/v7e-m+dp/hard/libc_nano.a(libc_a-memcpy-stub.o)
                0x0800da7c                memcpy
 *(.glue_7)
 .glue_7        0x0800da98        0x0 linker stubs
 *(.glue_7t)
 .glue_7t       0x0800da98        0x0 linker stubs
 *(.eh_frame)
 .eh_frame      0x0800da98        0x0 /opt/st/stm32cubeide_1.18.0/plugins/com.st.stm32cube.ide.mcu.externaltools.gnu-tools-for-stm32.13.3.rel1.linux64_1.0.0.202410170706/tools/bin/../lib/gcc/arm-none-eabi/13.3.1/thumb/v7e-m+dp/hard/crtbegin.o
 *(.init)
 .init          0x0800da98        0x4 /opt/st/stm32cubeide_1.18.0/plugins/com.st.stm32cube.ide.mcu.externaltools.gnu-tools-for-stm32.13.3.rel1.linux64_1.0.0.202410170706/tools/bin/../lib/gcc/arm-none-eabi/13.3.1/thumb/v7e-m+dp/hard/crti.o
                0x0800da98                _init
 .init          0x0800da9c        0x8 /opt/st/stm32cubeide_1.18.0/plugins/com.st.stm32cube.ide.mcu.externaltools.gnu-tools-for-stm32.13.3.rel1.linux64_1.0.0.202410170706/tools/bin/../lib/gcc/arm-none-eabi/13.3.1/thumb/v7e-m+dp/hard/crtn.o
 *(.fini)
 .fini          0x0800daa4        0x4 /opt/st/stm32cubeide_1.18.0/plugins/com.st.stm32cube.ide.mcu.externaltools.gnu-tools-for-stm32.13.3.rel1.linux64_1.0.0.202410170706/tools/bin/../lib/gcc/arm-none-eabi/13.3.1/thumb/v7e-m+dp/hard/crti.o
                0x0800daa4                _fini
 .fini          0x0800daa8        0x8 /opt/st/stm32cubeide_1.18.0/plugins/com.st.stm32cube.ide.mcu.externaltools.gnu-tools-for-stm32.13.3.rel1.linux64_1.0.0.202410170706/tools/bin/../lib/gcc/arm-none-eabi/13.3.1/thumb/v7e-m+dp/hard/crtn.o
                0x0800dab0                        . = ALIGN (0x4)
                0x0800dab0                        _etext = .

.vfp11_veneer   0x0800dab0        0x0
 .vfp11_veneer  0x0800dab0        0x0 linker stubs

.v4_bx          0x0800dab0        0x0
 .v4_bx         0x0800dab0        0x0 linker stubs

.iplt           0x0800dab0        0x0
 .iplt          0x0800dab0        0x0 /opt/st/stm32cubeide_1.18.0/plugins/com.st.stm32cube.ide.mcu.externaltools.gnu-tools-for-stm32.13.3.rel1.linux64_1.0.0.202410170706/tools/bin/../lib/gcc/arm-none-eabi/13.3.1/thumb/v7e-m+dp/hard/crtbegin.o

.rodata         0x0800dab0      0x1e4
                0x0800dab0                        . = ALIGN (0x4)
 *(.rodata)
 .rodata        0x0800dab0       0x35 ./Core/Src/freertos.o
 *fill*         0x0800dae5        0x3 
 .rodata        0x0800dae8        0x5 ./Middlewares/Third_Party/FreeRTOS/tasks.o
 *fill*         0x0800daed        0x3 
 .rodata        0x0800daf0        0xd ./Middlewares/Third_Party/FreeRTOS/timers.o
 *fill*         0x0800dafd        0x3 
 .rodata        0x0800db00        0xd ./project/one_wire/ds18b20.o
 *fill*         0x0800db0d        0x3 
 .rodata        0x0800db10        0x6 ./project/task_behavior/batteries_task.o
 *fill*         0x0800db16        0x2 
 .rodata        0x0800db18        0x6 ./project/task_behavior/imu_task.o
 *fill*         0x0800db1e        0x2 
 .rodata        0x0800db20        0x8 ./project/task_behavior/nb_iot_task.o
 .rodata        0x0800db28        0x9 ./project/task_behavior/sd_card_task.o
 *fill*         0x0800db31        0x3 
 .rodata        0x0800db34        0x6 ./project/task_behavior/temp_task.o
 *(.rodata*)
 *fill*         0x0800db3a        0x2 
 .rodata.D1CorePrescTable
                0x0800db3c       0x10 ./Common/Src/system_stm32h7xx_dualcore_boot_cm4_cm7.o
                0x0800db3c                D1CorePrescTable
 .rodata.idle_attributes
                0x0800db4c       0x24 ./Core/Src/freertos.o
                0x0800db4c                idle_attributes
 .rodata.nb_iot_attributes
                0x0800db70       0x24 ./Core/Src/freertos.o
                0x0800db70                nb_iot_attributes
 .rodata.cnss_attributes
                0x0800db94       0x24 ./Core/Src/freertos.o
                0x0800db94                cnss_attributes
 .rodata.sd_card_attributes
                0x0800dbb8       0x24 ./Core/Src/freertos.o
                0x0800dbb8                sd_card_attributes
 .rodata.temp_attributes
                0x0800dbdc       0x24 ./Core/Src/freertos.o
                0x0800dbdc                temp_attributes
 .rodata.imu_attributes
                0x0800dc00       0x24 ./Core/Src/freertos.o
                0x0800dc00                imu_attributes
 .rodata.batterie_attributes
                0x0800dc24       0x24 ./Core/Src/freertos.o
                0x0800dc24                batterie_attributes
 .rodata.UARTPrescTable
                0x0800dc48       0x18 ./Drivers/STM32H7xx_HAL_Driver/stm32h7xx_hal_uart.o
                0x0800dc48                UARTPrescTable
 .rodata.numerator.1
                0x0800dc60        0x8 ./Drivers/STM32H7xx_HAL_Driver/stm32h7xx_hal_uart_ex.o
 .rodata.denominator.0
                0x0800dc68        0x8 ./Drivers/STM32H7xx_HAL_Driver/stm32h7xx_hal_uart_ex.o
 .rodata.Task_Ds18b20_attributes
                0x0800dc70       0x24 ./project/one_wire/ds18b20.o
                0x0800dc70                Task_Ds18b20_attributes
                0x0800dc94                        . = ALIGN (0x4)

.ARM.extab      0x0800dc94        0x0
                0x0800dc94                        . = ALIGN (0x4)
 *(.ARM.extab* .gnu.linkonce.armextab.*)
                0x0800dc94                        . = ALIGN (0x4)

.ARM            0x0800dc94        0x8
                0x0800dc94                        . = ALIGN (0x4)
                0x0800dc94                        __exidx_start = .
 *(.ARM.exidx*)
 .ARM.exidx     0x0800dc94        0x8 /opt/st/stm32cubeide_1.18.0/plugins/com.st.stm32cube.ide.mcu.externaltools.gnu-tools-for-stm32.13.3.rel1.linux64_1.0.0.202410170706/tools/bin/../lib/gcc/arm-none-eabi/13.3.1/thumb/v7e-m+dp/hard/libgcc.a(_udivmoddi4.o)
                0x0800dc9c                        __exidx_end = .
                0x0800dc9c                        . = ALIGN (0x4)

.preinit_array  0x0800dc9c        0x0
                0x0800dc9c                        . = ALIGN (0x4)
                0x0800dc9c                        PROVIDE (__preinit_array_start = .)
 *(.preinit_array*)
                0x0800dc9c                        PROVIDE (__preinit_array_end = .)
                0x0800dc9c                        . = ALIGN (0x4)

.init_array     0x0800dc9c        0x4
                0x0800dc9c                        . = ALIGN (0x4)
                0x0800dc9c                        PROVIDE (__init_array_start = .)
 *(SORT_BY_NAME(.init_array.*))
 *(.init_array*)
 .init_array    0x0800dc9c        0x4 /opt/st/stm32cubeide_1.18.0/plugins/com.st.stm32cube.ide.mcu.externaltools.gnu-tools-for-stm32.13.3.rel1.linux64_1.0.0.202410170706/tools/bin/../lib/gcc/arm-none-eabi/13.3.1/thumb/v7e-m+dp/hard/crtbegin.o
                0x0800dca0                        PROVIDE (__init_array_end = .)
                0x0800dca0                        . = ALIGN (0x4)

.fini_array     0x0800dca0        0x4
                0x0800dca0                        . = ALIGN (0x4)
                [!provide]                        PROVIDE (__fini_array_start = .)
 *(SORT_BY_NAME(.fini_array.*))
 *(.fini_array*)
 .fini_array    0x0800dca0        0x4 /opt/st/stm32cubeide_1.18.0/plugins/com.st.stm32cube.ide.mcu.externaltools.gnu-tools-for-stm32.13.3.rel1.linux64_1.0.0.202410170706/tools/bin/../lib/gcc/arm-none-eabi/13.3.1/thumb/v7e-m+dp/hard/crtbegin.o
                [!provide]                        PROVIDE (__fini_array_end = .)
                0x0800dca4                        . = ALIGN (0x4)
                0x0800dca4                        _sidata = LOADADDR (.data)

.rel.dyn        0x0800dca4        0x0
 .rel.iplt      0x0800dca4        0x0 /opt/st/stm32cubeide_1.18.0/plugins/com.st.stm32cube.ide.mcu.externaltools.gnu-tools-for-stm32.13.3.rel1.linux64_1.0.0.202410170706/tools/bin/../lib/gcc/arm-none-eabi/13.3.1/thumb/v7e-m+dp/hard/crtbegin.o

.data           0x24000000       0x14 load address 0x0800dca4
                0x24000000                        . = ALIGN (0x4)
                0x24000000                        _sdata = .
 *(.data)
 *(.data*)
 .data.SystemCoreClock
                0x24000000        0x4 ./Common/Src/system_stm32h7xx_dualcore_boot_cm4_cm7.o
                0x24000000                SystemCoreClock
 .data.SystemD2Clock
                0x24000004        0x4 ./Common/Src/system_stm32h7xx_dualcore_boot_cm4_cm7.o
                0x24000004                SystemD2Clock
 .data.uwTickPrio
                0x24000008        0x4 ./Drivers/STM32H7xx_HAL_Driver/stm32h7xx_hal.o
                0x24000008                uwTickPrio
 .data.uwTickFreq
                0x2400000c        0x1 ./Drivers/STM32H7xx_HAL_Driver/stm32h7xx_hal.o
                0x2400000c                uwTickFreq
 *fill*         0x2400000d        0x3 
 .data.uxCriticalNesting
                0x24000010        0x4 ./Middlewares/Third_Party/FreeRTOS/port.o
 *(.RamFunc)
 *(.RamFunc*)
                0x24000014                        . = ALIGN (0x4)
                0x24000014                        _edata = .

.igot.plt       0x24000014        0x0 load address 0x0800dcb8
 .igot.plt      0x24000014        0x0 /opt/st/stm32cubeide_1.18.0/plugins/com.st.stm32cube.ide.mcu.externaltools.gnu-tools-for-stm32.13.3.rel1.linux64_1.0.0.202410170706/tools/bin/../lib/gcc/arm-none-eabi/13.3.1/thumb/v7e-m+dp/hard/crtbegin.o
                0x24000014                        . = ALIGN (0x4)

.bss            0x24000014     0x4bd4 load address 0x0800dcb8
                0x24000014                        _sbss = .
                0x24000014                        __bss_start__ = _sbss
 *(.bss)
 .bss           0x24000014       0x1c /opt/st/stm32cubeide_1.18.0/plugins/com.st.stm32cube.ide.mcu.externaltools.gnu-tools-for-stm32.13.3.rel1.linux64_1.0.0.202410170706/tools/bin/../lib/gcc/arm-none-eabi/13.3.1/thumb/v7e-m+dp/hard/crtbegin.o
 *(.bss*)
 .bss.hadc1     0x24000030       0x64 ./Core/Src/adc.o
                0x24000030                hadc1
 .bss.idleHandle
                0x24000094        0x4 ./Core/Src/freertos.o
                0x24000094                idleHandle
 .bss.nb_iotHandle
                0x24000098        0x4 ./Core/Src/freertos.o
                0x24000098                nb_iotHandle
 .bss.cnssHandle
                0x2400009c        0x4 ./Core/Src/freertos.o
                0x2400009c                cnssHandle
 .bss.sd_cardHandle
                0x240000a0        0x4 ./Core/Src/freertos.o
                0x240000a0                sd_cardHandle
 .bss.tempHandle
                0x240000a4        0x4 ./Core/Src/freertos.o
                0x240000a4                tempHandle
 .bss.imuHandle
                0x240000a8        0x4 ./Core/Src/freertos.o
                0x240000a8                imuHandle
 .bss.batterieHandle
                0x240000ac        0x4 ./Core/Src/freertos.o
                0x240000ac                batterieHandle
 .bss.hspi1     0x240000b0       0x88 ./Core/Src/spi.o
                0x240000b0                hspi1
 .bss.htim1     0x24000138       0x4c ./Core/Src/stm32h7xx_hal_timebase_tim.o
                0x24000138                htim1
 .bss.htim3     0x24000184       0x4c ./Core/Src/tim.o
                0x24000184                htim3
 .bss.huart3    0x240001d0       0x94 ./Core/Src/usart.o
                0x240001d0                huart3
 .bss.uwTick    0x24000264        0x4 ./Drivers/STM32H7xx_HAL_Driver/stm32h7xx_hal.o
                0x24000264                uwTick
 .bss.KernelState
                0x24000268        0x4 ./Middlewares/Third_Party/FreeRTOS/cmsis_os2.o
 .bss.Idle_TCB.3
                0x2400026c       0x5c ./Middlewares/Third_Party/FreeRTOS/cmsis_os2.o
 .bss.Idle_Stack.2
                0x240002c8      0x200 ./Middlewares/Third_Party/FreeRTOS/cmsis_os2.o
 .bss.Timer_TCB.1
                0x240004c8       0x5c ./Middlewares/Third_Party/FreeRTOS/cmsis_os2.o
 .bss.Timer_Stack.0
                0x24000524      0x400 ./Middlewares/Third_Party/FreeRTOS/cmsis_os2.o
 .bss.ucHeap    0x24000924     0x3c00 ./Middlewares/Third_Party/FreeRTOS/heap_4.o
 .bss.xStart    0x24004524        0x8 ./Middlewares/Third_Party/FreeRTOS/heap_4.o
 .bss.pxEnd     0x2400452c        0x4 ./Middlewares/Third_Party/FreeRTOS/heap_4.o
 .bss.xFreeBytesRemaining
                0x24004530        0x4 ./Middlewares/Third_Party/FreeRTOS/heap_4.o
 .bss.xMinimumEverFreeBytesRemaining
                0x24004534        0x4 ./Middlewares/Third_Party/FreeRTOS/heap_4.o
 .bss.xNumberOfSuccessfulAllocations
                0x24004538        0x4 ./Middlewares/Third_Party/FreeRTOS/heap_4.o
 .bss.xNumberOfSuccessfulFrees
                0x2400453c        0x4 ./Middlewares/Third_Party/FreeRTOS/heap_4.o
 .bss.xBlockAllocatedBit
                0x24004540        0x4 ./Middlewares/Third_Party/FreeRTOS/heap_4.o
 .bss.ucMaxSysCallPriority
                0x24004544        0x1 ./Middlewares/Third_Party/FreeRTOS/port.o
 *fill*         0x24004545        0x3 
 .bss.ulMaxPRIGROUPValue
                0x24004548        0x4 ./Middlewares/Third_Party/FreeRTOS/port.o
 .bss.xQueueRegistry
                0x2400454c       0x40 ./Middlewares/Third_Party/FreeRTOS/queue.o
                0x2400454c                xQueueRegistry
 .bss.pxCurrentTCB
                0x2400458c        0x4 ./Middlewares/Third_Party/FreeRTOS/tasks.o
                0x2400458c                pxCurrentTCB
 .bss.pxReadyTasksLists
                0x24004590      0x460 ./Middlewares/Third_Party/FreeRTOS/tasks.o
 .bss.xDelayedTaskList1
                0x240049f0       0x14 ./Middlewares/Third_Party/FreeRTOS/tasks.o
 .bss.xDelayedTaskList2
                0x24004a04       0x14 ./Middlewares/Third_Party/FreeRTOS/tasks.o
 .bss.pxDelayedTaskList
                0x24004a18        0x4 ./Middlewares/Third_Party/FreeRTOS/tasks.o
 .bss.pxOverflowDelayedTaskList
                0x24004a1c        0x4 ./Middlewares/Third_Party/FreeRTOS/tasks.o
 .bss.xPendingReadyList
                0x24004a20       0x14 ./Middlewares/Third_Party/FreeRTOS/tasks.o
 .bss.xTasksWaitingTermination
                0x24004a34       0x14 ./Middlewares/Third_Party/FreeRTOS/tasks.o
 .bss.uxDeletedTasksWaitingCleanUp
                0x24004a48        0x4 ./Middlewares/Third_Party/FreeRTOS/tasks.o
 .bss.xSuspendedTaskList
                0x24004a4c       0x14 ./Middlewares/Third_Party/FreeRTOS/tasks.o
 .bss.uxCurrentNumberOfTasks
                0x24004a60        0x4 ./Middlewares/Third_Party/FreeRTOS/tasks.o
 .bss.xTickCount
                0x24004a64        0x4 ./Middlewares/Third_Party/FreeRTOS/tasks.o
 .bss.uxTopReadyPriority
                0x24004a68        0x4 ./Middlewares/Third_Party/FreeRTOS/tasks.o
 .bss.xSchedulerRunning
                0x24004a6c        0x4 ./Middlewares/Third_Party/FreeRTOS/tasks.o
 .bss.xPendedTicks
                0x24004a70        0x4 ./Middlewares/Third_Party/FreeRTOS/tasks.o
 .bss.xYieldPending
                0x24004a74        0x4 ./Middlewares/Third_Party/FreeRTOS/tasks.o
 .bss.xNumOfOverflows
                0x24004a78        0x4 ./Middlewares/Third_Party/FreeRTOS/tasks.o
 .bss.uxTaskNumber
                0x24004a7c        0x4 ./Middlewares/Third_Party/FreeRTOS/tasks.o
 .bss.xNextTaskUnblockTime
                0x24004a80        0x4 ./Middlewares/Third_Party/FreeRTOS/tasks.o
 .bss.xIdleTaskHandle
                0x24004a84        0x4 ./Middlewares/Third_Party/FreeRTOS/tasks.o
 .bss.uxSchedulerSuspended
                0x24004a88        0x4 ./Middlewares/Third_Party/FreeRTOS/tasks.o
 .bss.xActiveTimerList1
                0x24004a8c       0x14 ./Middlewares/Third_Party/FreeRTOS/timers.o
 .bss.xActiveTimerList2
                0x24004aa0       0x14 ./Middlewares/Third_Party/FreeRTOS/timers.o
 .bss.pxCurrentTimerList
                0x24004ab4        0x4 ./Middlewares/Third_Party/FreeRTOS/timers.o
 .bss.pxOverflowTimerList
                0x24004ab8        0x4 ./Middlewares/Third_Party/FreeRTOS/timers.o
 .bss.xTimerQueue
                0x24004abc        0x4 ./Middlewares/Third_Party/FreeRTOS/timers.o
 .bss.xTimerTaskHandle
                0x24004ac0        0x4 ./Middlewares/Third_Party/FreeRTOS/timers.o
 .bss.xLastTime.2
                0x24004ac4        0x4 ./Middlewares/Third_Party/FreeRTOS/timers.o
 .bss.ucStaticTimerQueueStorage.1
                0x24004ac8       0xa0 ./Middlewares/Third_Party/FreeRTOS/timers.o
 .bss.xStaticTimerQueue.0
                0x24004b68       0x50 ./Middlewares/Third_Party/FreeRTOS/timers.o
 .bss.ds18b20   0x24004bb8       0x10 ./project/one_wire/ds18b20.o
                0x24004bb8                ds18b20
 .bss.OneWire   0x24004bc8       0x14 ./project/one_wire/ds18b20.o
                0x24004bc8                OneWire
 .bss.OneWireDevices
                0x24004bdc        0x1 ./project/one_wire/ds18b20.o
                0x24004bdc                OneWireDevices
 .bss.TempSensorCount
                0x24004bdd        0x1 ./project/one_wire/ds18b20.o
                0x24004bdd                TempSensorCount
 .bss.Ds18b20StartConvert
                0x24004bde        0x1 ./project/one_wire/ds18b20.o
                0x24004bde                Ds18b20StartConvert
 *fill*         0x24004bdf        0x1 
 .bss.Ds18b20Timeout
                0x24004be0        0x2 ./project/one_wire/ds18b20.o
                0x24004be0                Ds18b20Timeout
 *fill*         0x24004be2        0x2 
 .bss.Ds18b20Handle
                0x24004be4        0x4 ./project/one_wire/ds18b20.o
                0x24004be4                Ds18b20Handle
 *(COMMON)
                0x24004be8                        . = ALIGN (0x4)
                0x24004be8                        _ebss = .
                0x24004be8                        __bss_end__ = _ebss

._user_heap_stack
                0x24004be8      0x600 load address 0x0800dcb8
                0x24004be8                        . = ALIGN (0x8)
                [!provide]                        PROVIDE (end = .)
                0x24004be8                        PROVIDE (_end = .)
                0x24004de8                        . = (. + _Min_Heap_Size)
 *fill*         0x24004be8      0x200 
                0x240051e8                        . = (. + _Min_Stack_Size)
 *fill*         0x24004de8      0x400 
                0x240051e8                        . = ALIGN (0x8)

/DISCARD/
 libc.a(*)
 libm.a(*)
 libgcc.a(*)

.ARM.attributes
                0x00000000       0x2e
 *(.ARM.attributes)
 .ARM.attributes
                0x00000000       0x20 /opt/st/stm32cubeide_1.18.0/plugins/com.st.stm32cube.ide.mcu.externaltools.gnu-tools-for-stm32.13.3.rel1.linux64_1.0.0.202410170706/tools/bin/../lib/gcc/arm-none-eabi/13.3.1/thumb/v7e-m+dp/hard/crti.o
 .ARM.attributes
                0x00000020       0x32 /opt/st/stm32cubeide_1.18.0/plugins/com.st.stm32cube.ide.mcu.externaltools.gnu-tools-for-stm32.13.3.rel1.linux64_1.0.0.202410170706/tools/bin/../lib/gcc/arm-none-eabi/13.3.1/thumb/v7e-m+dp/hard/crtbegin.o
 .ARM.attributes
                0x00000052       0x32 ./Common/Src/system_stm32h7xx_dualcore_boot_cm4_cm7.o
 .ARM.attributes
                0x00000084       0x32 ./Core/Src/adc.o
 .ARM.attributes
                0x000000b6       0x32 ./Core/Src/freertos.o
 .ARM.attributes
                0x000000e8       0x32 ./Core/Src/gpio.o
 .ARM.attributes
                0x0000011a       0x32 ./Core/Src/main.o
 .ARM.attributes
                0x0000014c       0x32 ./Core/Src/spi.o
 .ARM.attributes
                0x0000017e       0x32 ./Core/Src/stm32h7xx_hal_msp.o
 .ARM.attributes
                0x000001b0       0x32 ./Core/Src/stm32h7xx_hal_timebase_tim.o
 .ARM.attributes
                0x000001e2       0x32 ./Core/Src/stm32h7xx_it.o
 .ARM.attributes
                0x00000214       0x32 ./Core/Src/tim.o
 .ARM.attributes
                0x00000246       0x32 ./Core/Src/usart.o
 .ARM.attributes
                0x00000278       0x21 ./Core/Startup/startup_stm32h755zitx.o
 .ARM.attributes
                0x00000299       0x32 ./Drivers/STM32H7xx_HAL_Driver/stm32h7xx_hal.o
 .ARM.attributes
                0x000002cb       0x32 ./Drivers/STM32H7xx_HAL_Driver/stm32h7xx_hal_adc.o
 .ARM.attributes
                0x000002fd       0x32 ./Drivers/STM32H7xx_HAL_Driver/stm32h7xx_hal_adc_ex.o
 .ARM.attributes
                0x0000032f       0x32 ./Drivers/STM32H7xx_HAL_Driver/stm32h7xx_hal_cortex.o
 .ARM.attributes
                0x00000361       0x32 ./Drivers/STM32H7xx_HAL_Driver/stm32h7xx_hal_dma.o
 .ARM.attributes
                0x00000393       0x32 ./Drivers/STM32H7xx_HAL_Driver/stm32h7xx_hal_gpio.o
 .ARM.attributes
                0x000003c5       0x32 ./Drivers/STM32H7xx_HAL_Driver/stm32h7xx_hal_hsem.o
 .ARM.attributes
                0x000003f7       0x32 ./Drivers/STM32H7xx_HAL_Driver/stm32h7xx_hal_pwr_ex.o
 .ARM.attributes
                0x00000429       0x32 ./Drivers/STM32H7xx_HAL_Driver/stm32h7xx_hal_rcc.o
 .ARM.attributes
                0x0000045b       0x32 ./Drivers/STM32H7xx_HAL_Driver/stm32h7xx_hal_rcc_ex.o
 .ARM.attributes
                0x0000048d       0x32 ./Drivers/STM32H7xx_HAL_Driver/stm32h7xx_hal_spi.o
 .ARM.attributes
                0x000004bf       0x32 ./Drivers/STM32H7xx_HAL_Driver/stm32h7xx_hal_tim.o
 .ARM.attributes
                0x000004f1       0x32 ./Drivers/STM32H7xx_HAL_Driver/stm32h7xx_hal_tim_ex.o
 .ARM.attributes
                0x00000523       0x32 ./Drivers/STM32H7xx_HAL_Driver/stm32h7xx_hal_uart.o
 .ARM.attributes
                0x00000555       0x32 ./Drivers/STM32H7xx_HAL_Driver/stm32h7xx_hal_uart_ex.o
 .ARM.attributes
                0x00000587       0x32 ./Middlewares/Third_Party/FreeRTOS/cmsis_os2.o
 .ARM.attributes
                0x000005b9       0x32 ./Middlewares/Third_Party/FreeRTOS/heap_4.o
 .ARM.attributes
                0x000005eb       0x32 ./Middlewares/Third_Party/FreeRTOS/list.o
 .ARM.attributes
                0x0000061d       0x32 ./Middlewares/Third_Party/FreeRTOS/port.o
 .ARM.attributes
                0x0000064f       0x32 ./Middlewares/Third_Party/FreeRTOS/queue.o
 .ARM.attributes
                0x00000681       0x32 ./Middlewares/Third_Party/FreeRTOS/tasks.o
 .ARM.attributes
                0x000006b3       0x32 ./Middlewares/Third_Party/FreeRTOS/timers.o
 .ARM.attributes
                0x000006e5       0x32 ./project/idle_task.o
 .ARM.attributes
                0x00000717       0x32 ./project/one_wire/ds18b20.o
 .ARM.attributes
                0x00000749       0x32 ./project/one_wire/onewire.o
 .ARM.attributes
                0x0000077b       0x32 ./project/task_behavior/batteries_task.o
 .ARM.attributes
                0x000007ad       0x32 ./project/task_behavior/cnss_task.o
 .ARM.attributes
                0x000007df       0x32 ./project/task_behavior/imu_task.o
 .ARM.attributes
                0x00000811       0x32 ./project/task_behavior/nb_iot_task.o
 .ARM.attributes
                0x00000843       0x32 ./project/task_behavior/sd_card_task.o
 .ARM.attributes
                0x00000875       0x32 ./project/task_behavior/temp_task.o
 .ARM.attributes
                0x000008a7       0x32 /opt/st/stm32cubeide_1.18.0/plugins/com.st.stm32cube.ide.mcu.externaltools.gnu-tools-for-stm32.13.3.rel1.linux64_1.0.0.202410170706/tools/bin/../lib/gcc/arm-none-eabi/13.3.1/../../../../arm-none-eabi/lib/thumb/v7e-m+dp/hard/libc_nano.a(libc_a-memset.o)
 .ARM.attributes
                0x000008d9       0x32 /opt/st/stm32cubeide_1.18.0/plugins/com.st.stm32cube.ide.mcu.externaltools.gnu-tools-for-stm32.13.3.rel1.linux64_1.0.0.202410170706/tools/bin/../lib/gcc/arm-none-eabi/13.3.1/../../../../arm-none-eabi/lib/thumb/v7e-m+dp/hard/libc_nano.a(libc_a-init.o)
 .ARM.attributes
                0x0000090b       0x32 /opt/st/stm32cubeide_1.18.0/plugins/com.st.stm32cube.ide.mcu.externaltools.gnu-tools-for-stm32.13.3.rel1.linux64_1.0.0.202410170706/tools/bin/../lib/gcc/arm-none-eabi/13.3.1/../../../../arm-none-eabi/lib/thumb/v7e-m+dp/hard/libc_nano.a(libc_a-memcpy-stub.o)
 .ARM.attributes
                0x0000093d       0x20 /opt/st/stm32cubeide_1.18.0/plugins/com.st.stm32cube.ide.mcu.externaltools.gnu-tools-for-stm32.13.3.rel1.linux64_1.0.0.202410170706/tools/bin/../lib/gcc/arm-none-eabi/13.3.1/thumb/v7e-m+dp/hard/libgcc.a(_aeabi_uldivmod.o)
 .ARM.attributes
                0x0000095d       0x32 /opt/st/stm32cubeide_1.18.0/plugins/com.st.stm32cube.ide.mcu.externaltools.gnu-tools-for-stm32.13.3.rel1.linux64_1.0.0.202410170706/tools/bin/../lib/gcc/arm-none-eabi/13.3.1/thumb/v7e-m+dp/hard/libgcc.a(_udivmoddi4.o)
 .ARM.attributes
                0x0000098f       0x20 /opt/st/stm32cubeide_1.18.0/plugins/com.st.stm32cube.ide.mcu.externaltools.gnu-tools-for-stm32.13.3.rel1.linux64_1.0.0.202410170706/tools/bin/../lib/gcc/arm-none-eabi/13.3.1/thumb/v7e-m+dp/hard/libgcc.a(_dvmd_tls.o)
 .ARM.attributes
                0x000009af       0x20 /opt/st/stm32cubeide_1.18.0/plugins/com.st.stm32cube.ide.mcu.externaltools.gnu-tools-for-stm32.13.3.rel1.linux64_1.0.0.202410170706/tools/bin/../lib/gcc/arm-none-eabi/13.3.1/thumb/v7e-m+dp/hard/crtn.o
OUTPUT(geral_test_h755zi-q_CM7.elf elf32-littlearm)
LOAD linker stubs
LOAD /opt/st/stm32cubeide_1.18.0/plugins/com.st.stm32cube.ide.mcu.externaltools.gnu-tools-for-stm32.13.3.rel1.linux64_1.0.0.202410170706/tools/bin/../lib/gcc/arm-none-eabi/13.3.1/../../../../arm-none-eabi/lib/thumb/v7e-m+dp/hard/libc.a
LOAD /opt/st/stm32cubeide_1.18.0/plugins/com.st.stm32cube.ide.mcu.externaltools.gnu-tools-for-stm32.13.3.rel1.linux64_1.0.0.202410170706/tools/bin/../lib/gcc/arm-none-eabi/13.3.1/../../../../arm-none-eabi/lib/thumb/v7e-m+dp/hard/libm.a
LOAD /opt/st/stm32cubeide_1.18.0/plugins/com.st.stm32cube.ide.mcu.externaltools.gnu-tools-for-stm32.13.3.rel1.linux64_1.0.0.202410170706/tools/bin/../lib/gcc/arm-none-eabi/13.3.1/thumb/v7e-m+dp/hard/libgcc.a

.debug_info     0x00000000    0x2ece7
 .debug_info    0x00000000      0xe73 ./Common/Src/system_stm32h7xx_dualcore_boot_cm4_cm7.o
 .debug_info    0x00000e73     0x1258 ./Core/Src/adc.o
 .debug_info    0x000020cb      0x54e ./Core/Src/freertos.o
 .debug_info    0x00002619      0x624 ./Core/Src/gpio.o
 .debug_info    0x00002c3d     0x11e4 ./Core/Src/main.o
 .debug_info    0x00003e21     0x10ad ./Core/Src/spi.o
 .debug_info    0x00004ece      0x838 ./Core/Src/stm32h7xx_hal_msp.o
 .debug_info    0x00005706     0x10be ./Core/Src/stm32h7xx_hal_timebase_tim.o
 .debug_info    0x000067c4      0xbc7 ./Core/Src/stm32h7xx_it.o
 .debug_info    0x0000738b      0xcdb ./Core/Src/tim.o
 .debug_info    0x00008066     0x14b4 ./Core/Src/usart.o
 .debug_info    0x0000951a       0x30 ./Core/Startup/startup_stm32h755zitx.o
 .debug_info    0x0000954a     0x177a ./Drivers/STM32H7xx_HAL_Driver/stm32h7xx_hal.o
 .debug_info    0x0000acc4     0x1da7 ./Drivers/STM32H7xx_HAL_Driver/stm32h7xx_hal_adc.o
 .debug_info    0x0000ca6b     0x1ec8 ./Drivers/STM32H7xx_HAL_Driver/stm32h7xx_hal_adc_ex.o
 .debug_info    0x0000e933     0x10d5 ./Drivers/STM32H7xx_HAL_Driver/stm32h7xx_hal_cortex.o
 .debug_info    0x0000fa08      0xc43 ./Drivers/STM32H7xx_HAL_Driver/stm32h7xx_hal_dma.o
 .debug_info    0x0001064b      0xd06 ./Drivers/STM32H7xx_HAL_Driver/stm32h7xx_hal_gpio.o
 .debug_info    0x00011351      0x3d3 ./Drivers/STM32H7xx_HAL_Driver/stm32h7xx_hal_hsem.o
 .debug_info    0x00011724     0x1225 ./Drivers/STM32H7xx_HAL_Driver/stm32h7xx_hal_pwr_ex.o
 .debug_info    0x00012949      0xe67 ./Drivers/STM32H7xx_HAL_Driver/stm32h7xx_hal_rcc.o
 .debug_info    0x000137b0     0x1303 ./Drivers/STM32H7xx_HAL_Driver/stm32h7xx_hal_rcc_ex.o
 .debug_info    0x00014ab3     0x144a ./Drivers/STM32H7xx_HAL_Driver/stm32h7xx_hal_spi.o
 .debug_info    0x00015efd     0x2bae ./Drivers/STM32H7xx_HAL_Driver/stm32h7xx_hal_tim.o
 .debug_info    0x00018aab     0x17eb ./Drivers/STM32H7xx_HAL_Driver/stm32h7xx_hal_tim_ex.o
 .debug_info    0x0001a296     0x4b1d ./Drivers/STM32H7xx_HAL_Driver/stm32h7xx_hal_uart.o
 .debug_info    0x0001edb3      0xfbf ./Drivers/STM32H7xx_HAL_Driver/stm32h7xx_hal_uart_ex.o
 .debug_info    0x0001fd72     0x3dab ./Middlewares/Third_Party/FreeRTOS/cmsis_os2.o
 .debug_info    0x00023b1d      0x4d5 ./Middlewares/Third_Party/FreeRTOS/heap_4.o
 .debug_info    0x00023ff2      0x2af ./Middlewares/Third_Party/FreeRTOS/list.o
 .debug_info    0x000242a1      0x4de ./Middlewares/Third_Party/FreeRTOS/port.o
 .debug_info    0x0002477f     0x1b79 ./Middlewares/Third_Party/FreeRTOS/queue.o
 .debug_info    0x000262f8     0x21ec ./Middlewares/Third_Party/FreeRTOS/tasks.o
 .debug_info    0x000284e4     0x1488 ./Middlewares/Third_Party/FreeRTOS/timers.o
 .debug_info    0x0002996c       0xb8 ./project/idle_task.o
 .debug_info    0x00029a24      0xb47 ./project/one_wire/ds18b20.o
 .debug_info    0x0002a56b      0xf73 ./project/one_wire/onewire.o
 .debug_info    0x0002b4de      0xd8c ./project/task_behavior/batteries_task.o
 .debug_info    0x0002c26a      0x135 ./project/task_behavior/cnss_task.o
 .debug_info    0x0002c39f      0xece ./project/task_behavior/imu_task.o
 .debug_info    0x0002d26d      0x85c ./project/task_behavior/nb_iot_task.o
 .debug_info    0x0002dac9      0x85c ./project/task_behavior/sd_card_task.o
 .debug_info    0x0002e325      0x9c2 ./project/task_behavior/temp_task.o

.debug_abbrev   0x00000000     0x6018
 .debug_abbrev  0x00000000      0x165 ./Common/Src/system_stm32h7xx_dualcore_boot_cm4_cm7.o
 .debug_abbrev  0x00000165      0x225 ./Core/Src/adc.o
 .debug_abbrev  0x0000038a      0x173 ./Core/Src/freertos.o
 .debug_abbrev  0x000004fd      0x158 ./Core/Src/gpio.o
 .debug_abbrev  0x00000655      0x2a8 ./Core/Src/main.o
 .debug_abbrev  0x000008fd      0x229 ./Core/Src/spi.o
 .debug_abbrev  0x00000b26      0x11c ./Core/Src/stm32h7xx_hal_msp.o
 .debug_abbrev  0x00000c42      0x212 ./Core/Src/stm32h7xx_hal_timebase_tim.o
 .debug_abbrev  0x00000e54      0x187 ./Core/Src/stm32h7xx_it.o
 .debug_abbrev  0x00000fdb      0x1f7 ./Core/Src/tim.o
 .debug_abbrev  0x000011d2      0x248 ./Core/Src/usart.o
 .debug_abbrev  0x0000141a       0x24 ./Core/Startup/startup_stm32h755zitx.o
 .debug_abbrev  0x0000143e      0x295 ./Drivers/STM32H7xx_HAL_Driver/stm32h7xx_hal.o
 .debug_abbrev  0x000016d3      0x2be ./Drivers/STM32H7xx_HAL_Driver/stm32h7xx_hal_adc.o
 .debug_abbrev  0x00001991      0x307 ./Drivers/STM32H7xx_HAL_Driver/stm32h7xx_hal_adc_ex.o
 .debug_abbrev  0x00001c98      0x339 ./Drivers/STM32H7xx_HAL_Driver/stm32h7xx_hal_cortex.o
 .debug_abbrev  0x00001fd1      0x248 ./Drivers/STM32H7xx_HAL_Driver/stm32h7xx_hal_dma.o
 .debug_abbrev  0x00002219      0x205 ./Drivers/STM32H7xx_HAL_Driver/stm32h7xx_hal_gpio.o
 .debug_abbrev  0x0000241e      0x1d3 ./Drivers/STM32H7xx_HAL_Driver/stm32h7xx_hal_hsem.o
 .debug_abbrev  0x000025f1      0x2d7 ./Drivers/STM32H7xx_HAL_Driver/stm32h7xx_hal_pwr_ex.o
 .debug_abbrev  0x000028c8      0x2c8 ./Drivers/STM32H7xx_HAL_Driver/stm32h7xx_hal_rcc.o
 .debug_abbrev  0x00002b90      0x269 ./Drivers/STM32H7xx_HAL_Driver/stm32h7xx_hal_rcc_ex.o
 .debug_abbrev  0x00002df9      0x2b1 ./Drivers/STM32H7xx_HAL_Driver/stm32h7xx_hal_spi.o
 .debug_abbrev  0x000030aa      0x276 ./Drivers/STM32H7xx_HAL_Driver/stm32h7xx_hal_tim.o
 .debug_abbrev  0x00003320      0x281 ./Drivers/STM32H7xx_HAL_Driver/stm32h7xx_hal_tim_ex.o
 .debug_abbrev  0x000035a1      0x33d ./Drivers/STM32H7xx_HAL_Driver/stm32h7xx_hal_uart.o
 .debug_abbrev  0x000038de      0x2d2 ./Drivers/STM32H7xx_HAL_Driver/stm32h7xx_hal_uart_ex.o
 .debug_abbrev  0x00003bb0      0x522 ./Middlewares/Third_Party/FreeRTOS/cmsis_os2.o
 .debug_abbrev  0x000040d2      0x21d ./Middlewares/Third_Party/FreeRTOS/heap_4.o
 .debug_abbrev  0x000042ef       0xf5 ./Middlewares/Third_Party/FreeRTOS/list.o
 .debug_abbrev  0x000043e4      0x25c ./Middlewares/Third_Party/FreeRTOS/port.o
 .debug_abbrev  0x00004640      0x3b6 ./Middlewares/Third_Party/FreeRTOS/queue.o
 .debug_abbrev  0x000049f6      0x386 ./Middlewares/Third_Party/FreeRTOS/tasks.o
 .debug_abbrev  0x00004d7c      0x352 ./Middlewares/Third_Party/FreeRTOS/timers.o
 .debug_abbrev  0x000050ce       0x5d ./project/idle_task.o
 .debug_abbrev  0x0000512b      0x31a ./project/one_wire/ds18b20.o
 .debug_abbrev  0x00005445      0x302 ./project/one_wire/onewire.o
 .debug_abbrev  0x00005747      0x1b5 ./project/task_behavior/batteries_task.o
 .debug_abbrev  0x000058fc       0xb8 ./project/task_behavior/cnss_task.o
 .debug_abbrev  0x000059b4      0x224 ./project/task_behavior/imu_task.o
 .debug_abbrev  0x00005bd8      0x162 ./project/task_behavior/nb_iot_task.o
 .debug_abbrev  0x00005d3a      0x162 ./project/task_behavior/sd_card_task.o
 .debug_abbrev  0x00005e9c      0x17c ./project/task_behavior/temp_task.o

.debug_aranges  0x00000000     0x22a0
 .debug_aranges
                0x00000000       0x30 ./Common/Src/system_stm32h7xx_dualcore_boot_cm4_cm7.o
 .debug_aranges
                0x00000030       0x30 ./Core/Src/adc.o
 .debug_aranges
                0x00000060       0x58 ./Core/Src/freertos.o
 .debug_aranges
                0x000000b8       0x20 ./Core/Src/gpio.o
 .debug_aranges
                0x000000d8       0x38 ./Core/Src/main.o
 .debug_aranges
                0x00000110       0x30 ./Core/Src/spi.o
 .debug_aranges
                0x00000140       0x20 ./Core/Src/stm32h7xx_hal_msp.o
 .debug_aranges
                0x00000160       0x30 ./Core/Src/stm32h7xx_hal_timebase_tim.o
 .debug_aranges
                0x00000190       0x58 ./Core/Src/stm32h7xx_it.o
 .debug_aranges
                0x000001e8       0x30 ./Core/Src/tim.o
 .debug_aranges
                0x00000218       0x30 ./Core/Src/usart.o
 .debug_aranges
                0x00000248       0x28 ./Core/Startup/startup_stm32h755zitx.o
 .debug_aranges
                0x00000270      0x200 ./Drivers/STM32H7xx_HAL_Driver/stm32h7xx_hal.o
 .debug_aranges
                0x00000470      0x230 ./Drivers/STM32H7xx_HAL_Driver/stm32h7xx_hal_adc.o
 .debug_aranges
                0x000006a0      0x1e0 ./Drivers/STM32H7xx_HAL_Driver/stm32h7xx_hal_adc_ex.o
 .debug_aranges
                0x00000880      0x130 ./Drivers/STM32H7xx_HAL_Driver/stm32h7xx_hal_cortex.o
 .debug_aranges
                0x000009b0       0xa0 ./Drivers/STM32H7xx_HAL_Driver/stm32h7xx_hal_dma.o
 .debug_aranges
                0x00000a50       0x58 ./Drivers/STM32H7xx_HAL_Driver/stm32h7xx_hal_gpio.o
 .debug_aranges
                0x00000aa8       0x70 ./Drivers/STM32H7xx_HAL_Driver/stm32h7xx_hal_hsem.o
 .debug_aranges
                0x00000b18      0x170 ./Drivers/STM32H7xx_HAL_Driver/stm32h7xx_hal_pwr_ex.o
 .debug_aranges
                0x00000c88       0x88 ./Drivers/STM32H7xx_HAL_Driver/stm32h7xx_hal_rcc.o
 .debug_aranges
                0x00000d10      0x100 ./Drivers/STM32H7xx_HAL_Driver/stm32h7xx_hal_rcc_ex.o
 .debug_aranges
                0x00000e10      0x1a8 ./Drivers/STM32H7xx_HAL_Driver/stm32h7xx_hal_spi.o
 .debug_aranges
                0x00000fb8      0x3e0 ./Drivers/STM32H7xx_HAL_Driver/stm32h7xx_hal_tim.o
 .debug_aranges
                0x00001398      0x188 ./Drivers/STM32H7xx_HAL_Driver/stm32h7xx_hal_tim_ex.o
 .debug_aranges
                0x00001520      0x248 ./Drivers/STM32H7xx_HAL_Driver/stm32h7xx_hal_uart.o
 .debug_aranges
                0x00001768       0xa8 ./Drivers/STM32H7xx_HAL_Driver/stm32h7xx_hal_uart_ex.o
 .debug_aranges
                0x00001810      0x2b0 ./Middlewares/Third_Party/FreeRTOS/cmsis_os2.o
 .debug_aranges
                0x00001ac0       0x58 ./Middlewares/Third_Party/FreeRTOS/heap_4.o
 .debug_aranges
                0x00001b18       0x40 ./Middlewares/Third_Party/FreeRTOS/list.o
 .debug_aranges
                0x00001b58       0x80 ./Middlewares/Third_Party/FreeRTOS/port.o
 .debug_aranges
                0x00001bd8      0x158 ./Middlewares/Third_Party/FreeRTOS/queue.o
 .debug_aranges
                0x00001d30      0x208 ./Middlewares/Third_Party/FreeRTOS/tasks.o
 .debug_aranges
                0x00001f38       0xf0 ./Middlewares/Third_Party/FreeRTOS/timers.o
 .debug_aranges
                0x00002028       0x20 ./project/idle_task.o
 .debug_aranges
                0x00002048       0x88 ./project/one_wire/ds18b20.o
 .debug_aranges
                0x000020d0       0xd0 ./project/one_wire/onewire.o
 .debug_aranges
                0x000021a0       0x28 ./project/task_behavior/batteries_task.o
 .debug_aranges
                0x000021c8       0x20 ./project/task_behavior/cnss_task.o
 .debug_aranges
                0x000021e8       0x58 ./project/task_behavior/imu_task.o
 .debug_aranges
                0x00002240       0x20 ./project/task_behavior/nb_iot_task.o
 .debug_aranges
                0x00002260       0x20 ./project/task_behavior/sd_card_task.o
 .debug_aranges
                0x00002280       0x20 ./project/task_behavior/temp_task.o

.debug_rnglists
                0x00000000     0x1a9b
 .debug_rnglists
                0x00000000       0x21 ./Common/Src/system_stm32h7xx_dualcore_boot_cm4_cm7.o
 .debug_rnglists
                0x00000021       0x21 ./Core/Src/adc.o
 .debug_rnglists
                0x00000042       0x3e ./Core/Src/freertos.o
 .debug_rnglists
                0x00000080       0x14 ./Core/Src/gpio.o
 .debug_rnglists
                0x00000094       0x27 ./Core/Src/main.o
 .debug_rnglists
                0x000000bb       0x21 ./Core/Src/spi.o
 .debug_rnglists
                0x000000dc       0x13 ./Core/Src/stm32h7xx_hal_msp.o
 .debug_rnglists
                0x000000ef       0x20 ./Core/Src/stm32h7xx_hal_timebase_tim.o
 .debug_rnglists
                0x0000010f       0x3d ./Core/Src/stm32h7xx_it.o
 .debug_rnglists
                0x0000014c       0x20 ./Core/Src/tim.o
 .debug_rnglists
                0x0000016c       0x21 ./Core/Src/usart.o
 .debug_rnglists
                0x0000018d       0x19 ./Core/Startup/startup_stm32h755zitx.o
 .debug_rnglists
                0x000001a6      0x180 ./Drivers/STM32H7xx_HAL_Driver/stm32h7xx_hal.o
 .debug_rnglists
                0x00000326      0x1af ./Drivers/STM32H7xx_HAL_Driver/stm32h7xx_hal_adc.o
 .debug_rnglists
                0x000004d5      0x175 ./Drivers/STM32H7xx_HAL_Driver/stm32h7xx_hal_adc_ex.o
 .debug_rnglists
                0x0000064a       0xe0 ./Drivers/STM32H7xx_HAL_Driver/stm32h7xx_hal_cortex.o