../project/task_behavior/imu_task.c:10:6:imu_task	16	static
../project/task_behavior/imu_task.c:30:6:imu_cs_low	8	static
../project/task_behavior/imu_task.c:31:6:imu_cs_high	8	static
../project/task_behavior/imu_task.c:33:9:imu_read_axis	24	static
../project/task_behavior/imu_task.c:40:14:imu_read_accel	48	static
../project/task_behavior/imu_task.c:49:14:imu_read_gyro	48	static
../project/task_behavior/imu_task.c:58:9:imu_spi_read	24	static
../project/task_behavior/imu_task.c:72:6:imu_spi_write	24	static
