15:24:51 **** Incremental Build of configuration Debug for project geral_test_h755zi-q_CM7 ****
make -j4 all 
arm-none-eabi-gcc "../project/at_commands_ST87M01.c" -mcpu=cortex-m7 -std=gnu11 -g3 -DDEBUG -DCORE_CM7 -DUSE_HAL_DRIVER -DSTM32H755xx -DUSE_PWR_DIRECT_SMPS_SUPPLY -c -I../Core/Inc -I../../Drivers/STM32H7xx_HAL_Driver/Inc -I../../Drivers/STM32H7xx_HAL_Driver/Inc/Legacy -I../../Drivers/CMSIS/Device/ST/STM32H7xx/Include -I../../Drivers/CMSIS/Include -O0 -ffunction-sections -fdata-sections -Wall -fstack-usage -fcyclomatic-complexity -MMD -MP -MF"project/at_commands_ST87M01.d" -MT"project/at_commands_ST87M01.o" --specs=nano.specs -mfpu=fpv5-d16 -mfloat-abi=hard -mthumb -o "project/at_commands_ST87M01.o"
../project/at_commands_ST87M01.c: In function 'at_set_baudrate':
../project/at_commands_ST87M01.c:13:39: warning: pointer targets in passing argument 2 of 'HAL_UART_Transmit_IT' differ in signedness [-Wpointer-sign]
   13 |         HAL_UART_Transmit_IT(&huart1, buffer, sizeof buffer);
      |                                       ^~~~~~
      |                                       |
      |                                       char *
In file included from ../Core/Inc/stm32h7xx_hal_conf.h:462,
                 from ../../Drivers/STM32H7xx_HAL_Driver/Inc/stm32h7xx_hal.h:29,
                 from ../project/with_RTOS/../../Core/Inc/main.h:30,
                 from ../project/with_RTOS/task_header.h:13,
                 from ../project/at_commands_ST87M01.h:12,
                 from ../project/at_commands_ST87M01.c:7:
../../Drivers/STM32H7xx_HAL_Driver/Inc/stm32h7xx_hal_uart.h:1638:82: note: expected 'const uint8_t *' {aka 'const unsigned char *'} but argument is of type 'char *'
 1638 | HAL_StatusTypeDef HAL_UART_Transmit_IT(UART_HandleTypeDef *huart, const uint8_t *pData, uint16_t Size);
      |                                                                   ~~~~~~~~~~~~~~~^~~~~
../project/at_commands_ST87M01.c:15:38: warning: pointer targets in passing argument 2 of 'HAL_UART_Receive_IT' differ in signedness [-Wpointer-sign]
   15 |         HAL_UART_Receive_IT(&huart1, recived, 10);
      |                                      ^~~~~~~
      |                                      |
      |                                      char *
../../Drivers/STM32H7xx_HAL_Driver/Inc/stm32h7xx_hal_uart.h:1639:75: note: expected 'uint8_t *' {aka 'unsigned char *'} but argument is of type 'char *'
 1639 | HAL_StatusTypeDef HAL_UART_Receive_IT(UART_HandleTypeDef *huart, uint8_t *pData, uint16_t Size);
      |                                                                  ~~~~~~~~~^~~~~
../project/at_commands_ST87M01.c: In function 'at_echo_on':
../project/at_commands_ST87M01.c:22:39: warning: pointer targets in passing argument 2 of 'HAL_UART_Transmit_IT' differ in signedness [-Wpointer-sign]
   22 |         HAL_UART_Transmit_IT(&huart1, buffer, sizeof buffer);
      |                                       ^~~~~~
      |                                       |
      |                                       char *
../../Drivers/STM32H7xx_HAL_Driver/Inc/stm32h7xx_hal_uart.h:1638:82: note: expected 'const uint8_t *' {aka 'const unsigned char *'} but argument is of type 'char *'
 1638 | HAL_StatusTypeDef HAL_UART_Transmit_IT(UART_HandleTypeDef *huart, const uint8_t *pData, uint16_t Size);
      |                                                                   ~~~~~~~~~~~~~~~^~~~~
../project/at_commands_ST87M01.c:24:38: warning: pointer targets in passing argument 2 of 'HAL_UART_Receive_IT' differ in signedness [-Wpointer-sign]
   24 |         HAL_UART_Receive_IT(&huart1, recived, 4);
      |                                      ^~~~~~~
      |                                      |
      |                                      char *
../../Drivers/STM32H7xx_HAL_Driver/Inc/stm32h7xx_hal_uart.h:1639:75: note: expected 'uint8_t *' {aka 'unsigned char *'} but argument is of type 'char *'
 1639 | HAL_StatusTypeDef HAL_UART_Receive_IT(UART_HandleTypeDef *huart, uint8_t *pData, uint16_t Size);
      |                                                                  ~~~~~~~~~^~~~~
../project/at_commands_ST87M01.c: In function 'at_echo_off':
../project/at_commands_ST87M01.c:31:39: warning: pointer targets in passing argument 2 of 'HAL_UART_Transmit_IT' differ in signedness [-Wpointer-sign]
   31 |         HAL_UART_Transmit_IT(&huart1, buffer, sizeof buffer);
      |                                       ^~~~~~
      |                                       |
      |                                       char *
../../Drivers/STM32H7xx_HAL_Driver/Inc/stm32h7xx_hal_uart.h:1638:82: note: expected 'const uint8_t *' {aka 'const unsigned char *'} but argument is of type 'char *'
 1638 | HAL_StatusTypeDef HAL_UART_Transmit_IT(UART_HandleTypeDef *huart, const uint8_t *pData, uint16_t Size);
      |                                                                   ~~~~~~~~~~~~~~~^~~~~
../project/at_commands_ST87M01.c:33:38: warning: pointer targets in passing argument 2 of 'HAL_UART_Receive_IT' differ in signedness [-Wpointer-sign]
   33 |         HAL_UART_Receive_IT(&huart1, recived, 4);
      |                                      ^~~~~~~
      |                                      |
      |                                      char *
../../Drivers/STM32H7xx_HAL_Driver/Inc/stm32h7xx_hal_uart.h:1639:75: note: expected 'uint8_t *' {aka 'unsigned char *'} but argument is of type 'char *'
 1639 | HAL_StatusTypeDef HAL_UART_Receive_IT(UART_HandleTypeDef *huart, uint8_t *pData, uint16_t Size);
      |                                                                  ~~~~~~~~~^~~~~
../project/at_commands_ST87M01.c: In function 'at_set_at_gpio':
../project/at_commands_ST87M01.c:40:9: warning: implicit declaration of function 'fprintf' [-Wimplicit-function-declaration]
   40 |         fprintf(buffer,"AT@GPIOSET=%d,%d\r\n",gpio,state);
      |         ^~~~~~~
../project/at_commands_ST87M01.c:8:1: note: include '<stdio.h>' or provide a declaration of 'fprintf'
    7 | #include "at_commands_ST87M01.h"
  +++ |+#include <stdio.h>
    8 | 
../project/at_commands_ST87M01.c:40:9: warning: incompatible implicit declaration of built-in function 'fprintf' [-Wbuiltin-declaration-mismatch]
   40 |         fprintf(buffer,"AT@GPIOSET=%d,%d\r\n",gpio,state);
      |         ^~~~~~~
../project/at_commands_ST87M01.c:40:9: note: include '<stdio.h>' or provide a declaration of 'fprintf'
../project/at_commands_ST87M01.c:41:39: warning: pointer targets in passing argument 2 of 'HAL_UART_Transmit_IT' differ in signedness [-Wpointer-sign]
   41 |         HAL_UART_Transmit_IT(&huart1, buffer, sizeof buffer);
      |                                       ^~~~~~
      |                                       |
      |                                       char *
../../Drivers/STM32H7xx_HAL_Driver/Inc/stm32h7xx_hal_uart.h:1638:82: note: expected 'const uint8_t *' {aka 'const unsigned char *'} but argument is of type 'char *'
 1638 | HAL_StatusTypeDef HAL_UART_Transmit_IT(UART_HandleTypeDef *huart, const uint8_t *pData, uint16_t Size);
      |                                                                   ~~~~~~~~~~~~~~~^~~~~
../project/at_commands_ST87M01.c: In function 'at_get_at_gpio':
../project/at_commands_ST87M01.c:47:9: warning: incompatible implicit declaration of built-in function 'fprintf' [-Wbuiltin-declaration-mismatch]
   47 |         fprintf(buffer,"AT@GPIOGET=%d\r\n",gpio);
      |         ^~~~~~~
../project/at_commands_ST87M01.c:47:9: note: include '<stdio.h>' or provide a declaration of 'fprintf'
../project/at_commands_ST87M01.c:48:39: warning: pointer targets in passing argument 2 of 'HAL_UART_Transmit_IT' differ in signedness [-Wpointer-sign]
   48 |         HAL_UART_Transmit_IT(&huart1, buffer, sizeof buffer);
      |                                       ^~~~~~
      |                                       |
      |                                       char *
../../Drivers/STM32H7xx_HAL_Driver/Inc/stm32h7xx_hal_uart.h:1638:82: note: expected 'const uint8_t *' {aka 'const unsigned char *'} but argument is of type 'char *'
 1638 | HAL_StatusTypeDef HAL_UART_Transmit_IT(UART_HandleTypeDef *huart, const uint8_t *pData, uint16_t Size);
      |                                                                   ~~~~~~~~~~~~~~~^~~~~
../project/at_commands_ST87M01.c:49:38: warning: pointer targets in passing argument 2 of 'HAL_UART_Receive_IT' differ in signedness [-Wpointer-sign]
   49 |         HAL_UART_Receive_IT(&huart1, recived, 16);
      |                                      ^~~~~~~
      |                                      |
      |                                      char *
../../Drivers/STM32H7xx_HAL_Driver/Inc/stm32h7xx_hal_uart.h:1639:75: note: expected 'uint8_t *' {aka 'unsigned char *'} but argument is of type 'char *'
 1639 | HAL_StatusTypeDef HAL_UART_Receive_IT(UART_HandleTypeDef *huart, uint8_t *pData, uint16_t Size);
      |                                                                  ~~~~~~~~~^~~~~
../project/at_commands_ST87M01.c: In function 'at_power_on':
../project/at_commands_ST87M01.c:56:39: warning: pointer targets in passing argument 2 of 'HAL_UART_Transmit_IT' differ in signedness [-Wpointer-sign]
   56 |         HAL_UART_Transmit_IT(&huart1, buffer, sizeof buffer);
      |                                       ^~~~~~
      |                                       |
      |                                       char *
../../Drivers/STM32H7xx_HAL_Driver/Inc/stm32h7xx_hal_uart.h:1638:82: note: expected 'const uint8_t *' {aka 'const unsigned char *'} but argument is of type 'char *'
 1638 | HAL_StatusTypeDef HAL_UART_Transmit_IT(UART_HandleTypeDef *huart, const uint8_t *pData, uint16_t Size);
      |                                                                   ~~~~~~~~~~~~~~~^~~~~
../project/at_commands_ST87M01.c:58:38: warning: pointer targets in passing argument 2 of 'HAL_UART_Receive_IT' differ in signedness [-Wpointer-sign]
   58 |         HAL_UART_Receive_IT(&huart1, recived, 10);
      |                                      ^~~~~~~
      |                                      |
      |                                      char *
../../Drivers/STM32H7xx_HAL_Driver/Inc/stm32h7xx_hal_uart.h:1639:75: note: expected 'uint8_t *' {aka 'unsigned char *'} but argument is of type 'char *'
 1639 | HAL_StatusTypeDef HAL_UART_Receive_IT(UART_HandleTypeDef *huart, uint8_t *pData, uint16_t Size);
      |                                                                  ~~~~~~~~~^~~~~
../project/at_commands_ST87M01.c: In function 'at_power_state':
../project/at_commands_ST87M01.c:64:39: warning: pointer targets in passing argument 2 of 'HAL_UART_Transmit_IT' differ in signedness [-Wpointer-sign]
   64 |         HAL_UART_Transmit_IT(&huart1, buffer, sizeof buffer);
      |                                       ^~~~~~
      |                                       |
      |                                       char *
../../Drivers/STM32H7xx_HAL_Driver/Inc/stm32h7xx_hal_uart.h:1638:82: note: expected 'const uint8_t *' {aka 'const unsigned char *'} but argument is of type 'char *'
 1638 | HAL_StatusTypeDef HAL_UART_Transmit_IT(UART_HandleTypeDef *huart, const uint8_t *pData, uint16_t Size);
      |                                                                   ~~~~~~~~~~~~~~~^~~~~
../project/at_commands_ST87M01.c:66:38: warning: pointer targets in passing argument 2 of 'HAL_UART_Receive_IT' differ in signedness [-Wpointer-sign]
   66 |         HAL_UART_Receive_IT(&huart1, recived, DEBUG_ANSWER_LEN);
      |                                      ^~~~~~~
      |                                      |
      |                                      char *
../../Drivers/STM32H7xx_HAL_Driver/Inc/stm32h7xx_hal_uart.h:1639:75: note: expected 'uint8_t *' {aka 'unsigned char *'} but argument is of type 'char *'
 1639 | HAL_StatusTypeDef HAL_UART_Receive_IT(UART_HandleTypeDef *huart, uint8_t *pData, uint16_t Size);
      |                                                                  ~~~~~~~~~^~~~~
../project/at_commands_ST87M01.c: In function 'at_power_off':
../project/at_commands_ST87M01.c:74:39: warning: pointer targets in passing argument 2 of 'HAL_UART_Transmit_IT' differ in signedness [-Wpointer-sign]
   74 |         HAL_UART_Transmit_IT(&huart1, buffer, sizeof buffer);
      |                                       ^~~~~~
      |                                       |
      |                                       char *
../../Drivers/STM32H7xx_HAL_Driver/Inc/stm32h7xx_hal_uart.h:1638:82: note: expected 'const uint8_t *' {aka 'const unsigned char *'} but argument is of type 'char *'
 1638 | HAL_StatusTypeDef HAL_UART_Transmit_IT(UART_HandleTypeDef *huart, const uint8_t *pData, uint16_t Size);
      |                                                                   ~~~~~~~~~~~~~~~^~~~~
../project/at_commands_ST87M01.c:76:38: warning: pointer targets in passing argument 2 of 'HAL_UART_Receive_IT' differ in signedness [-Wpointer-sign]
   76 |         HAL_UART_Receive_IT(&huart1, recived, 10);
      |                                      ^~~~~~~
      |                                      |
      |                                      char *
../../Drivers/STM32H7xx_HAL_Driver/Inc/stm32h7xx_hal_uart.h:1639:75: note: expected 'uint8_t *' {aka 'unsigned char *'} but argument is of type 'char *'
 1639 | HAL_StatusTypeDef HAL_UART_Receive_IT(UART_HandleTypeDef *huart, uint8_t *pData, uint16_t Size);
      |                                                                  ~~~~~~~~~^~~~~
../project/at_commands_ST87M01.c: In function 'at_check':
../project/at_commands_ST87M01.c:84:39: warning: pointer targets in passing argument 2 of 'HAL_UART_Transmit_IT' differ in signedness [-Wpointer-sign]
   84 |         HAL_UART_Transmit_IT(&huart1, buffer, sizeof buffer);
      |                                       ^~~~~~
      |                                       |
      |                                       char *
../../Drivers/STM32H7xx_HAL_Driver/Inc/stm32h7xx_hal_uart.h:1638:82: note: expected 'const uint8_t *' {aka 'const unsigned char *'} but argument is of type 'char *'
 1638 | HAL_StatusTypeDef HAL_UART_Transmit_IT(UART_HandleTypeDef *huart, const uint8_t *pData, uint16_t Size);
      |                                                                   ~~~~~~~~~~~~~~~^~~~~
../project/at_commands_ST87M01.c:85:38: warning: pointer targets in passing argument 2 of 'HAL_UART_Receive_IT' differ in signedness [-Wpointer-sign]
   85 |         HAL_UART_Receive_IT(&huart1, recived, 6);
      |                                      ^~~~~~~
      |                                      |
      |                                      char *
../../Drivers/STM32H7xx_HAL_Driver/Inc/stm32h7xx_hal_uart.h:1639:75: note: expected 'uint8_t *' {aka 'unsigned char *'} but argument is of type 'char *'
 1639 | HAL_StatusTypeDef HAL_UART_Receive_IT(UART_HandleTypeDef *huart, uint8_t *pData, uint16_t Size);
      |                                                                  ~~~~~~~~~^~~~~
../project/at_commands_ST87M01.c: In function 'at_gnss_signal':
../project/at_commands_ST87M01.c:93:39: warning: pointer targets in passing argument 2 of 'HAL_UART_Transmit_IT' differ in signedness [-Wpointer-sign]
   93 |         HAL_UART_Transmit_IT(&huart1, buffer, sizeof buffer);
      |                                       ^~~~~~
      |                                       |
      |                                       char *
../../Drivers/STM32H7xx_HAL_Driver/Inc/stm32h7xx_hal_uart.h:1638:82: note: expected 'const uint8_t *' {aka 'const unsigned char *'} but argument is of type 'char *'
 1638 | HAL_StatusTypeDef HAL_UART_Transmit_IT(UART_HandleTypeDef *huart, const uint8_t *pData, uint16_t Size);
      |                                                                   ~~~~~~~~~~~~~~~^~~~~
../project/at_commands_ST87M01.c:95:38: warning: pointer targets in passing argument 2 of 'HAL_UART_Receive_IT' differ in signedness [-Wpointer-sign]
   95 |         HAL_UART_Receive_IT(&huart1, recived, 64);
      |                                      ^~~~~~~
      |                                      |
      |                                      char *
../../Drivers/STM32H7xx_HAL_Driver/Inc/stm32h7xx_hal_uart.h:1639:75: note: expected 'uint8_t *' {aka 'unsigned char *'} but argument is of type 'char *'
 1639 | HAL_StatusTypeDef HAL_UART_Receive_IT(UART_HandleTypeDef *huart, uint8_t *pData, uint16_t Size);
      |                                                                  ~~~~~~~~~^~~~~
../project/at_commands_ST87M01.c: In function 'at_sim_status':
../project/at_commands_ST87M01.c:110:39: warning: pointer targets in passing argument 2 of 'HAL_UART_Transmit_IT' differ in signedness [-Wpointer-sign]
  110 |         HAL_UART_Transmit_IT(&huart1, buffer, sizeof buffer);
      |                                       ^~~~~~
      |                                       |
      |                                       char *
../../Drivers/STM32H7xx_HAL_Driver/Inc/stm32h7xx_hal_uart.h:1638:82: note: expected 'const uint8_t *' {aka 'const unsigned char *'} but argument is of type 'char *'
 1638 | HAL_StatusTypeDef HAL_UART_Transmit_IT(UART_HandleTypeDef *huart, const uint8_t *pData, uint16_t Size);
      |                                                                   ~~~~~~~~~~~~~~~^~~~~
../project/at_commands_ST87M01.c:112:38: warning: pointer targets in passing argument 2 of 'HAL_UART_Receive_IT' differ in signedness [-Wpointer-sign]
  112 |         HAL_UART_Receive_IT(&huart1, recived, 64);
      |                                      ^~~~~~~
      |                                      |
      |                                      char *
../../Drivers/STM32H7xx_HAL_Driver/Inc/stm32h7xx_hal_uart.h:1639:75: note: expected 'uint8_t *' {aka 'unsigned char *'} but argument is of type 'char *'
 1639 | HAL_StatusTypeDef HAL_UART_Receive_IT(UART_HandleTypeDef *huart, uint8_t *pData, uint16_t Size);
      |                                                                  ~~~~~~~~~^~~~~
../project/at_commands_ST87M01.c: In function 'at_network_mode':
../project/at_commands_ST87M01.c:118:39: warning: pointer targets in passing argument 2 of 'HAL_UART_Transmit_IT' differ in signedness [-Wpointer-sign]
  118 |         HAL_UART_Transmit_IT(&huart1, buffer, sizeof buffer);
      |                                       ^~~~~~
      |                                       |
      |                                       char *
../../Drivers/STM32H7xx_HAL_Driver/Inc/stm32h7xx_hal_uart.h:1638:82: note: expected 'const uint8_t *' {aka 'const unsigned char *'} but argument is of type 'char *'
 1638 | HAL_StatusTypeDef HAL_UART_Transmit_IT(UART_HandleTypeDef *huart, const uint8_t *pData, uint16_t Size);
      |                                                                   ~~~~~~~~~~~~~~~^~~~~
../project/at_commands_ST87M01.c:120:38: warning: pointer targets in passing argument 2 of 'HAL_UART_Receive_IT' differ in signedness [-Wpointer-sign]
  120 |         HAL_UART_Receive_IT(&huart1, recived, 64);
      |                                      ^~~~~~~
      |                                      |
      |                                      char *
../../Drivers/STM32H7xx_HAL_Driver/Inc/stm32h7xx_hal_uart.h:1639:75: note: expected 'uint8_t *' {aka 'unsigned char *'} but argument is of type 'char *'
 1639 | HAL_StatusTypeDef HAL_UART_Receive_IT(UART_HandleTypeDef *huart, uint8_t *pData, uint16_t Size);
      |                                                                  ~~~~~~~~~^~~~~
../project/at_commands_ST87M01.c: In function 'at_set_band':
../project/at_commands_ST87M01.c:126:39: warning: pointer targets in passing argument 2 of 'HAL_UART_Transmit_IT' differ in signedness [-Wpointer-sign]
  126 |         HAL_UART_Transmit_IT(&huart1, buffer, sizeof buffer);
      |                                       ^~~~~~
      |                                       |
      |                                       char *
../../Drivers/STM32H7xx_HAL_Driver/Inc/stm32h7xx_hal_uart.h:1638:82: note: expected 'const uint8_t *' {aka 'const unsigned char *'} but argument is of type 'char *'
 1638 | HAL_StatusTypeDef HAL_UART_Transmit_IT(UART_HandleTypeDef *huart, const uint8_t *pData, uint16_t Size);
      |                                                                   ~~~~~~~~~~~~~~~^~~~~
../project/at_commands_ST87M01.c:128:38: warning: pointer targets in passing argument 2 of 'HAL_UART_Receive_IT' differ in signedness [-Wpointer-sign]
  128 |         HAL_UART_Receive_IT(&huart1, recived, 64);
      |                                      ^~~~~~~
      |                                      |
      |                                      char *
../../Drivers/STM32H7xx_HAL_Driver/Inc/stm32h7xx_hal_uart.h:1639:75: note: expected 'uint8_t *' {aka 'unsigned char *'} but argument is of type 'char *'
 1639 | HAL_StatusTypeDef HAL_UART_Receive_IT(UART_HandleTypeDef *huart, uint8_t *pData, uint16_t Size);
      |                                                                  ~~~~~~~~~^~~~~
../project/at_commands_ST87M01.c: In function 'at_network_reg_status':
../project/at_commands_ST87M01.c:134:39: warning: pointer targets in passing argument 2 of 'HAL_UART_Transmit_IT' differ in signedness [-Wpointer-sign]
  134 |         HAL_UART_Transmit_IT(&huart1, buffer, sizeof buffer);
      |                                       ^~~~~~
      |                                       |
      |                                       char *
../../Drivers/STM32H7xx_HAL_Driver/Inc/stm32h7xx_hal_uart.h:1638:82: note: expected 'const uint8_t *' {aka 'const unsigned char *'} but argument is of type 'char *'
 1638 | HAL_StatusTypeDef HAL_UART_Transmit_IT(UART_HandleTypeDef *huart, const uint8_t *pData, uint16_t Size);
      |                                                                   ~~~~~~~~~~~~~~~^~~~~
../project/at_commands_ST87M01.c:136:38: warning: pointer targets in passing argument 2 of 'HAL_UART_Receive_IT' differ in signedness [-Wpointer-sign]
  136 |         HAL_UART_Receive_IT(&huart1, recived, 64);
      |                                      ^~~~~~~
      |                                      |
      |                                      char *
../../Drivers/STM32H7xx_HAL_Driver/Inc/stm32h7xx_hal_uart.h:1639:75: note: expected 'uint8_t *' {aka 'unsigned char *'} but argument is of type 'char *'
 1639 | HAL_StatusTypeDef HAL_UART_Receive_IT(UART_HandleTypeDef *huart, uint8_t *pData, uint16_t Size);
      |                                                                  ~~~~~~~~~^~~~~
../project/at_commands_ST87M01.c: In function 'at_setup_lte':
../project/at_commands_ST87M01.c:143:39: warning: pointer targets in passing argument 2 of 'HAL_UART_Transmit_IT' differ in signedness [-Wpointer-sign]
  143 |         HAL_UART_Transmit_IT(&huart1, buffer, sizeof buffer);
      |                                       ^~~~~~
      |                                       |
      |                                       char *
../../Drivers/STM32H7xx_HAL_Driver/Inc/stm32h7xx_hal_uart.h:1638:82: note: expected 'const uint8_t *' {aka 'const unsigned char *'} but argument is of type 'char *'
 1638 | HAL_StatusTypeDef HAL_UART_Transmit_IT(UART_HandleTypeDef *huart, const uint8_t *pData, uint16_t Size);
      |                                                                   ~~~~~~~~~~~~~~~^~~~~
../project/at_commands_ST87M01.c:145:38: warning: pointer targets in passing argument 2 of 'HAL_UART_Receive_IT' differ in signedness [-Wpointer-sign]
  145 |         HAL_UART_Receive_IT(&huart1, recived, 64);
      |                                      ^~~~~~~
      |                                      |
      |                                      char *
../../Drivers/STM32H7xx_HAL_Driver/Inc/stm32h7xx_hal_uart.h:1639:75: note: expected 'uint8_t *' {aka 'unsigned char *'} but argument is of type 'char *'
 1639 | HAL_StatusTypeDef HAL_UART_Receive_IT(UART_HandleTypeDef *huart, uint8_t *pData, uint16_t Size);
      |                                                                  ~~~~~~~~~^~~~~
../project/at_commands_ST87M01.c: In function 'at_gprs_init':
../project/at_commands_ST87M01.c:151:39: warning: pointer targets in passing argument 2 of 'HAL_UART_Transmit_IT' differ in signedness [-Wpointer-sign]
  151 |         HAL_UART_Transmit_IT(&huart1, buffer, sizeof buffer);
      |                                       ^~~~~~
      |                                       |
      |                                       char *
../../Drivers/STM32H7xx_HAL_Driver/Inc/stm32h7xx_hal_uart.h:1638:82: note: expected 'const uint8_t *' {aka 'const unsigned char *'} but argument is of type 'char *'
 1638 | HAL_StatusTypeDef HAL_UART_Transmit_IT(UART_HandleTypeDef *huart, const uint8_t *pData, uint16_t Size);
      |                                                                   ~~~~~~~~~~~~~~~^~~~~
../project/at_commands_ST87M01.c:153:38: warning: pointer targets in passing argument 2 of 'HAL_UART_Receive_IT' differ in signedness [-Wpointer-sign]
  153 |         HAL_UART_Receive_IT(&huart1, recived, 64);
      |                                      ^~~~~~~
      |                                      |
      |                                      char *
../../Drivers/STM32H7xx_HAL_Driver/Inc/stm32h7xx_hal_uart.h:1639:75: note: expected 'uint8_t *' {aka 'unsigned char *'} but argument is of type 'char *'
 1639 | HAL_StatusTypeDef HAL_UART_Receive_IT(UART_HandleTypeDef *huart, uint8_t *pData, uint16_t Size);
      |                                                                  ~~~~~~~~~^~~~~
../project/at_commands_ST87M01.c: In function 'at_gprs_attatch':
../project/at_commands_ST87M01.c:159:39: warning: pointer targets in passing argument 2 of 'HAL_UART_Transmit_IT' differ in signedness [-Wpointer-sign]
  159 |         HAL_UART_Transmit_IT(&huart1, buffer, sizeof buffer);
      |                                       ^~~~~~
      |                                       |
      |                                       char *
../../Drivers/STM32H7xx_HAL_Driver/Inc/stm32h7xx_hal_uart.h:1638:82: note: expected 'const uint8_t *' {aka 'const unsigned char *'} but argument is of type 'char *'
 1638 | HAL_StatusTypeDef HAL_UART_Transmit_IT(UART_HandleTypeDef *huart, const uint8_t *pData, uint16_t Size);
      |                                                                   ~~~~~~~~~~~~~~~^~~~~
../project/at_commands_ST87M01.c:161:38: warning: pointer targets in passing argument 2 of 'HAL_UART_Receive_IT' differ in signedness [-Wpointer-sign]
  161 |         HAL_UART_Receive_IT(&huart1, recived, 64);
      |                                      ^~~~~~~
      |                                      |
      |                                      char *
../../Drivers/STM32H7xx_HAL_Driver/Inc/stm32h7xx_hal_uart.h:1639:75: note: expected 'uint8_t *' {aka 'unsigned char *'} but argument is of type 'char *'
 1639 | HAL_StatusTypeDef HAL_UART_Receive_IT(UART_HandleTypeDef *huart, uint8_t *pData, uint16_t Size);
      |                                                                  ~~~~~~~~~^~~~~
../project/at_commands_ST87M01.c: In function 'at_ping':
../project/at_commands_ST87M01.c:168:9: warning: incompatible implicit declaration of built-in function 'fprintf' [-Wbuiltin-declaration-mismatch]
  168 |         fprintf(buffer,"\r\nAT%PINGCMD=0,%s,%d\r\n",MONGO_DB_IP,count);
      |         ^~~~~~~
../project/at_commands_ST87M01.c:168:9: note: include '<stdio.h>' or provide a declaration of 'fprintf'
../project/at_commands_ST87M01.c:168:32: warning: unknown conversion type character 'P' in format [-Wformat=]
  168 |         fprintf(buffer,"\r\nAT%PINGCMD=0,%s,%d\r\n",MONGO_DB_IP,count);
      |                                ^
../project/at_commands_ST87M01.c:169:49: warning: pointer targets in passing argument 2 of 'HAL_UART_Transmit_IT' differ in signedness [-Wpointer-sign]
  169 |         HAL_UART_Transmit_IT(MOBILE_COMMS_UART, buffer, 16);
      |                                                 ^~~~~~
      |                                                 |
      |                                                 char *
../../Drivers/STM32H7xx_HAL_Driver/Inc/stm32h7xx_hal_uart.h:1638:82: note: expected 'const uint8_t *' {aka 'const unsigned char *'} but argument is of type 'char *'
 1638 | HAL_StatusTypeDef HAL_UART_Transmit_IT(UART_HandleTypeDef *huart, const uint8_t *pData, uint16_t Size);
      |                                                                   ~~~~~~~~~~~~~~~^~~~~
../project/at_commands_ST87M01.c:170:48: warning: pointer targets in passing argument 2 of 'HAL_UART_Receive_IT' differ in signedness [-Wpointer-sign]
  170 |         HAL_UART_Receive_IT(MOBILE_COMMS_UART, recived, 16);
      |                                                ^~~~~~~
      |                                                |
      |                                                char *
../../Drivers/STM32H7xx_HAL_Driver/Inc/stm32h7xx_hal_uart.h:1639:75: note: expected 'uint8_t *' {aka 'unsigned char *'} but argument is of type 'char *'
 1639 | HAL_StatusTypeDef HAL_UART_Receive_IT(UART_HandleTypeDef *huart, uint8_t *pData, uint16_t Size);
      |                                                                  ~~~~~~~~~^~~~~
../project/at_commands_ST87M01.c: In function 'at_network_attach_request':
../project/at_commands_ST87M01.c:176:49: warning: pointer targets in passing argument 2 of 'HAL_UART_Transmit_IT' differ in signedness [-Wpointer-sign]
  176 |         HAL_UART_Transmit_IT(MOBILE_COMMS_UART, buffer, sizeof buffer);
      |                                                 ^~~~~~
      |                                                 |
      |                                                 char *
../../Drivers/STM32H7xx_HAL_Driver/Inc/stm32h7xx_hal_uart.h:1638:82: note: expected 'const uint8_t *' {aka 'const unsigned char *'} but argument is of type 'char *'
 1638 | HAL_StatusTypeDef HAL_UART_Transmit_IT(UART_HandleTypeDef *huart, const uint8_t *pData, uint16_t Size);
      |                                                                   ~~~~~~~~~~~~~~~^~~~~
../project/at_commands_ST87M01.c:177:48: warning: pointer targets in passing argument 2 of 'HAL_UART_Receive_IT' differ in signedness [-Wpointer-sign]
  177 |         HAL_UART_Receive_IT(MOBILE_COMMS_UART, recived, 16);
      |                                                ^~~~~~~
      |                                                |
      |                                                char *
../../Drivers/STM32H7xx_HAL_Driver/Inc/stm32h7xx_hal_uart.h:1639:75: note: expected 'uint8_t *' {aka 'unsigned char *'} but argument is of type 'char *'
 1639 | HAL_StatusTypeDef HAL_UART_Receive_IT(UART_HandleTypeDef *huart, uint8_t *pData, uint16_t Size);
      |                                                                  ~~~~~~~~~^~~~~
../project/at_commands_ST87M01.c: In function 'at_set_apn':
../project/at_commands_ST87M01.c:183:9: warning: incompatible implicit declaration of built-in function 'fprintf' [-Wbuiltin-declaration-mismatch]
  183 |         fprintf(buffer,"\r\nAT+CSTT=\"%s\"\r\n",SIMBASE_APN);
      |         ^~~~~~~
../project/at_commands_ST87M01.c:183:9: note: include '<stdio.h>' or provide a declaration of 'fprintf'
../project/at_commands_ST87M01.c:184:49: warning: pointer targets in passing argument 2 of 'HAL_UART_Transmit_IT' differ in signedness [-Wpointer-sign]
  184 |         HAL_UART_Transmit_IT(MOBILE_COMMS_UART, buffer, 64);
      |                                                 ^~~~~~
      |                                                 |
      |                                                 char *
../../Drivers/STM32H7xx_HAL_Driver/Inc/stm32h7xx_hal_uart.h:1638:82: note: expected 'const uint8_t *' {aka 'const unsigned char *'} but argument is of type 'char *'
 1638 | HAL_StatusTypeDef HAL_UART_Transmit_IT(UART_HandleTypeDef *huart, const uint8_t *pData, uint16_t Size);
      |                                                                   ~~~~~~~~~~~~~~~^~~~~
../project/at_commands_ST87M01.c:185:48: warning: pointer targets in passing argument 2 of 'HAL_UART_Receive_IT' differ in signedness [-Wpointer-sign]
  185 |         HAL_UART_Receive_IT(MOBILE_COMMS_UART, recived, 16);
      |                                                ^~~~~~~
      |                                                |
      |                                                char *
../../Drivers/STM32H7xx_HAL_Driver/Inc/stm32h7xx_hal_uart.h:1639:75: note: expected 'uint8_t *' {aka 'unsigned char *'} but argument is of type 'char *'
 1639 | HAL_StatusTypeDef HAL_UART_Receive_IT(UART_HandleTypeDef *huart, uint8_t *pData, uint16_t Size);
      |                                                                  ~~~~~~~~~^~~~~
../project/at_commands_ST87M01.c: In function 'at_set_ip_config':
../project/at_commands_ST87M01.c:191:49: warning: pointer targets in passing argument 2 of 'HAL_UART_Transmit_IT' differ in signedness [-Wpointer-sign]
  191 |         HAL_UART_Transmit_IT(MOBILE_COMMS_UART, buffer, sizeof buffer);
      |                                                 ^~~~~~
      |                                                 |
      |                                                 char *
../../Drivers/STM32H7xx_HAL_Driver/Inc/stm32h7xx_hal_uart.h:1638:82: note: expected 'const uint8_t *' {aka 'const unsigned char *'} but argument is of type 'char *'
 1638 | HAL_StatusTypeDef HAL_UART_Transmit_IT(UART_HandleTypeDef *huart, const uint8_t *pData, uint16_t Size);
      |                                                                   ~~~~~~~~~~~~~~~^~~~~
../project/at_commands_ST87M01.c:192:48: warning: pointer targets in passing argument 2 of 'HAL_UART_Receive_IT' differ in signedness [-Wpointer-sign]
  192 |         HAL_UART_Receive_IT(MOBILE_COMMS_UART, recived, 16);
      |                                                ^~~~~~~
      |                                                |
      |                                                char *
../../Drivers/STM32H7xx_HAL_Driver/Inc/stm32h7xx_hal_uart.h:1639:75: note: expected 'uint8_t *' {aka 'unsigned char *'} but argument is of type 'char *'
 1639 | HAL_StatusTypeDef HAL_UART_Receive_IT(UART_HandleTypeDef *huart, uint8_t *pData, uint16_t Size);
      |                                                                  ~~~~~~~~~^~~~~
../project/at_commands_ST87M01.c: In function 'at_init_http_connection':
../project/at_commands_ST87M01.c:197:9: warning: implicit declaration of function 'mobile_sendCommand' [-Wimplicit-function-declaration]
  197 |         mobile_sendCommand("\r\nAT+SAPBR=3,1,\"CONTYPE\",\"GPRS\"\r\n",1500,recived);
      |         ^~~~~~~~~~~~~~~~~~
../project/at_commands_ST87M01.c:200:9: warning: implicit declaration of function 'sprintf' [-Wimplicit-function-declaration]
  200 |         sprintf(buffer,"AT+SAPBR=3,1,\"APN\",\"%s\"",SIMBASE_APN);
      |         ^~~~~~~
../project/at_commands_ST87M01.c:200:9: note: include '<stdio.h>' or provide a declaration of 'sprintf'
../project/at_commands_ST87M01.c:200:9: warning: incompatible implicit declaration of built-in function 'sprintf' [-Wbuiltin-declaration-mismatch]
../project/at_commands_ST87M01.c:200:9: note: include '<stdio.h>' or provide a declaration of 'sprintf'
../project/at_commands_ST87M01.c: In function 'at_set_ip_headers':
../project/at_commands_ST87M01.c:222:49: warning: pointer targets in passing argument 2 of 'HAL_UART_Transmit_IT' differ in signedness [-Wpointer-sign]
  222 |         HAL_UART_Transmit_IT(MOBILE_COMMS_UART, buffer, sizeof buffer);
      |                                                 ^~~~~~
      |                                                 |
      |                                                 char *
../../Drivers/STM32H7xx_HAL_Driver/Inc/stm32h7xx_hal_uart.h:1638:82: note: expected 'const uint8_t *' {aka 'const unsigned char *'} but argument is of type 'char *'
 1638 | HAL_StatusTypeDef HAL_UART_Transmit_IT(UART_HandleTypeDef *huart, const uint8_t *pData, uint16_t Size);
      |                                                                   ~~~~~~~~~~~~~~~^~~~~
../project/at_commands_ST87M01.c:223:48: warning: pointer targets in passing argument 2 of 'HAL_UART_Receive_IT' differ in signedness [-Wpointer-sign]
  223 |         HAL_UART_Receive_IT(MOBILE_COMMS_UART, recived, 16);
      |                                                ^~~~~~~
      |                                                |
      |                                                char *
../../Drivers/STM32H7xx_HAL_Driver/Inc/stm32h7xx_hal_uart.h:1639:75: note: expected 'uint8_t *' {aka 'unsigned char *'} but argument is of type 'char *'
 1639 | HAL_StatusTypeDef HAL_UART_Receive_IT(UART_HandleTypeDef *huart, uint8_t *pData, uint16_t Size);
      |                                                                  ~~~~~~~~~^~~~~
../project/at_commands_ST87M01.c: In function 'at_lte_send':
../project/at_commands_ST87M01.c:229:9: warning: incompatible implicit declaration of built-in function 'sprintf' [-Wbuiltin-declaration-mismatch]
  229 |         sprintf(buffer,"AT+HTTPPARA=\"URL\",\"%s%s\"",site,to_send);
      |         ^~~~~~~
../project/at_commands_ST87M01.c:229:9: note: include '<stdio.h>' or provide a declaration of 'sprintf'
../project/at_commands_ST87M01.c: In function 'at_network_pdp_activate':
../project/at_commands_ST87M01.c:238:9: warning: incompatible implicit declaration of built-in function 'fprintf' [-Wbuiltin-declaration-mismatch]
  238 |         fprintf(buffer,"\r\nAT+CGDCONT=1,%s,%s\r\n",MONGO_DB_PDP_TYPE,SIMBASE_APN);
      |         ^~~~~~~
../project/at_commands_ST87M01.c:238:9: note: include '<stdio.h>' or provide a declaration of 'fprintf'
../project/at_commands_ST87M01.c:239:49: warning: pointer targets in passing argument 2 of 'HAL_UART_Transmit_IT' differ in signedness [-Wpointer-sign]
  239 |         HAL_UART_Transmit_IT(MOBILE_COMMS_UART, buffer, 64);
      |                                                 ^~~~~~
      |                                                 |
      |                                                 char *
../../Drivers/STM32H7xx_HAL_Driver/Inc/stm32h7xx_hal_uart.h:1638:82: note: expected 'const uint8_t *' {aka 'const unsigned char *'} but argument is of type 'char *'
 1638 | HAL_StatusTypeDef HAL_UART_Transmit_IT(UART_HandleTypeDef *huart, const uint8_t *pData, uint16_t Size);
      |                                                                   ~~~~~~~~~~~~~~~^~~~~
../project/at_commands_ST87M01.c:240:48: warning: pointer targets in passing argument 2 of 'HAL_UART_Receive_IT' differ in signedness [-Wpointer-sign]
  240 |         HAL_UART_Receive_IT(MOBILE_COMMS_UART, recived, 16);
      |                                                ^~~~~~~
      |                                                |
      |                                                char *
../../Drivers/STM32H7xx_HAL_Driver/Inc/stm32h7xx_hal_uart.h:1639:75: note: expected 'uint8_t *' {aka 'unsigned char *'} but argument is of type 'char *'
 1639 | HAL_StatusTypeDef HAL_UART_Receive_IT(UART_HandleTypeDef *huart, uint8_t *pData, uint16_t Size);
      |                                                                  ~~~~~~~~~^~~~~
../project/at_commands_ST87M01.c: In function 'at_nb_iot_send':
../project/at_commands_ST87M01.c:246:9: warning: incompatible implicit declaration of built-in function 'fprintf' [-Wbuiltin-declaration-mismatch]
  246 |         fprintf(buffer,"\r\nAT+NSOST=0,%s,%s,%d\r\n",MONGO_DB_IP,MONGO_DB_PORT,size);
      |         ^~~~~~~
../project/at_commands_ST87M01.c:246:9: note: include '<stdio.h>' or provide a declaration of 'fprintf'
../project/at_commands_ST87M01.c:246:44: warning: format '%s' expects argument of type 'char *', but argument 4 has type 'int' [-Wformat=]
  246 |         fprintf(buffer,"\r\nAT+NSOST=0,%s,%s,%d\r\n",MONGO_DB_IP,MONGO_DB_PORT,size);
      |                                           ~^
      |                                            |
      |                                            char *
      |                                           %d
../project/at_commands_ST87M01.c:247:49: warning: pointer targets in passing argument 2 of 'HAL_UART_Transmit_IT' differ in signedness [-Wpointer-sign]
  247 |         HAL_UART_Transmit_IT(MOBILE_COMMS_UART, buffer, 16);
      |                                                 ^~~~~~
      |                                                 |
      |                                                 char *
../../Drivers/STM32H7xx_HAL_Driver/Inc/stm32h7xx_hal_uart.h:1638:82: note: expected 'const uint8_t *' {aka 'const unsigned char *'} but argument is of type 'char *'
 1638 | HAL_StatusTypeDef HAL_UART_Transmit_IT(UART_HandleTypeDef *huart, const uint8_t *pData, uint16_t Size);
      |                                                                   ~~~~~~~~~~~~~~~^~~~~
../project/at_commands_ST87M01.c:248:49: warning: pointer targets in passing argument 2 of 'HAL_UART_Transmit_IT' differ in signedness [-Wpointer-sign]
  248 |         HAL_UART_Transmit_IT(MOBILE_COMMS_UART, to_send, size);
      |                                                 ^~~~~~~
      |                                                 |
      |                                                 char *
../../Drivers/STM32H7xx_HAL_Driver/Inc/stm32h7xx_hal_uart.h:1638:82: note: expected 'const uint8_t *' {aka 'const unsigned char *'} but argument is of type 'char *'
 1638 | HAL_StatusTypeDef HAL_UART_Transmit_IT(UART_HandleTypeDef *huart, const uint8_t *pData, uint16_t Size);
      |                                                                   ~~~~~~~~~~~~~~~^~~~~
../project/at_commands_ST87M01.c:249:48: warning: pointer targets in passing argument 2 of 'HAL_UART_Receive_IT' differ in signedness [-Wpointer-sign]
  249 |         HAL_UART_Receive_IT(MOBILE_COMMS_UART, recived, 16);
      |                                                ^~~~~~~
      |                                                |
      |                                                char *
../../Drivers/STM32H7xx_HAL_Driver/Inc/stm32h7xx_hal_uart.h:1639:75: note: expected 'uint8_t *' {aka 'unsigned char *'} but argument is of type 'char *'
 1639 | HAL_StatusTypeDef HAL_UART_Receive_IT(UART_HandleTypeDef *huart, uint8_t *pData, uint16_t Size);
      |                                                                  ~~~~~~~~~^~~~~
../project/at_commands_ST87M01.c: At top level:
../project/at_commands_ST87M01.c:253:6: warning: conflicting types for 'mobile_sendCommand'; have 'void(char *, unsigned int,  char *)'
  253 | void mobile_sendCommand(char * command, unsigned int timeout, char * recived)
      |      ^~~~~~~~~~~~~~~~~~
../project/at_commands_ST87M01.c:197:9: note: previous implicit declaration of 'mobile_sendCommand' with type 'void(char *, unsigned int,  char *)'
  197 |         mobile_sendCommand("\r\nAT+SAPBR=3,1,\"CONTYPE\",\"GPRS\"\r\n",1500,recived);
      |         ^~~~~~~~~~~~~~~~~~
../project/at_commands_ST87M01.c: In function 'mobile_sendCommand':
../project/at_commands_ST87M01.c:255:58: warning: implicit declaration of function 'strlen' [-Wimplicit-function-declaration]
  255 |         HAL_UART_Transmit_IT(MOBILE_COMMS_UART, command, strlen(command));
      |                                                          ^~~~~~
../project/at_commands_ST87M01.c:8:1: note: include '<string.h>' or provide a declaration of 'strlen'
    7 | #include "at_commands_ST87M01.h"
  +++ |+#include <string.h>
    8 | 
../project/at_commands_ST87M01.c:255:58: warning: incompatible implicit declaration of built-in function 'strlen' [-Wbuiltin-declaration-mismatch]
  255 |         HAL_UART_Transmit_IT(MOBILE_COMMS_UART, command, strlen(command));
      |                                                          ^~~~~~
../project/at_commands_ST87M01.c:255:58: note: include '<string.h>' or provide a declaration of 'strlen'
../project/at_commands_ST87M01.c:255:49: warning: pointer targets in passing argument 2 of 'HAL_UART_Transmit_IT' differ in signedness [-Wpointer-sign]
  255 |         HAL_UART_Transmit_IT(MOBILE_COMMS_UART, command, strlen(command));
      |                                                 ^~~~~~~
      |                                                 |
      |                                                 char *
../../Drivers/STM32H7xx_HAL_Driver/Inc/stm32h7xx_hal_uart.h:1638:82: note: expected 'const uint8_t *' {aka 'const unsigned char *'} but argument is of type 'char *'
 1638 | HAL_StatusTypeDef HAL_UART_Transmit_IT(UART_HandleTypeDef *huart, const uint8_t *pData, uint16_t Size);
      |                                                                   ~~~~~~~~~~~~~~~^~~~~
../project/at_commands_ST87M01.c:257:48: warning: pointer targets in passing argument 2 of 'HAL_UART_Receive_IT' differ in signedness [-Wpointer-sign]
  257 |         HAL_UART_Receive_IT(MOBILE_COMMS_UART, recived, 16);
      |                                                ^~~~~~~
      |                                                |
      |                                                char *
../../Drivers/STM32H7xx_HAL_Driver/Inc/stm32h7xx_hal_uart.h:1639:75: note: expected 'uint8_t *' {aka 'unsigned char *'} but argument is of type 'char *'
 1639 | HAL_StatusTypeDef HAL_UART_Receive_IT(UART_HandleTypeDef *huart, uint8_t *pData, uint16_t Size);
      |                                                                  ~~~~~~~~~^~~~~
../project/at_commands_ST87M01.c: In function 'gnss_sendCommand':
../project/at_commands_ST87M01.c:262:50: warning: incompatible implicit declaration of built-in function 'strlen' [-Wbuiltin-declaration-mismatch]
  262 |         HAL_UART_Transmit_IT(GNSS_UART, command, strlen(command));
      |                                                  ^~~~~~
../project/at_commands_ST87M01.c:262:50: note: include '<string.h>' or provide a declaration of 'strlen'
../project/at_commands_ST87M01.c:262:41: warning: pointer targets in passing argument 2 of 'HAL_UART_Transmit_IT' differ in signedness [-Wpointer-sign]
  262 |         HAL_UART_Transmit_IT(GNSS_UART, command, strlen(command));
      |                                         ^~~~~~~
      |                                         |
      |                                         char *
../../Drivers/STM32H7xx_HAL_Driver/Inc/stm32h7xx_hal_uart.h:1638:82: note: expected 'const uint8_t *' {aka 'const unsigned char *'} but argument is of type 'char *'
 1638 | HAL_StatusTypeDef HAL_UART_Transmit_IT(UART_HandleTypeDef *huart, const uint8_t *pData, uint16_t Size);
      |                                                                   ~~~~~~~~~~~~~~~^~~~~
../project/at_commands_ST87M01.c:264:40: warning: pointer targets in passing argument 2 of 'HAL_UART_Receive_IT' differ in signedness [-Wpointer-sign]
  264 |         HAL_UART_Receive_IT(GNSS_UART, recived, 16);
      |                                        ^~~~~~~
      |                                        |
      |                                        char *
../../Drivers/STM32H7xx_HAL_Driver/Inc/stm32h7xx_hal_uart.h:1639:75: note: expected 'uint8_t *' {aka 'unsigned char *'} but argument is of type 'char *'
 1639 | HAL_StatusTypeDef HAL_UART_Receive_IT(UART_HandleTypeDef *huart, uint8_t *pData, uint16_t Size);
      |                                                                  ~~~~~~~~~^~~~~
arm-none-eabi-gcc -o "geral_test_h755zi-q_CM7.elf" @"objects.list"   -mcpu=cortex-m7 -T"/home/viny/Desktop/pi_project/stm32project/5s_drifter/geral_test_h755zi-q/CM7/STM32H755ZITX_FLASH.ld" --specs=nosys.specs -Wl,-Map="geral_test_h755zi-q_CM7.map" -Wl,--gc-sections -static --specs=nano.specs -mfpu=fpv5-d16 -mfloat-abi=hard -mthumb -u _printf_float -u _scanf_float -Wl,--start-group -lc -lm -Wl,--end-group
Finished building target: geral_test_h755zi-q_CM7.elf
 
arm-none-eabi-size  geral_test_h755zi-q_CM7.elf 
arm-none-eabi-objdump -h -S geral_test_h755zi-q_CM7.elf  > "geral_test_h755zi-q_CM7.list"
   text	   data	    bss	    dec	    hex	filename
  66116	    472	  14760	  81348	  13dc4	geral_test_h755zi-q_CM7.elf
Finished building: default.size.stdout
 
Finished building: geral_test_h755zi-q_CM7.list
 
15:24:54 **** Incremental Build of configuration Debug for project geral_test_h755zi-q_CM7 ****
make -j4 all 
arm-none-eabi-size  geral_test_h755zi-q_CM7.elf 
   text	   data	    bss	    dec	    hex	filename
  66116	    472	  14760	  81348	  13dc4	geral_test_h755zi-q_CM7.elf
Finished building: default.size.stdout
 
15:28:09 **** Incremental Build of configuration Debug for project geral_test_h755zi-q_CM7 ****
make -j4 all 
arm-none-eabi-gcc "../project/manager/managers_behavior/battery_behavior.c" -mcpu=cortex-m7 -std=gnu11 -g3 -DDEBUG -DCORE_CM7 -DUSE_HAL_DRIVER -DSTM32H755xx -DUSE_PWR_DIRECT_SMPS_SUPPLY -c -I../Core/Inc -I../../Drivers/STM32H7xx_HAL_Driver/Inc -I../../Drivers/STM32H7xx_HAL_Driver/Inc/Legacy -I../../Drivers/CMSIS/Device/ST/STM32H7xx/Include -I../../Drivers/CMSIS/Include -O0 -ffunction-sections -fdata-sections -Wall -u_printf_floats -fstack-usage -fcyclomatic-complexity -MMD -MP -MF"project/manager/managers_behavior/battery_behavior.d" -MT"project/manager/managers_behavior/battery_behavior.o" --specs=nano.specs -mfpu=fpv5-d16 -mfloat-abi=hard -mthumb -o "project/manager/managers_behavior/battery_behavior.o"
arm-none-eabi-gcc "../project/manager/managers_behavior/cnss_behavior.c" -mcpu=cortex-m7 -std=gnu11 -g3 -DDEBUG -DCORE_CM7 -DUSE_HAL_DRIVER -DSTM32H755xx -DUSE_PWR_DIRECT_SMPS_SUPPLY -c -I../Core/Inc -I../../Drivers/STM32H7xx_HAL_Driver/Inc -I../../Drivers/STM32H7xx_HAL_Driver/Inc/Legacy -I../../Drivers/CMSIS/Device/ST/STM32H7xx/Include -I../../Drivers/CMSIS/Include -O0 -ffunction-sections -fdata-sections -Wall -fstack-usage -fcyclomatic-complexity -MMD -MP -MF"project/manager/managers_behavior/cnss_behavior.d" -MT"project/manager/managers_behavior/cnss_behavior.o" --specs=nano.specs -mfpu=fpv5-d16 -mfloat-abi=hard -mthumb -o "project/manager/managers_behavior/cnss_behavior.o"
arm-none-eabi-gcc "../project/manager/managers_behavior/imu_behavior.c" -mcpu=cortex-m7 -std=gnu11 -g3 -DDEBUG -DCORE_CM7 -DUSE_HAL_DRIVER -DSTM32H755xx -DUSE_PWR_DIRECT_SMPS_SUPPLY -c -I../Core/Inc -I../../Drivers/STM32H7xx_HAL_Driver/Inc -I../../Drivers/STM32H7xx_HAL_Driver/Inc/Legacy -I../../Drivers/CMSIS/Device/ST/STM32H7xx/Include -I../../Drivers/CMSIS/Include -O0 -ffunction-sections -fdata-sections -Wall -fstack-usage -fcyclomatic-complexity -MMD -MP -MF"project/manager/managers_behavior/imu_behavior.d" -MT"project/manager/managers_behavior/imu_behavior.o" --specs=nano.specs -mfpu=fpv5-d16 -mfloat-abi=hard -mthumb -o "project/manager/managers_behavior/imu_behavior.o"
arm-none-eabi-gcc "../project/manager/managers_behavior/nb_iot_behavior.c" -mcpu=cortex-m7 -std=gnu11 -g3 -DDEBUG -DCORE_CM7 -DUSE_HAL_DRIVER -DSTM32H755xx -DUSE_PWR_DIRECT_SMPS_SUPPLY -c -I../Core/Inc -I../../Drivers/STM32H7xx_HAL_Driver/Inc -I../../Drivers/STM32H7xx_HAL_Driver/Inc/Legacy -I../../Drivers/CMSIS/Device/ST/STM32H7xx/Include -I../../Drivers/CMSIS/Include -O0 -ffunction-sections -fdata-sections -Wall -fstack-usage -fcyclomatic-complexity -MMD -MP -MF"project/manager/managers_behavior/nb_iot_behavior.d" -MT"project/manager/managers_behavior/nb_iot_behavior.o" --specs=nano.specs -mfpu=fpv5-d16 -mfloat-abi=hard -mthumb -o "project/manager/managers_behavior/nb_iot_behavior.o"
../project/manager/managers_behavior/battery_behavior.c: In function 'battery_update':
../project/manager/managers_behavior/battery_behavior.c:24:9: warning: implicit declaration of function 'sprintf' [-Wimplicit-function-declaration]
   24 |         sprintf(buffer,"Batt:%d\n\n",(int)temp->power_level);
      |         ^~~~~~~
../project/manager/managers_behavior/battery_behavior.c:8:1: note: include '<stdio.h>' or provide a declaration of 'sprintf'
    7 | #include "battery_behavior.h"
  +++ |+#include <stdio.h>
    8 | 
../project/manager/managers_behavior/battery_behavior.c:24:9: warning: incompatible implicit declaration of built-in function 'sprintf' [-Wbuiltin-declaration-mismatch]
   24 |         sprintf(buffer,"Batt:%d\n\n",(int)temp->power_level);
      |         ^~~~~~~
../project/manager/managers_behavior/battery_behavior.c:24:9: note: include '<stdio.h>' or provide a declaration of 'sprintf'
../project/manager/managers_behavior/battery_behavior.c:25:36: warning: pointer targets in passing argument 2 of 'HAL_UART_Transmit' differ in signedness [-Wpointer-sign]
   25 |         HAL_UART_Transmit(&huart3, buffer, 8, -1);
      |                                    ^~~~~~
      |                                    |
      |                                    char *
In file included from ../Core/Inc/stm32h7xx_hal_conf.h:462,
                 from ../../Drivers/STM32H7xx_HAL_Driver/Inc/stm32h7xx_hal.h:29,
                 from ../project/manager/managers_behavior/../../../Core/Inc/main.h:30,
                 from ../project/manager/managers_behavior/../manager.h:11,
                 from ../project/manager/managers_behavior/battery_behavior.h:11,
                 from ../project/manager/managers_behavior/battery_behavior.c:7:
../../Drivers/STM32H7xx_HAL_Driver/Inc/stm32h7xx_hal_uart.h:1636:79: note: expected 'const uint8_t *' {aka 'const unsigned char *'} but argument is of type 'char *'
 1636 | HAL_StatusTypeDef HAL_UART_Transmit(UART_HandleTypeDef *huart, const uint8_t *pData, uint16_t Size, uint32_t Timeout);
      |                                                                ~~~~~~~~~~~~~~~^~~~~
In file included from ../project/manager/managers_behavior/../../package.h:11,
                 from ../project/manager/managers_behavior/../manager.h:12,
                 from ../project/manager/managers_behavior/nb_iot_behavior.h:11,
                 from ../project/manager/managers_behavior/nb_iot_behavior.c:8:
../project/manager/managers_behavior/nb_iot_behavior.c: In function 'nb_iot_init':
../project/manager/managers_behavior/../../defines.h:58:31: warning: pointer targets in passing argument 2 of 'HAL_UART_Transmit_IT' differ in signedness [-Wpointer-sign]
   58 | #define MOBILE_COMMS_INIT_MSG "\r\nMobile Comms Init\r\n"
      |                               ^~~~~~~~~~~~~~~~~~~~~~~~~~~
      |                               |
      |                               char *
../project/manager/managers_behavior/nb_iot_behavior.c:15:42: note: in expansion of macro 'MOBILE_COMMS_INIT_MSG'
   15 |         HAL_UART_Transmit_IT(DEBUG_UART, MOBILE_COMMS_INIT_MSG, sizeof MOBILE_COMMS_INIT_MSG);
      |                                          ^~~~~~~~~~~~~~~~~~~~~
In file included from ../Core/Inc/stm32h7xx_hal_conf.h:462,
                 from ../../Drivers/STM32H7xx_HAL_Driver/Inc/stm32h7xx_hal.h:29,
                 from ../project/manager/managers_behavior/../../../Core/Inc/main.h:30,
                 from ../project/manager/managers_behavior/../manager.h:11:
../../Drivers/STM32H7xx_HAL_Driver/Inc/stm32h7xx_hal_uart.h:1638:82: note: expected 'const uint8_t *' {aka 'const unsigned char *'} but argument is of type 'char *'
 1638 | HAL_StatusTypeDef HAL_UART_Transmit_IT(UART_HandleTypeDef *huart, const uint8_t *pData, uint16_t Size);
      |                                                                   ~~~~~~~~~~~~~~~^~~~~
../project/manager/managers_behavior/nb_iot_behavior.c:17:9: warning: implicit declaration of function 'at_echo_off' [-Wimplicit-function-declaration]
   17 |         at_echo_off(recived_at_msg);
      |         ^~~~~~~~~~~
In file included from ../project/manager/managers_behavior/../../package.h:11,
                 from ../project/manager/managers_behavior/../manager.h:12,
                 from ../project/manager/managers_behavior/cnss_behavior.h:11,
                 from ../project/manager/managers_behavior/cnss_behavior.c:8:
../project/manager/managers_behavior/cnss_behavior.c: In function 'cnss_init':
../project/manager/managers_behavior/../../defines.h:70:23: warning: pointer targets in passing argument 2 of 'HAL_UART_Transmit_IT' differ in signedness [-Wpointer-sign]
   70 | #define GNSS_INIT_MSG "\r\nGNSS Init\r\n"
      |                       ^~~~~~~~~~~~~~~~~~~
      |                       |
      |                       char *
../project/manager/managers_behavior/cnss_behavior.c:18:42: note: in expansion of macro 'GNSS_INIT_MSG'
   18 |         HAL_UART_Transmit_IT(DEBUG_UART, GNSS_INIT_MSG, sizeof GNSS_INIT_MSG);
      |                                          ^~~~~~~~~~~~~
In file included from ../Core/Inc/stm32h7xx_hal_conf.h:462,
                 from ../../Drivers/STM32H7xx_HAL_Driver/Inc/stm32h7xx_hal.h:29,
                 from ../project/manager/managers_behavior/../../../Core/Inc/main.h:30,
                 from ../project/manager/managers_behavior/../manager.h:11:
../../Drivers/STM32H7xx_HAL_Driver/Inc/stm32h7xx_hal_uart.h:1638:82: note: expected 'const uint8_t *' {aka 'const unsigned char *'} but argument is of type 'char *'
 1638 | HAL_StatusTypeDef HAL_UART_Transmit_IT(UART_HandleTypeDef *huart, const uint8_t *pData, uint16_t Size);
      |                                                                   ~~~~~~~~~~~~~~~^~~~~
../project/manager/managers_behavior/nb_iot_behavior.c:21:9: warning: implicit declaration of function 'at_network_mode' [-Wimplicit-function-declaration]
   21 |         at_network_mode(recived_at_msg);
      |         ^~~~~~~~~~~~~~~
../project/manager/managers_behavior/cnss_behavior.c:26:9: warning: implicit declaration of function 'at_power_on' [-Wimplicit-function-declaration]
   26 |         at_power_on(recived_buffer_debug); // turn on the GNSS
      |         ^~~~~~~~~~~
../project/manager/managers_behavior/cnss_behavior.c:27:9: warning: implicit declaration of function 'sprintf' [-Wimplicit-function-declaration]
   27 |         sprintf(buffer,"\r\nOn:%s\r\n",recived_buffer_debug);
      |         ^~~~~~~
../project/manager/managers_behavior/cnss_behavior.c:9:1: note: include '<stdio.h>' or provide a declaration of 'sprintf'
    8 | #include "cnss_behavior.h"
  +++ |+#include <stdio.h>
    9 | 
../project/manager/managers_behavior/cnss_behavior.c:27:9: warning: incompatible implicit declaration of built-in function 'sprintf' [-Wbuiltin-declaration-mismatch]
   27 |         sprintf(buffer,"\r\nOn:%s\r\n",recived_buffer_debug);
      |         ^~~~~~~
../project/manager/managers_behavior/cnss_behavior.c:27:9: note: include '<stdio.h>' or provide a declaration of 'sprintf'
../project/manager/managers_behavior/cnss_behavior.c:28:39: warning: pointer targets in passing argument 2 of 'HAL_UART_Transmit' differ in signedness [-Wpointer-sign]
   28 |         HAL_UART_Transmit(DEBUG_UART, buffer, 16, -1);
      |                                       ^~~~~~
      |                                       |
      |                                       char *
../../Drivers/STM32H7xx_HAL_Driver/Inc/stm32h7xx_hal_uart.h:1636:79: note: expected 'const uint8_t *' {aka 'const unsigned char *'} but argument is of type 'char *'
 1636 | HAL_StatusTypeDef HAL_UART_Transmit(UART_HandleTypeDef *huart, const uint8_t *pData, uint16_t Size, uint32_t Timeout);
      |                                                                ~~~~~~~~~~~~~~~^~~~~
../project/manager/managers_behavior/nb_iot_behavior.c:25:9: warning: implicit declaration of function 'at_set_band' [-Wimplicit-function-declaration]
   25 |         at_set_band(recived_at_msg);
      |         ^~~~~~~~~~~
../project/manager/managers_behavior/nb_iot_behavior.c:29:9: warning: implicit declaration of function 'at_setup_lte' [-Wimplicit-function-declaration]
   29 |         at_setup_lte(recived_at_msg);
      |         ^~~~~~~~~~~~
../project/manager/managers_behavior/cnss_behavior.c:32:9: warning: implicit declaration of function 'at_echo_off' [-Wimplicit-function-declaration]
   32 |         at_echo_off (recived_buffer_debug); // turn off echo function
      |         ^~~~~~~~~~~
../project/manager/managers_behavior/cnss_behavior.c:34:39: warning: pointer targets in passing argument 2 of 'HAL_UART_Transmit' differ in signedness [-Wpointer-sign]
   34 |         HAL_UART_Transmit(DEBUG_UART, buffer, 16, -1);
      |                                       ^~~~~~
      |                                       |
      |                                       char *
../../Drivers/STM32H7xx_HAL_Driver/Inc/stm32h7xx_hal_uart.h:1636:79: note: expected 'const uint8_t *' {aka 'const unsigned char *'} but argument is of type 'char *'
 1636 | HAL_StatusTypeDef HAL_UART_Transmit(UART_HandleTypeDef *huart, const uint8_t *pData, uint16_t Size, uint32_t Timeout);
      |                                                                ~~~~~~~~~~~~~~~^~~~~
arm-none-eabi-gcc "../project/manager/manager.c" -mcpu=cortex-m7 -std=gnu11 -g3 -DDEBUG -DCORE_CM7 -DUSE_HAL_DRIVER -DSTM32H755xx -DUSE_PWR_DIRECT_SMPS_SUPPLY -c -I../Core/Inc -I../../Drivers/STM32H7xx_HAL_Driver/Inc -I../../Drivers/STM32H7xx_HAL_Driver/Inc/Legacy -I../../Drivers/CMSIS/Device/ST/STM32H7xx/Include -I../../Drivers/CMSIS/Include -O0 -ffunction-sections -fdata-sections -Wall -fstack-usage -fcyclomatic-complexity -MMD -MP -MF"project/manager/manager.d" -MT"project/manager/manager.o" --specs=nano.specs -mfpu=fpv5-d16 -mfloat-abi=hard -mthumb -o "project/manager/manager.o"
../project/manager/managers_behavior/cnss_behavior.c:38:9: warning: implicit declaration of function 'at_set_baudrate' [-Wimplicit-function-declaration]
   38 |         at_set_baudrate (recived_buffer_debug);
      |         ^~~~~~~~~~~~~~~
../project/manager/managers_behavior/cnss_behavior.c:40:39: warning: pointer targets in passing argument 2 of 'HAL_UART_Transmit' differ in signedness [-Wpointer-sign]
   40 |         HAL_UART_Transmit(DEBUG_UART, buffer, 16, -1);
      |                                       ^~~~~~
      |                                       |
      |                                       char *
../../Drivers/STM32H7xx_HAL_Driver/Inc/stm32h7xx_hal_uart.h:1636:79: note: expected 'const uint8_t *' {aka 'const unsigned char *'} but argument is of type 'char *'
 1636 | HAL_StatusTypeDef HAL_UART_Transmit(UART_HandleTypeDef *huart, const uint8_t *pData, uint16_t Size, uint32_t Timeout);
      |                                                                ~~~~~~~~~~~~~~~^~~~~
../project/manager/managers_behavior/cnss_behavior.c: In function 'cnss_update':
../project/manager/managers_behavior/cnss_behavior.c:49:17: warning: implicit declaration of function 'memset' [-Wimplicit-function-declaration]
   49 |                 memset(recived_buffer_debug, 0, DEBUG_ANSWER_LEN);
      |                 ^~~~~~
../project/manager/managers_behavior/cnss_behavior.c:9:1: note: include '<string.h>' or provide a declaration of 'memset'
    8 | #include "cnss_behavior.h"
  +++ |+#include <string.h>
    9 | 
../project/manager/managers_behavior/cnss_behavior.c:49:17: warning: incompatible implicit declaration of built-in function 'memset' [-Wbuiltin-declaration-mismatch]
   49 |                 memset(recived_buffer_debug, 0, DEBUG_ANSWER_LEN);
      |                 ^~~~~~
../project/manager/managers_behavior/cnss_behavior.c:49:17: note: include '<string.h>' or provide a declaration of 'memset'
../project/manager/managers_behavior/nb_iot_behavior.c:33:9: warning: implicit declaration of function 'at_network_pdp_activate' [-Wimplicit-function-declaration]
   33 |         at_network_pdp_activate(recived_at_msg);
      |         ^~~~~~~~~~~~~~~~~~~~~~~
../project/manager/managers_behavior/nb_iot_behavior.c:37:9: warning: implicit declaration of function 'at_gprs_init' [-Wimplicit-function-declaration]
   37 |         at_gprs_init(recived_at_msg);
      |         ^~~~~~~~~~~~
../project/manager/managers_behavior/cnss_behavior.c:50:17: warning: implicit declaration of function 'at_power_state' [-Wimplicit-function-declaration]
   50 |                 at_power_state(recived_buffer_debug); //ask if the module is ready
      |                 ^~~~~~~~~~~~~~
../project/manager/managers_behavior/cnss_behavior.c:53:17: warning: incompatible implicit declaration of built-in function 'sprintf' [-Wbuiltin-declaration-mismatch]
   53 |                 sprintf(buffer,"\r\nVerification:%s\r\n",recived_buffer_debug);
      |                 ^~~~~~~
../project/manager/managers_behavior/cnss_behavior.c:53:17: note: include '<stdio.h>' or provide a declaration of 'sprintf'
../project/manager/managers_behavior/cnss_behavior.c:55:50: warning: pointer targets in passing argument 2 of 'HAL_UART_Transmit_IT' differ in signedness [-Wpointer-sign]
   55 |                 HAL_UART_Transmit_IT(DEBUG_UART, buffer, 32);
      |                                                  ^~~~~~
      |                                                  |
      |                                                  char *
../../Drivers/STM32H7xx_HAL_Driver/Inc/stm32h7xx_hal_uart.h:1638:82: note: expected 'const uint8_t *' {aka 'const unsigned char *'} but argument is of type 'char *'
 1638 | HAL_StatusTypeDef HAL_UART_Transmit_IT(UART_HandleTypeDef *huart, const uint8_t *pData, uint16_t Size);
      |                                                                   ~~~~~~~~~~~~~~~^~~~~
../project/manager/managers_behavior/cnss_behavior.c:57:17: warning: implicit declaration of function 'sscanf' [-Wimplicit-function-declaration]
   57 |                 sscanf(recived_buffer_debug,"\r\n+CGNSPWR: %d",&gnss_run_status);
      |                 ^~~~~~
../project/manager/managers_behavior/cnss_behavior.c:57:17: note: include '<stdio.h>' or provide a declaration of 'sscanf'
../project/manager/managers_behavior/cnss_behavior.c:57:17: warning: incompatible implicit declaration of built-in function 'sscanf' [-Wbuiltin-declaration-mismatch]
../project/manager/managers_behavior/cnss_behavior.c:57:17: note: include '<stdio.h>' or provide a declaration of 'sscanf'
../project/manager/managers_behavior/cnss_behavior.c:57:61: warning: format '%d' expects argument of type 'int *', but argument 3 has type 'char *' [-Wformat=]
   57 |                 sscanf(recived_buffer_debug,"\r\n+CGNSPWR: %d",&gnss_run_status);
      |                                                            ~^  ~~~~~~~~~~~~~~~~
      |                                                             |  |
      |                                                             |  char *
      |                                                             int *
      |                                                            %hhd
../project/manager/managers_behavior/cnss_behavior.c:60:9: warning: incompatible implicit declaration of built-in function 'memset' [-Wbuiltin-declaration-mismatch]
   60 |         memset(recived_buffer_gnss, 0, GNSS_ANSWER_LEN);
      |         ^~~~~~
../project/manager/managers_behavior/cnss_behavior.c:60:9: note: include '<string.h>' or provide a declaration of 'memset'
../project/manager/managers_behavior/nb_iot_behavior.c:41:9: warning: implicit declaration of function 'at_network_attach_request' [-Wimplicit-function-declaration]
   41 |         at_network_attach_request (recived_at_msg);
      |         ^~~~~~~~~~~~~~~~~~~~~~~~~
../project/manager/managers_behavior/cnss_behavior.c:62:9: warning: implicit declaration of function 'at_gnss_signal' [-Wimplicit-function-declaration]
   62 |         at_gnss_signal(recived_buffer_gnss);
      |         ^~~~~~~~~~~~~~
../project/manager/managers_behavior/cnss_behavior.c:66:9: warning: incompatible implicit declaration of built-in function 'sscanf' [-Wbuiltin-declaration-mismatch]
   66 |         sscanf(recived_buffer_gnss,
      |         ^~~~~~
../project/manager/managers_behavior/cnss_behavior.c:66:9: note: include '<stdio.h>' or provide a declaration of 'sscanf'
../project/manager/managers_behavior/cnss_behavior.c:67:32: warning: format '%d' expects argument of type 'int *', but argument 3 has type 'char *' [-Wformat=]
   67 |                "\r\n+CGNSINF: %d,%c,%[^,],%f,%f"
      |                               ~^
      |                                |
      |                                int *
      |                               %hhd
   68 |                         ,&gnss_run_status
      |                          ~~~~~~~~~~~~~~~~
      |                          |
      |                          char *
../project/manager/managers_behavior/cnss_behavior.c:86:9: warning: incompatible implicit declaration of built-in function 'sprintf' [-Wbuiltin-declaration-mismatch]
   86 |         sprintf(buffer,"\r\nGNSS:\n\tLat:%f\n\tLong:%f\r\n"
      |         ^~~~~~~
../project/manager/managers_behavior/cnss_behavior.c:86:9: note: include '<stdio.h>' or provide a declaration of 'sprintf'
../project/manager/managers_behavior/cnss_behavior.c:90:39: warning: pointer targets in passing argument 2 of 'HAL_UART_Transmit' differ in signedness [-Wpointer-sign]
   90 |         HAL_UART_Transmit(DEBUG_UART, buffer,GNSS_ANSWER_LEN,1000);
      |                                       ^~~~~~
      |                                       |
      |                                       char *
../../Drivers/STM32H7xx_HAL_Driver/Inc/stm32h7xx_hal_uart.h:1636:79: note: expected 'const uint8_t *' {aka 'const unsigned char *'} but argument is of type 'char *'
arm-none-eabi-gcc "../project/at_commands_ST87M01.c" -mcpu=cortex-m7 -std=gnu11 -g3 -DDEBUG -DCORE_CM7 -DUSE_HAL_DRIVER -DSTM32H755xx -DUSE_PWR_DIRECT_SMPS_SUPPLY -c -I../Core/Inc -I../../Drivers/STM32H7xx_HAL_Driver/Inc -I../../Drivers/STM32H7xx_HAL_Driver/Inc/Legacy -I../../Drivers/CMSIS/Device/ST/STM32H7xx/Include -I../../Drivers/CMSIS/Include -O0 -ffunction-sections -fdata-sections -Wall -fstack-usage -fcyclomatic-complexity -MMD -MP -MF"project/at_commands_ST87M01.d" -MT"project/at_commands_ST87M01.o" --specs=nano.specs -mfpu=fpv5-d16 -mfloat-abi=hard -mthumb -o "project/at_commands_ST87M01.o"
 1636 | HAL_StatusTypeDef HAL_UART_Transmit(UART_HandleTypeDef *huart, const uint8_t *pData, uint16_t Size, uint32_t Timeout);
      |                                                                ~~~~~~~~~~~~~~~^~~~~
../project/manager/managers_behavior/cnss_behavior.c: In function 'retry_delay':
../project/manager/managers_behavior/../../defines.h:69:31: warning: pointer targets in passing argument 2 of 'HAL_UART_Transmit_IT' differ in signedness [-Wpointer-sign]
   69 | #define CONNECTION_FAILED_MSG "Connection Failed\n"
      |                               ^~~~~~~~~~~~~~~~~~~~~
      |                               |
      |                               char *
../project/manager/managers_behavior/cnss_behavior.c:96:42: note: in expansion of macro 'CONNECTION_FAILED_MSG'
   96 |         HAL_UART_Transmit_IT(DEBUG_UART, CONNECTION_FAILED_MSG, sizeof(CONNECTION_FAILED_MSG));
      |                                          ^~~~~~~~~~~~~~~~~~~~~
../../Drivers/STM32H7xx_HAL_Driver/Inc/stm32h7xx_hal_uart.h:1638:82: note: expected 'const uint8_t *' {aka 'const unsigned char *'} but argument is of type 'char *'
 1638 | HAL_StatusTypeDef HAL_UART_Transmit_IT(UART_HandleTypeDef *huart, const uint8_t *pData, uint16_t Size);
      |                                                                   ~~~~~~~~~~~~~~~^~~~~
../project/manager/managers_behavior/cnss_behavior.c:98:42: warning: pointer targets in passing argument 2 of 'HAL_UART_Transmit_IT' differ in signedness [-Wpointer-sign]
   98 |         HAL_UART_Transmit_IT(DEBUG_UART, "Retrying GNSS data\n",sizeof("Retrying GNSS data\n"));
      |                                          ^~~~~~~~~~~~~~~~~~~~~~
      |                                          |
      |                                          char *
../../Drivers/STM32H7xx_HAL_Driver/Inc/stm32h7xx_hal_uart.h:1638:82: note: expected 'const uint8_t *' {aka 'const unsigned char *'} but argument is of type 'char *'
 1638 | HAL_StatusTypeDef HAL_UART_Transmit_IT(UART_HandleTypeDef *huart, const uint8_t *pData, uint16_t Size);
      |                                                                   ~~~~~~~~~~~~~~~^~~~~
../project/manager/managers_behavior/cnss_behavior.c:100:9: warning: incompatible implicit declaration of built-in function 'memset' [-Wbuiltin-declaration-mismatch]
  100 |         memset(recived_buffer_debug, 0, DEBUG_ANSWER_LEN);
      |         ^~~~~~
../project/manager/managers_behavior/cnss_behavior.c:100:9: note: include '<string.h>' or provide a declaration of 'memset'
../project/manager/managers_behavior/nb_iot_behavior.c:43:9: warning: implicit declaration of function 'at_set_ip_config' [-Wimplicit-function-declaration]
   43 |         at_set_ip_config(recived_at_msg);
      |         ^~~~~~~~~~~~~~~~
../project/manager/managers_behavior/cnss_behavior.c:101:9: warning: implicit declaration of function 'at_power_off' [-Wimplicit-function-declaration]
  101 |         at_power_off(recived_buffer_debug); // turn on the GNSS
      |         ^~~~~~~~~~~~
../project/manager/managers_behavior/cnss_behavior.c:102:9: warning: incompatible implicit declaration of built-in function 'sprintf' [-Wbuiltin-declaration-mismatch]
  102 |         sprintf(buffer,"Turning OFF:%s\n",recived_buffer_debug);
      |         ^~~~~~~
../project/manager/managers_behavior/cnss_behavior.c:102:9: note: include '<stdio.h>' or provide a declaration of 'sprintf'
../project/manager/managers_behavior/cnss_behavior.c:103:39: warning: pointer targets in passing argument 2 of 'HAL_UART_Transmit' differ in signedness [-Wpointer-sign]
  103 |         HAL_UART_Transmit(DEBUG_UART, buffer, 32, -1);
      |                                       ^~~~~~
      |                                       |
      |                                       char *
../../Drivers/STM32H7xx_HAL_Driver/Inc/stm32h7xx_hal_uart.h:1636:79: note: expected 'const uint8_t *' {aka 'const unsigned char *'} but argument is of type 'char *'
 1636 | HAL_StatusTypeDef HAL_UART_Transmit(UART_HandleTypeDef *huart, const uint8_t *pData, uint16_t Size, uint32_t Timeout);
      |                                                                ~~~~~~~~~~~~~~~^~~~~
../project/manager/managers_behavior/cnss_behavior.c:110:39: warning: pointer targets in passing argument 2 of 'HAL_UART_Transmit' differ in signedness [-Wpointer-sign]
  110 |         HAL_UART_Transmit(DEBUG_UART, buffer, 32, -1);
      |                                       ^~~~~~
      |                                       |
      |                                       char *
../../Drivers/STM32H7xx_HAL_Driver/Inc/stm32h7xx_hal_uart.h:1636:79: note: expected 'const uint8_t *' {aka 'const unsigned char *'} but argument is of type 'char *'
 1636 | HAL_StatusTypeDef HAL_UART_Transmit(UART_HandleTypeDef *huart, const uint8_t *pData, uint16_t Size, uint32_t Timeout);
      |                                                                ~~~~~~~~~~~~~~~^~~~~
../project/manager/managers_behavior/cnss_behavior.c: In function 'cnss_init':
../project/manager/managers_behavior/cnss_behavior.c:27:32: warning: '%s' directive writing up to 63 bytes into a region of size 59 [-Wformat-overflow=]
   27 |         sprintf(buffer,"\r\nOn:%s\r\n",recived_buffer_debug);
      |                                ^~      ~~~~~~~~~~~~~~~~~~~~
../project/manager/managers_behavior/cnss_behavior.c:27:9: note: 'sprintf' output between 8 and 71 bytes into a destination of size 64
   27 |         sprintf(buffer,"\r\nOn:%s\r\n",recived_buffer_debug);
      |         ^~~~~~~~~~~~~~~~~~~~~~~~~~~~~~~~~~~~~~~~~~~~~~~~~~~~
../project/manager/managers_behavior/cnss_behavior.c:33:38: warning: '%s' directive writing up to 63 bytes into a region of size 53 [-Wformat-overflow=]
   33 |         sprintf(buffer,"\r\nEcho off:%s\r\n",recived_buffer_debug);
      |                                      ^~      ~~~~~~~~~~~~~~~~~~~~
../project/manager/managers_behavior/cnss_behavior.c:33:9: note: 'sprintf' output between 14 and 77 bytes into a destination of size 64
   33 |         sprintf(buffer,"\r\nEcho off:%s\r\n",recived_buffer_debug);
      |         ^~~~~~~~~~~~~~~~~~~~~~~~~~~~~~~~~~~~~~~~~~~~~~~~~~~~~~~~~~
../project/manager/managers_behavior/cnss_behavior.c:39:38: warning: '%s' directive writing up to 63 bytes into a region of size 53 [-Wformat-overflow=]
   39 |         sprintf(buffer,"\r\nBaudrate:%s\r\n",recived_buffer_debug);
      |                                      ^~      ~~~~~~~~~~~~~~~~~~~~
../project/manager/managers_behavior/cnss_behavior.c:39:9: note: 'sprintf' output between 14 and 77 bytes into a destination of size 64
   39 |         sprintf(buffer,"\r\nBaudrate:%s\r\n",recived_buffer_debug);
      |         ^~~~~~~~~~~~~~~~~~~~~~~~~~~~~~~~~~~~~~~~~~~~~~~~~~~~~~~~~~
../project/manager/managers_behavior/cnss_behavior.c: In function 'retry_delay':
../project/manager/managers_behavior/cnss_behavior.c:102:37: warning: '%s' directive writing up to 63 bytes into a region of size 52 [-Wformat-overflow=]
  102 |         sprintf(buffer,"Turning OFF:%s\n",recived_buffer_debug);
      |                                     ^~    ~~~~~~~~~~~~~~~~~~~~
../project/manager/managers_behavior/cnss_behavior.c:102:9: note: 'sprintf' output between 14 and 77 bytes into a destination of size 64
  102 |         sprintf(buffer,"Turning OFF:%s\n",recived_buffer_debug);
      |         ^~~~~~~~~~~~~~~~~~~~~~~~~~~~~~~~~~~~~~~~~~~~~~~~~~~~~~~
../project/manager/managers_behavior/cnss_behavior.c:109:36: warning: '%s' directive writing up to 63 bytes into a region of size 53 [-Wformat-overflow=]
  109 |         sprintf(buffer,"Turning ON:%s\n",recived_buffer_debug);
      |                                    ^~    ~~~~~~~~~~~~~~~~~~~~
../project/manager/managers_behavior/cnss_behavior.c:109:9: note: 'sprintf' output between 13 and 76 bytes into a destination of size 64
  109 |         sprintf(buffer,"Turning ON:%s\n",recived_buffer_debug);
      |         ^~~~~~~~~~~~~~~~~~~~~~~~~~~~~~~~~~~~~~~~~~~~~~~~~~~~~~
../project/manager/managers_behavior/cnss_behavior.c: In function 'cnss_update':
../project/manager/managers_behavior/cnss_behavior.c:53:50: warning: '%s' directive writing up to 63 bytes into a region of size 49 [-Wformat-overflow=]
   53 |                 sprintf(buffer,"\r\nVerification:%s\r\n",recived_buffer_debug);
      |                                                  ^~      ~~~~~~~~~~~~~~~~~~~~
../project/manager/managers_behavior/cnss_behavior.c:53:17: note: 'sprintf' output between 18 and 81 bytes into a destination of size 64
   53 |                 sprintf(buffer,"\r\nVerification:%s\r\n",recived_buffer_debug);
      |                 ^~~~~~~~~~~~~~~~~~~~~~~~~~~~~~~~~~~~~~~~~~~~~~~~~~~~~~~~~~~~~~
../project/at_commands_ST87M01.c: In function 'at_set_baudrate':
../project/at_commands_ST87M01.c:13:39: warning: pointer targets in passing argument 2 of 'HAL_UART_Transmit_IT' differ in signedness [-Wpointer-sign]
   13 |         HAL_UART_Transmit_IT(&huart1, buffer, sizeof buffer);
      |                                       ^~~~~~
      |                                       |
      |                                       char *
In file included from ../Core/Inc/stm32h7xx_hal_conf.h:462,
                 from ../../Drivers/STM32H7xx_HAL_Driver/Inc/stm32h7xx_hal.h:29,
                 from ../project/with_RTOS/../../Core/Inc/main.h:30,
                 from ../project/with_RTOS/task_header.h:13,
                 from ../project/at_commands_ST87M01.h:12,
                 from ../project/at_commands_ST87M01.c:7:
../../Drivers/STM32H7xx_HAL_Driver/Inc/stm32h7xx_hal_uart.h:1638:82: note: expected 'const uint8_t *' {aka 'const unsigned char *'} but argument is of type 'char *'
[...]
../project/manager/managers_behavior/cnss_behavior.c:102:39: warning: pointer targets in passing argument 2 of 'HAL_UART_Transmit' differ in signedness [-Wpointer-sign]
  102 |         HAL_UART_Transmit(DEBUG_UART, buffer, 32, -1);
      |                                       ^~~~~~
      |                                       |
      |                                       char *
../../Drivers/STM32H7xx_HAL_Driver/Inc/stm32h7xx_hal_uart.h:1636:79: note: expected 'const uint8_t *' {aka 'const unsigned char *'} but argument is of type 'char *'
 1636 | HAL_StatusTypeDef HAL_UART_Transmit(UART_HandleTypeDef *huart, const uint8_t *pData, uint16_t Size, uint32_t Timeout);
      |                                                                ~~~~~~~~~~~~~~~^~~~~
../project/manager/managers_behavior/cnss_behavior.c:110:39: warning: pointer targets in passing argument 2 of 'HAL_UART_Transmit' differ in signedness [-Wpointer-sign]
  110 |         HAL_UART_Transmit(DEBUG_UART, buffer, 32, -1);
      |                                       ^~~~~~
      |                                       |
      |                                       char *
../../Drivers/STM32H7xx_HAL_Driver/Inc/stm32h7xx_hal_uart.h:1636:79: note: expected 'const uint8_t *' {aka 'const unsigned char *'} but argument is of type 'char *'
 1636 | HAL_StatusTypeDef HAL_UART_Transmit(UART_HandleTypeDef *huart, const uint8_t *pData, uint16_t Size, uint32_t Timeout);
      |                                                                ~~~~~~~~~~~~~~~^~~~~
../project/manager/managers_behavior/cnss_behavior.c: In function 'cnss_init':
../project/manager/managers_behavior/cnss_behavior.c:27:38: warning: '%s' directive writing up to 63 bytes into a region of size 53 [-Wformat-overflow=]
   27 |         sprintf(buffer,"\r\nEcho off:%s\r\n",recived_buffer_debug);
      |                                      ^~      ~~~~~~~~~~~~~~~~~~~~
../project/manager/managers_behavior/cnss_behavior.c:27:9: note: 'sprintf' output between 14 and 77 bytes into a destination of size 64
   27 |         sprintf(buffer,"\r\nEcho off:%s\r\n",recived_buffer_debug);
      |         ^~~~~~~~~~~~~~~~~~~~~~~~~~~~~~~~~~~~~~~~~~~~~~~~~~~~~~~~~~
../project/manager/managers_behavior/cnss_behavior.c:31:38: warning: '%s' directive writing up to 63 bytes into a region of size 53 [-Wformat-overflow=]
   31 |         sprintf(buffer,"\r\nBaudrate:%s\r\n",recived_buffer_debug);
      |                                      ^~      ~~~~~~~~~~~~~~~~~~~~
../project/manager/managers_behavior/cnss_behavior.c:31:9: note: 'sprintf' output between 14 and 77 bytes into a destination of size 64
   31 |         sprintf(buffer,"\r\nBaudrate:%s\r\n",recived_buffer_debug);
      |         ^~~~~~~~~~~~~~~~~~~~~~~~~~~~~~~~~~~~~~~~~~~~~~~~~~~~~~~~~~
../project/manager/managers_behavior/cnss_behavior.c:35:32: warning: '%s' directive writing up to 63 bytes into a region of size 59 [-Wformat-overflow=]
   35 |         sprintf(buffer,"\r\nOn:%s\r\n",recived_buffer_debug);
      |                                ^~      ~~~~~~~~~~~~~~~~~~~~
../project/manager/managers_behavior/cnss_behavior.c:35:9: note: 'sprintf' output between 8 and 71 bytes into a destination of size 64
   35 |         sprintf(buffer,"\r\nOn:%s\r\n",recived_buffer_debug);
      |         ^~~~~~~~~~~~~~~~~~~~~~~~~~~~~~~~~~~~~~~~~~~~~~~~~~~~
../project/manager/managers_behavior/cnss_behavior.c: In function 'retry_delay':
../project/manager/managers_behavior/cnss_behavior.c:101:37: warning: '%s' directive writing up to 63 bytes into a region of size 52 [-Wformat-overflow=]
  101 |         sprintf(buffer,"Turning OFF:%s\n",recived_buffer_debug);
      |                                     ^~    ~~~~~~~~~~~~~~~~~~~~
../project/manager/managers_behavior/cnss_behavior.c:101:9: note: 'sprintf' output between 14 and 77 bytes into a destination of size 64
  101 |         sprintf(buffer,"Turning OFF:%s\n",recived_buffer_debug);
      |         ^~~~~~~~~~~~~~~~~~~~~~~~~~~~~~~~~~~~~~~~~~~~~~~~~~~~~~~
../project/manager/managers_behavior/cnss_behavior.c:109:36: warning: '%s' directive writing up to 63 bytes into a region of size 53 [-Wformat-overflow=]
  109 |         sprintf(buffer,"Turning ON:%s\n",recived_buffer_debug);
      |                                    ^~    ~~~~~~~~~~~~~~~~~~~~
../project/manager/managers_behavior/cnss_behavior.c:109:9: note: 'sprintf' output between 13 and 76 bytes into a destination of size 64
  109 |         sprintf(buffer,"Turning ON:%s\n",recived_buffer_debug);
      |         ^~~~~~~~~~~~~~~~~~~~~~~~~~~~~~~~~~~~~~~~~~~~~~~~~~~~~~
../project/manager/managers_behavior/cnss_behavior.c: In function 'cnss_update':
../project/manager/managers_behavior/cnss_behavior.c:50:50: warning: '%s' directive writing up to 63 bytes into a region of size 49 [-Wformat-overflow=]
   50 |                 sprintf(buffer,"\r\nVerification:%s\r\n",recived_buffer_debug);
      |                                                  ^~      ~~~~~~~~~~~~~~~~~~~~
../project/manager/managers_behavior/cnss_behavior.c:50:17: note: 'sprintf' output between 18 and 81 bytes into a destination of size 64
   50 |                 sprintf(buffer,"\r\nVerification:%s\r\n",recived_buffer_debug);
      |                 ^~~~~~~~~~~~~~~~~~~~~~~~~~~~~~~~~~~~~~~~~~~~~~~~~~~~~~~~~~~~~~
arm-none-eabi-gcc "../project/manager/manager.c" -mcpu=cortex-m7 -std=gnu11 -g3 -DDEBUG -DCORE_CM7 -DUSE_HAL_DRIVER -DSTM32H755xx -DUSE_PWR_DIRECT_SMPS_SUPPLY -c -I../Core/Inc -I../../Drivers/STM32H7xx_HAL_Driver/Inc -I../../Drivers/STM32H7xx_HAL_Driver/Inc/Legacy -I../../Drivers/CMSIS/Device/ST/STM32H7xx/Include -I../../Drivers/CMSIS/Include -O0 -ffunction-sections -fdata-sections -Wall -fstack-usage -fcyclomatic-complexity -MMD -MP -MF"project/manager/manager.d" -MT"project/manager/manager.o" --specs=nano.specs -mfpu=fpv5-d16 -mfloat-abi=hard -mthumb -o "project/manager/manager.o"
arm-none-eabi-gcc "../project/at_commands_ST87M01.c" -mcpu=cortex-m7 -std=gnu11 -g3 -DDEBUG -DCORE_CM7 -DUSE_HAL_DRIVER -DSTM32H755xx -DUSE_PWR_DIRECT_SMPS_SUPPLY -c -I../Core/Inc -I../../Drivers/STM32H7xx_HAL_Driver/Inc -I../../Drivers/STM32H7xx_HAL_Driver/Inc/Legacy -I../../Drivers/CMSIS/Device/ST/STM32H7xx/Include -I../../Drivers/CMSIS/Include -O0 -ffunction-sections -fdata-sections -Wall -fstack-usage -fcyclomatic-complexity -MMD -MP -MF"project/at_commands_ST87M01.d" -MT"project/at_commands_ST87M01.o" --specs=nano.specs -mfpu=fpv5-d16 -mfloat-abi=hard -mthumb -o "project/at_commands_ST87M01.o"
arm-none-eabi-gcc "../project/package.c" -mcpu=cortex-m7 -std=gnu11 -g3 -DDEBUG -DCORE_CM7 -DUSE_HAL_DRIVER -DSTM32H755xx -DUSE_PWR_DIRECT_SMPS_SUPPLY -c -I../Core/Inc -I../../Drivers/STM32H7xx_HAL_Driver/Inc -I../../Drivers/STM32H7xx_HAL_Driver/Inc/Legacy -I../../Drivers/CMSIS/Device/ST/STM32H7xx/Include -I../../Drivers/CMSIS/Include -O0 -ffunction-sections -fdata-sections -Wall -fstack-usage -fcyclomatic-complexity -MMD -MP -MF"project/package.d" -MT"project/package.o" --specs=nano.specs -mfpu=fpv5-d16 -mfloat-abi=hard -mthumb -o "project/package.o"
../project/at_commands_ST87M01.c: In function 'at_set_baudrate':
../project/at_commands_ST87M01.c:11:9: warning: implicit declaration of function 'gnss_sendCommand' [-Wimplicit-function-declaration]
   11 |         gnss_sendCommand("\r\nAT+IPR=19200\r\n", COMMAND_GENERAL_DELAY, recived);
      |         ^~~~~~~~~~~~~~~~
../project/package.c: In function 'write_package_data':
../project/package.c:22:25: warning: array subscript has type 'char' [-Wchar-subscripts]
   22 |     return &package_data[package_data_index];
      |                         ^
../project/package.c: In function 'update_package_data':
../project/package.c:34:21: warning: array subscript has type 'char' [-Wchar-subscripts]
   34 |         package_data[package_data_index].packege_number++;
      |                     ^
../project/package.c:36:17: warning: array subscript has type 'char' [-Wchar-subscripts]
   36 |     package_data[package_data_index].packege_number++;
      |                 ^
arm-none-eabi-gcc "../Core/Src/main.c" -mcpu=cortex-m7 -std=gnu11 -g3 -DDEBUG -DCORE_CM7 -DUSE_HAL_DRIVER -DSTM32H755xx -DUSE_PWR_DIRECT_SMPS_SUPPLY -c -I../Core/Inc -I../../Drivers/STM32H7xx_HAL_Driver/Inc -I../../Drivers/STM32H7xx_HAL_Driver/Inc/Legacy -I../../Drivers/CMSIS/Device/ST/STM32H7xx/Include -I../../Drivers/CMSIS/Include -O0 -ffunction-sections -fdata-sections -Wall -fstack-usage -fcyclomatic-complexity -MMD -MP -MF"Core/Src/main.d" -MT"Core/Src/main.o" --specs=nano.specs -mfpu=fpv5-d16 -mfloat-abi=hard -mthumb -o "Core/Src/main.o"
../project/at_commands_ST87M01.c: In function 'at_echo_on':
../project/at_commands_ST87M01.c:16:9: warning: implicit declaration of function 'mobile_sendCommand' [-Wimplicit-function-declaration]
   16 |         mobile_sendCommand("\r\nATE1\r\n", COMMAND_GENERAL_DELAY, recived);
      |         ^~~~~~~~~~~~~~~~~~
../project/at_commands_ST87M01.c: In function 'at_set_at_gpio':
../project/at_commands_ST87M01.c:29:9: warning: implicit declaration of function 'fprintf' [-Wimplicit-function-declaration]
   29 |         fprintf(buffer,"\r\nAT@GPIOSET=%d,%d\r\n",gpio,state);
      |         ^~~~~~~
../project/at_commands_ST87M01.c:8:1: note: include '<stdio.h>' or provide a declaration of 'fprintf'
    7 | #include "at_commands_ST87M01.h"
  +++ |+#include <stdio.h>
    8 | 
../project/at_commands_ST87M01.c:29:9: warning: incompatible implicit declaration of built-in function 'fprintf' [-Wbuiltin-declaration-mismatch]
   29 |         fprintf(buffer,"\r\nAT@GPIOSET=%d,%d\r\n",gpio,state);
      |         ^~~~~~~
../project/at_commands_ST87M01.c:29:9: note: include '<stdio.h>' or provide a declaration of 'fprintf'
../project/at_commands_ST87M01.c: In function 'at_get_at_gpio':
../project/at_commands_ST87M01.c:36:9: warning: incompatible implicit declaration of built-in function 'fprintf' [-Wbuiltin-declaration-mismatch]
   36 |         fprintf(buffer,"\r\nAT@GPIOGET=%d\r\n",gpio);
      |         ^~~~~~~
../project/at_commands_ST87M01.c:36:9: note: include '<stdio.h>' or provide a declaration of 'fprintf'
../project/at_commands_ST87M01.c: In function 'at_ping':
../project/at_commands_ST87M01.c:116:9: warning: incompatible implicit declaration of built-in function 'fprintf' [-Wbuiltin-declaration-mismatch]
  116 |         fprintf(buffer,"\r\nAT%PINGCMD=0,%s,%d\r\n",MONGO_DB_IP,count);
      |         ^~~~~~~
../project/at_commands_ST87M01.c:116:9: note: include '<stdio.h>' or provide a declaration of 'fprintf'
../project/at_commands_ST87M01.c:116:32: warning: unknown conversion type character 'P' in format [-Wformat=]
  116 |         fprintf(buffer,"\r\nAT%PINGCMD=0,%s,%d\r\n",MONGO_DB_IP,count);
      |                                ^
../project/at_commands_ST87M01.c: In function 'at_set_apn':
../project/at_commands_ST87M01.c:128:9: warning: incompatible implicit declaration of built-in function 'fprintf' [-Wbuiltin-declaration-mismatch]
  128 |         fprintf(buffer,"\r\nAT+CSTT=\"%s\"\r\n",SIMBASE_APN);
      |         ^~~~~~~
../project/at_commands_ST87M01.c:128:9: note: include '<stdio.h>' or provide a declaration of 'fprintf'
../project/at_commands_ST87M01.c: In function 'at_lte_send':
../project/at_commands_ST87M01.c:170:9: warning: implicit declaration of function 'sprintf' [-Wimplicit-function-declaration]
  170 |         sprintf(buffer,"AT+HTTPPARA=\"URL\",\"%s%s\"",site,to_send);
      |         ^~~~~~~
../project/at_commands_ST87M01.c:170:9: note: include '<stdio.h>' or provide a declaration of 'sprintf'
../project/at_commands_ST87M01.c:170:9: warning: incompatible implicit declaration of built-in function 'sprintf' [-Wbuiltin-declaration-mismatch]
../project/at_commands_ST87M01.c:170:9: note: include '<stdio.h>' or provide a declaration of 'sprintf'
../project/at_commands_ST87M01.c: In function 'at_network_pdp_activate':
../project/at_commands_ST87M01.c:179:9: warning: incompatible implicit declaration of built-in function 'fprintf' [-Wbuiltin-declaration-mismatch]
  179 |         fprintf(buffer,"\r\nAT+CGDCONT=1,\"%s\",\"%s\"\r\n",MONGO_DB_PDP_TYPE,SIMBASE_APN);
      |         ^~~~~~~
../project/at_commands_ST87M01.c:179:9: note: include '<stdio.h>' or provide a declaration of 'fprintf'
../project/at_commands_ST87M01.c: In function 'at_nb_iot_send':
../project/at_commands_ST87M01.c:187:9: warning: incompatible implicit declaration of built-in function 'fprintf' [-Wbuiltin-declaration-mismatch]
  187 |         fprintf(buffer,"\r\nAT+NSOST=0,%s,%s,%d\r\n",MONGO_DB_IP,MONGO_DB_PORT,size);
      |         ^~~~~~~
../project/at_commands_ST87M01.c:187:9: note: include '<stdio.h>' or provide a declaration of 'fprintf'
../project/at_commands_ST87M01.c:187:44: warning: format '%s' expects argument of type 'char *', but argument 4 has type 'int' [-Wformat=]
  187 |         fprintf(buffer,"\r\nAT+NSOST=0,%s,%s,%d\r\n",MONGO_DB_IP,MONGO_DB_PORT,size);
      |                                           ~^
      |                                            |
      |                                            char *
      |                                           %d
../project/at_commands_ST87M01.c: At top level:
../project/at_commands_ST87M01.c:193:6: warning: conflicting types for 'mobile_sendCommand'; have 'void(char *, unsigned int,  char *)'
  193 | void mobile_sendCommand(char * command, unsigned int timeout, char * recived)
      |      ^~~~~~~~~~~~~~~~~~
../project/at_commands_ST87M01.c:16:9: note: previous implicit declaration of 'mobile_sendCommand' with type 'void(char *, unsigned int,  char *)'
   16 |         mobile_sendCommand("\r\nATE1\r\n", COMMAND_GENERAL_DELAY, recived);
      |         ^~~~~~~~~~~~~~~~~~
../project/at_commands_ST87M01.c: In function 'mobile_sendCommand':
../project/at_commands_ST87M01.c:195:58: warning: implicit declaration of function 'strlen' [-Wimplicit-function-declaration]
  195 |         HAL_UART_Transmit_IT(MOBILE_COMMS_UART, command, strlen(command));
      |                                                          ^~~~~~
../project/at_commands_ST87M01.c:8:1: note: include '<string.h>' or provide a declaration of 'strlen'
    7 | #include "at_commands_ST87M01.h"
  +++ |+#include <string.h>
    8 | 
../project/at_commands_ST87M01.c:195:58: warning: incompatible implicit declaration of built-in function 'strlen' [-Wbuiltin-declaration-mismatch]
  195 |         HAL_UART_Transmit_IT(MOBILE_COMMS_UART, command, strlen(command));
      |                                                          ^~~~~~
../project/at_commands_ST87M01.c:195:58: note: include '<string.h>' or provide a declaration of 'strlen'
../project/at_commands_ST87M01.c:195:49: warning: pointer targets in passing argument 2 of 'HAL_UART_Transmit_IT' differ in signedness [-Wpointer-sign]
  195 |         HAL_UART_Transmit_IT(MOBILE_COMMS_UART, command, strlen(command));
      |                                                 ^~~~~~~
      |                                                 |
      |                                                 char *
In file included from ../Core/Inc/stm32h7xx_hal_conf.h:462,
                 from ../../Drivers/STM32H7xx_HAL_Driver/Inc/stm32h7xx_hal.h:29,
                 from ../project/with_RTOS/../../Core/Inc/main.h:30,
                 from ../project/with_RTOS/task_header.h:13,
                 from ../project/at_commands_ST87M01.h:12,
                 from ../project/at_commands_ST87M01.c:7:
../../Drivers/STM32H7xx_HAL_Driver/Inc/stm32h7xx_hal_uart.h:1638:82: note: expected 'const uint8_t *' {aka 'const unsigned char *'} but argument is of type 'char *'
 1638 | HAL_StatusTypeDef HAL_UART_Transmit_IT(UART_HandleTypeDef *huart, const uint8_t *pData, uint16_t Size);
      |                                                                   ~~~~~~~~~~~~~~~^~~~~
../project/at_commands_ST87M01.c:197:48: warning: pointer targets in passing argument 2 of 'HAL_UART_Receive_IT' differ in signedness [-Wpointer-sign]
  197 |         HAL_UART_Receive_IT(MOBILE_COMMS_UART, recived, 32);
      |                                                ^~~~~~~
      |                                                |
      |                                                char *
../../Drivers/STM32H7xx_HAL_Driver/Inc/stm32h7xx_hal_uart.h:1639:75: note: expected 'uint8_t *' {aka 'unsigned char *'} but argument is of type 'char *'
 1639 | HAL_StatusTypeDef HAL_UART_Receive_IT(UART_HandleTypeDef *huart, uint8_t *pData, uint16_t Size);
      |                                                                  ~~~~~~~~~^~~~~
../project/at_commands_ST87M01.c: At top level:
../project/at_commands_ST87M01.c:200:6: warning: conflicting types for 'gnss_sendCommand'; have 'void(char *, unsigned int,  char *)'
  200 | void gnss_sendCommand(char * command, unsigned int timeout, char * recived)
      |      ^~~~~~~~~~~~~~~~
../project/at_commands_ST87M01.c:11:9: note: previous implicit declaration of 'gnss_sendCommand' with type 'void(char *, unsigned int,  char *)'
   11 |         gnss_sendCommand("\r\nAT+IPR=19200\r\n", COMMAND_GENERAL_DELAY, recived);
      |         ^~~~~~~~~~~~~~~~
../project/at_commands_ST87M01.c: In function 'gnss_sendCommand':
../project/at_commands_ST87M01.c:202:50: warning: incompatible implicit declaration of built-in function 'strlen' [-Wbuiltin-declaration-mismatch]
  202 |         HAL_UART_Transmit_IT(GNSS_UART, command, strlen(command));
      |                                                  ^~~~~~
../project/at_commands_ST87M01.c:202:50: note: include '<string.h>' or provide a declaration of 'strlen'
../project/at_commands_ST87M01.c:202:41: warning: pointer targets in passing argument 2 of 'HAL_UART_Transmit_IT' differ in signedness [-Wpointer-sign]
  202 |         HAL_UART_Transmit_IT(GNSS_UART, command, strlen(command));
      |                                         ^~~~~~~
      |                                         |
      |                                         char *
../../Drivers/STM32H7xx_HAL_Driver/Inc/stm32h7xx_hal_uart.h:1638:82: note: expected 'const uint8_t *' {aka 'const unsigned char *'} but argument is of type 'char *'
 1638 | HAL_StatusTypeDef HAL_UART_Transmit_IT(UART_HandleTypeDef *huart, const uint8_t *pData, uint16_t Size);
      |                                                                   ~~~~~~~~~~~~~~~^~~~~
../project/at_commands_ST87M01.c:204:40: warning: pointer targets in passing argument 2 of 'HAL_UART_Receive_IT' differ in signedness [-Wpointer-sign]
  204 |         HAL_UART_Receive_IT(GNSS_UART, recived, 32);
      |                                        ^~~~~~~
      |                                        |
      |                                        char *
../../Drivers/STM32H7xx_HAL_Driver/Inc/stm32h7xx_hal_uart.h:1639:75: note: expected 'uint8_t *' {aka 'unsigned char *'} but argument is of type 'char *'
 1639 | HAL_StatusTypeDef HAL_UART_Receive_IT(UART_HandleTypeDef *huart, uint8_t *pData, uint16_t Size);
      |                                                                  ~~~~~~~~~^~~~~
arm-none-eabi-gcc -o "geral_test_h755zi-q_CM7.elf" @"objects.list"   -mcpu=cortex-m7 -T"/home/viny/Desktop/pi_project/stm32project/5s_drifter/geral_test_h755zi-q/CM7/STM32H755ZITX_FLASH.ld" --specs=nosys.specs -Wl,-Map="geral_test_h755zi-q_CM7.map" -Wl,--gc-sections -static --specs=nano.specs -mfpu=fpv5-d16 -mfloat-abi=hard -mthumb -u _printf_float -u _scanf_float -Wl,--start-group -lc -lm -Wl,--end-group
Finished building target: geral_test_h755zi-q_CM7.elf
 
arm-none-eabi-size  geral_test_h755zi-q_CM7.elf 
arm-none-eabi-objdump -h -S geral_test_h755zi-q_CM7.elf  > "geral_test_h755zi-q_CM7.list"
   text	   data	    bss	    dec	    hex	filename
  64620	    472	  14632	  79724	  1376c	geral_test_h755zi-q_CM7.elf
Finished building: default.size.stdout
 
Finished building: geral_test_h755zi-q_CM7.list
 
