11:55:43 **** Incremental Build of configuration Debug for project geral_test_h755zi-q_CM7 ****
make -j12 all 
arm-none-eabi-gcc "../Core/Src/freertos.c" -mcpu=cortex-m7 -std=gnu11 -g3 -DDEBUG -DCORE_CM7 -DUSE_HAL_DRIVER -DSTM32H755xx -DUSE_PWR_DIRECT_SMPS_SUPPLY -c -I../Core/Inc -I../../Drivers/STM32H7xx_HAL_Driver/Inc -I../../Drivers/STM32H7xx_HAL_Driver/Inc/Legacy -I../../Drivers/CMSIS/Device/ST/STM32H7xx/Include -I../../Drivers/CMSIS/Include -I../../Middlewares/Third_Party/FreeRTOS/Source/include -I../../Middlewares/Third_Party/FreeRTOS/Source/CMSIS_RTOS_V2 -I../../Middlewares/Third_Party/FreeRTOS/Source/portable/GCC/ARM_CM4F -O0 -ffunction-sections -fdata-sections -Wall -fstack-usage -fcyclomatic-complexity -MMD -MP -MF"Core/Src/freertos.d" -MT"Core/Src/freertos.o" --specs=nano.specs -mfpu=fpv5-d16 -mfloat-abi=hard -mthumb -o "Core/Src/freertos.o"
arm-none-eabi-gcc -o "geral_test_h755zi-q_CM7.elf" @"objects.list"   -mcpu=cortex-m7 -T"/home/viny/Desktop/pi_project/stm32project/5s_drifter/geral_test_h755zi-q/CM7/STM32H755ZITX_FLASH.ld" --specs=nosys.specs -Wl,-Map="geral_test_h755zi-q_CM7.map" -Wl,--gc-sections -static --specs=nano.specs -mfpu=fpv5-d16 -mfloat-abi=hard -mthumb -Wl,--start-group -lc -lm -Wl,--end-group
Finished building target: geral_test_h755zi-q_CM7.elf
 
arm-none-eabi-size  geral_test_h755zi-q_CM7.elf 
arm-none-eabi-objdump -h -S geral_test_h755zi-q_CM7.elf  > "geral_test_h755zi-q_CM7.list"
   text	   data	    bss	    dec	    hex	filename
  19924	     20	  20364	  40308	   9d74	geral_test_h755zi-q_CM7.elf
Finished building: default.size.stdout
 
Finished building: geral_test_h755zi-q_CM7.list
 
