../project/one_wire/onewire.c:23:6:ONEWIRE_DELAY	16	static
../project/one_wire/onewire.c:28:6:ONEWIRE_LOW	16	static
../project/one_wire/onewire.c:32:6:ONEWIRE_HIGH	16	static
../project/one_wire/onewire.c:36:6:ONEWIRE_INPUT	40	static
../project/one_wire/onewire.c:45:6:ONEWIRE_OUTPUT	40	static
../project/one_wire/onewire.c:55:6:OneWire_Init	24	static
../project/one_wire/onewire.c:70:16:OneWire_Reset	24	static
../project/one_wire/onewire.c:91:13:OneWire_WriteBit	16	static
../project/one_wire/onewire.c:124:16:OneWire_ReadBit	24	static
../project/one_wire/onewire.c:150:6:OneWire_WriteByte	24	static
../project/one_wire/onewire.c:160:9:OneWire_ReadByte	24	static
../project/one_wire/onewire.c:170:9:OneWire_First	16	static
../project/one_wire/onewire.c:178:9:OneWire_Next	16	static
../project/one_wire/onewire.c:183:6:OneWire_ResetSearch	16	static
../project/one_wire/onewire.c:190:9:OneWire_Search	24	static
../project/one_wire/onewire.c:303:5:OneWire_Verify	48	static
../project/one_wire/onewire.c:343:6:OneWire_TargetSetup	24	static
../project/one_wire/onewire.c:357:6:OneWire_FamilySkipSetup	16	static
../project/one_wire/onewire.c:368:9:OneWire_GetROM	16	static
../project/one_wire/onewire.c:372:6:OneWire_Select	24	static
../project/one_wire/onewire.c:381:6:OneWire_SelectWithPointer	24	static
../project/one_wire/onewire.c:390:6:OneWire_GetFullROM	24	static
../project/one_wire/onewire.c:397:9:OneWire_CRC8	24	static
